<html>
<body>
<pre>
<h1>µVision Build Log</h1>
<h2>Project:</h2>
\\Vboxsvr\irim\ShenZhong\CWR_Shenzhong\Software\CWR1_SZ\USER\CWR_SZ.uvprojx
Project File Date:  04/02/2019

<h2>Output:</h2>
Build target 'CWR_SZ'
compiling robot.c...
..\HARDWARE\MOTOR\motor.h(75): warning:  #1-D: last line of file ends without a newline
  #endif
..\ROBOT\robot.h(62): warning:  #1-D: last line of file ends without a newline
  #endif
..\ROBOT\robot.c(13): warning:  #177-D: variable "kAutoMode" was declared but never referenced
  static const _Bool kAutoMode = 1;
..\ROBOT\robot.c: 3 warnings, 0 errors
linking...
Program Size: Code=37334 RO-data=1122 RW-data=512 ZI-data=79992  
FromELF: creating hex file...
"..\OBJ\cwr_sz.axf" - 0 Error(s), 3 Warning(s).
E\MOTOR\motor_ctrl.c(480): warning:  #1-D: last line of file ends without a newline
  }
..\HARDWARE\MOTOR\motor_ctrl.c: 5 warnings, 0 errors
compiling robot.c...
..\HARDWARE\MOTOR\motor.h(75): warning:  #1-D: last line of file ends without a newline
  #endif
..\ROBOT\robot.h(62): warning:  #1-D: last line of file ends without a newline
  #endif
..\ROBOT\robot.c(13): warning:  #177-D: variable "kAutoMode" was declared but never referenced
  static const _Bool kAutoMode = 1;
..\ROBOT\robot.c: 3 warnings, 0 errors
linking...
Program Size: Code=37314 RO-data=1122 RW-data=512 ZI-data=79992  
FromELF: creating hex file...
"..\OBJ\cwr_sz.axf" - 0 Error(s), 8 Warning(s).
.axf" - 6 Error(s), 3 Warning(s).
Target not created
\ROBOT\robot.c(176): error:  #167: argument of type "u32" is incompatible with parameter of type "const u32 *"
          MotorCtrlManual(motor, pid, cmd_speed, auto_dir);
..\ROBOT\robot.c(186): error:  #20: identifier "motor" is undefined
          MotorCtrlManual(motor, pid, &stop_speed, auto_dir);
..\ROBOT\robot.c(186): error:  #20: identifier "pid" is undefined
          MotorCtrlManual(motor, pid, &stop_speed, auto_dir);
..\ROBOT\robot.c(186): error:  #20: identifier "stop_speed" is undefined
          MotorCtrlManual(motor, pid, &stop_speed, auto_dir);
..\ROBOT\robot.c(13): warning:  #177-D: variable "kAutoMode" was declared but never referenced
  static const _Bool kAutoMode = 1;
..\ROBOT\robot.c: 3 warnings, 7 errors
"..\OBJ\cwr_sz.axf" - 7 Error(s), 8 Warning(s).
Target not created
bs" declared implicitly
    if (abs(cmd_speed - motor_feedback_speed) > 100) {
..\HARDWARE\MOTOR\motor_ctrl.c(460): warning:  #1-D: last line of file ends without a newline
  }
..\HARDWARE\MOTOR\motor_ctrl.c: 4 warnings, 0 errors
compiling timer13.c...
..\HARDWARE\MOTOR\motor.h(75): warning:  #1-D: last line of file ends without a newline
  #endif
..\HARDWARE\TIMER\timer13.c: 1 warning, 0 errors
compiling timer5.c...
..\HARDWARE\MOTOR\motor.h(75): warning:  #1-D: last line of file ends without a newline
  #endif
..\HARDWARE\TIMER\timer5.c(40): warning:  #1-D: last line of file ends without a newline
  }
..\HARDWARE\TIMER\timer5.c: 2 warnings, 0 errors
compiling robot.c...
..\HARDWARE\MOTOR\motor.h(75): warning:  #1-D: last line of file ends without a newline
  #endif
..\ROBOT\robot.h(62): warning:  #1-D: last line of file ends without a newline
  #endif
..\ROBOT\robot.c(88): error:  #513: a value of type "u8" cannot be assigned to an entity of type "u8 *"
      state = MotorCtrlAuto(&Motor[i], &PIDMotor[i], &cmd_speed, init_dir, cycle,
..\ROBOT\robot.c(104): error:  #120: return value type does not match the function type
    return state;
..\ROBOT\robot.c(122): warning:  #513-D: a value of type "u8 (*)(u32, bool, u8, u8 *)" cannot be assigned to an entity of type "robot_auto"
    r->Auto = RobotAuto;
..\ROBOT\robot.c(13): warning:  #177-D: variable "kAutoMode" was declared but never referenced
  static const _Bool kAutoMode = 1;
..\ROBOT\robot.c: 4 warnings, 2 errors
"..\OBJ\cwr_sz.axf" - 3 Error(s), 24 Warning(s).
Target not created
iling mbutils.c...
compiling FreeModbus.c...
..\FreeModbus\FreeModbus.c(171): warning:  #1-D: last line of file ends without a newline
  }
..\FreeModbus\FreeModbus.c: 1 warning, 0 errors
compiling PID.c...
compiling robot.c...
..\HARDWARE\MOTOR\motor.h(76): warning:  #1-D: last line of file ends without a newline
  #endif
..\ROBOT\robot.h(62): warning:  #1-D: last line of file ends without a newline
  #endif
..\ROBOT\robot.c(13): warning:  #177-D: variable "kAutoMode" was declared but never referenced
  static const _Bool kAutoMode = 1;
..\ROBOT\robot.c: 3 warnings, 0 errors
linking...
Program Size: Code=37248 RO-data=1144 RW-data=508 ZI-data=79996  
FromELF: creating hex file...
"..\OBJ\cwr_sz.axf" - 0 Error(s), 25 Warning(s).
