<html>
<body>
<pre>
<h1>µVision Build Log</h1>
<h2>Project:</h2>
\\Vboxsvr\irim\ShenZhong\CWR_Shenzhong\Software\CWR1_SZ\USER\CWR_SZ.uvprojx
Project File Date:  03/21/2019

<h2>Output:</h2>
Build target 'CWR_SZ'
compiling motor.c...
..\HARDWARE\MOTOR\motor.h(55): warning:  #1-D: last line of file ends without a newline
  #endif
..\HARDWARE\MOTOR\motor.c(376): warning:  #1-D: last line of file ends without a newline
  }
..\HARDWARE\MOTOR\motor.c: 2 warnings, 0 errors
compiling timer12.c...
..\HARDWARE\MOTOR\motor.h(55): warning:  #1-D: last line of file ends without a newline
  #endif
..\HARDWARE\TIMER\timer12.c: 1 warning, 0 errors
compiling timer5.c...
..\HARDWARE\MOTOR\motor.h(55): warning:  #1-D: last line of file ends without a newline
  #endif
..\HARDWARE\TIMER\timer5.c(39): warning:  #1-D: last line of file ends without a newline
  }
..\HARDWARE\TIMER\timer5.c: 2 warnings, 0 errors
linking...
Program Size: Code=38242 RO-data=1106 RW-data=1056 ZI-data=79144  
FromELF: creating hex file...
"..\OBJ\cwr_sz.axf" - 0 Error(s), 5 Warning(s).
ast line of file ends without a newline
  }
..\HARDWARE\MOTOR\motor.c: 2 warnings, 3 errors
compiling timer4.c...
..\HARDWARE\MOTOR\motor.h(55): warning:  #1-D: last line of file ends without a newline
  #endif
..\HARDWARE\TIMER\timer4.c(342): warning:  #1-D: last line of file ends without a newline
  }
..\HARDWARE\TIMER\timer4.c: 2 warnings, 0 errors
compiling timer12.c...
..\HARDWARE\MOTOR\motor.h(55): warning:  #1-D: last line of file ends without a newline
  #endif
..\HARDWARE\TIMER\timer12.c: 1 warning, 0 errors
compiling motor_ctrl.c...
..\HARDWARE\MOTOR\motor.h(55): warning:  #1-D: last line of file ends without a newline
  #endif
..\HARDWARE\MOTOR\motor_ctrl.c(17): warning:  #260-D: explicit type is missing ("int" assumed)
  static volatile motor_turn_this_time[MotorNum] = {0};
..\HARDWARE\MOTOR\motor_ctrl.c(18): warning:  #260-D: explicit type is missing ("int" assumed)
  static volatile motor_turn_last_time[MotorNum] = {0};
..\HARDWARE\MOTOR\motor_ctrl.c(109): warning:  #1-D: last line of file ends without a newline
  }
..\HARDWARE\MOTOR\motor_ctrl.c(109): warning:  #940-D: missing return statement at end of non-void function "DeltaTurnCalc"
  }
..\HARDWARE\MOTOR\motor_ctrl.c: 5 warnings, 0 errors
compiling timer13.c...
..\HARDWARE\MOTOR\motor.h(55): warning:  #1-D: last line of file ends without a newline
  #endif
..\HARDWARE\TIMER\timer13.c: 1 warning, 0 errors
compiling timer5.c...
..\HARDWARE\MOTOR\motor.h(55): warning:  #1-D: last line of file ends without a newline
  #endif
..\HARDWARE\TIMER\timer5.c(40): warning:  #1-D: last line of file ends without a newline
  }
..\HARDWARE\TIMER\timer5.c: 2 warnings, 0 errors
"..\OBJ\cwr_sz.axf" - 3 Error(s), 15 Warning(s).
Target not created
e is missing ("int" assumed)
  static volatile motor_turn_last_time[MotorNum] = {0};
..\HARDWARE\MOTOR\motor_ctrl.c(102): error:  #254: type name is not allowed
    for (u8 i = 0; i <= motor_num - 1; i++) {
..\HARDWARE\MOTOR\motor_ctrl.c(102): error:  #65: expected a ";"
    for (u8 i = 0; i <= motor_num - 1; i++) {
..\HARDWARE\MOTOR\motor_ctrl.c(102): error:  #20: identifier "i" is undefined
    for (u8 i = 0; i <= motor_num - 1; i++) {
..\HARDWARE\MOTOR\motor_ctrl.c(108): warning:  #1-D: last line of file ends without a newline
  }
..\HARDWARE\MOTOR\motor_ctrl.c(108): warning:  #940-D: missing return statement at end of non-void function "DeltaTurnCalc"
  }
..\HARDWARE\MOTOR\motor_ctrl.c: 5 warnings, 3 errors
compiling timer13.c...
..\HARDWARE\MOTOR\motor.h(55): warning:  #1-D: last line of file ends without a newline
  #endif
..\HARDWARE\TIMER\timer13.c: 1 warning, 0 errors
compiling timer5.c...
..\HARDWARE\MOTOR\motor.h(55): warning:  #1-D: last line of file ends without a newline
  #endif
..\HARDWARE\TIMER\timer5.c(40): warning:  #1-D: last line of file ends without a newline
  }
..\HARDWARE\TIMER\timer5.c: 2 warnings, 0 errors
"..\OBJ\cwr_sz.axf" - 4 Error(s), 23 Warning(s).
Target not created
OBJ\cwr_sz.axf" - 1 Error(s), 18 Warning(s).
Target not created
