<html>
<body>
<pre>
<h1>µVision Build Log</h1>
<h2>Project:</h2>
\\Vboxsvr\irim\ShenZhong\CWR_Shenzhong\Software\CWR1_SZ\USER\CWR_SZ.uvprojx
Project File Date:  03/22/2019

<h2>Output:</h2>
Build target 'CWR_SZ'
linking...
Program Size: Code=38270 RO-data=1106 RW-data=1056 ZI-data=79144  
FromELF: creating hex file...
"..\OBJ\cwr_sz.axf" - 0 Error(s), 0 Warning(s).
:  #1-D: last line of file ends without a newline
  }
..\HARDWARE\MOTOR\motor.c: 2 warnings, 0 errors
compiling motor_ctrl.c...
..\HARDWARE\MOTOR\motor.h(55): warning:  #1-D: last line of file ends without a newline
  #endif
..\HARDWARE\MOTOR\motor_ctrl.c(123): warning:  #1-D: last line of file ends without a newline
  }
..\HARDWARE\MOTOR\motor_ctrl.c(123): warning:  #940-D: missing return statement at end of non-void function "DeltaTurnCalc"
  }
..\HARDWARE\MOTOR\motor_ctrl.c: 3 warnings, 0 errors
linking...
Program Size: Code=38270 RO-data=1106 RW-data=1056 ZI-data=79144  
FromELF: creating hex file...
"..\OBJ\cwr_sz.axf" - 0 Error(s), 5 Warning(s).
..
..\HARDWARE\MOTOR\motor.h(55): warning:  #1-D: last line of file ends without a newline
  #endif
..\HARDWARE\TIMER\timer12.c: 1 warning, 0 errors
compiling motor_ctrl.c...
..\HARDWARE\MOTOR\motor.h(55): warning:  #1-D: last line of file ends without a newline
  #endif
..\HARDWARE\MOTOR\motor_ctrl.c(122): warning:  #1-D: last line of file ends without a newline
  }
..\HARDWARE\MOTOR\motor_ctrl.c(122): warning:  #940-D: missing return statement at end of non-void function "DeltaTurnCalc"
  }
..\HARDWARE\MOTOR\motor_ctrl.c: 3 warnings, 0 errors
compiling timer13.c...
..\HARDWARE\MOTOR\motor.h(55): warning:  #1-D: last line of file ends without a newline
  #endif
..\HARDWARE\TIMER\timer13.c: 1 warning, 0 errors
compiling timer5.c...
..\HARDWARE\MOTOR\motor.h(55): warning:  #1-D: last line of file ends without a newline
  #endif
..\HARDWARE\TIMER\timer5.c(39): warning:  #1-D: last line of file ends without a newline
  }
..\HARDWARE\TIMER\timer5.c: 2 warnings, 0 errors
linking...
Program Size: Code=38294 RO-data=1106 RW-data=1056 ZI-data=79144  
FromELF: creating hex file...
"..\OBJ\cwr_sz.axf" - 0 Error(s), 13 Warning(s).

..\HARDWARE\TIMER\timer5.c: 2 warnings, 0 errors
"..\OBJ\cwr_sz.axf" - 2 Error(s), 13 Warning(s).
Target not created
