<html>
<body>
<pre>
<h1>µVision Build Log</h1>
<h2>Project:</h2>
\\Vboxsvr\irim\ShenZhong\CWR_Shenzhong\Software\CWR1_SZ\USER\CWR_SZ.uvprojx
Project File Date:  04/17/2019

<h2>Output:</h2>
Build target 'CWR_SZ'
compiling main.c...
..\HARDWARE\MOTOR\Motor.h(75): warning:  #1-D: last line of file ends without a newline
  #endif
..\ROBOT\robot.h(66): warning:  #1-D: last line of file ends without a newline
  #endif
..\STATE\state.h(19): warning:  #1-D: last line of file ends without a newline
  #endif
main.c(86): warning:  #69-D: integer conversion resulted in truncation
  static const u8 kModbusRefreshRate = 500;
main.c(274): warning:  #1-D: last line of file ends without a newline
  }
main.c(87): warning:  #177-D: variable "kManualMode" was declared but never referenced
  static const _Bool kManualMode = 0;
main.c(88): warning:  #177-D: variable "kManualAuto" was declared but never referenced
  static const _Bool kManualAuto = 1;
main.c: 7 warnings, 0 errors
linking...
Program Size: Code=37402 RO-data=1134 RW-data=528 ZI-data=79992  
FromELF: creating hex file...
"..\OBJ\cwr_sz.axf" - 0 Error(s), 7 Warning(s).
last line of file ends without a newline
  #endif
..\ROBOT\robot.c(16): warning:  #260-D: explicit type is missing ("int" assumed)
  static const kManualEnable = 1;
..\ROBOT\robot.c(17): warning:  #260-D: explicit type is missing ("int" assumed)
  static const kManualDisable = 0;
..\ROBOT\robot.c(142): warning:  #177-D: variable "odom_temp" was declared but never referenced
    u32 motor_speed[MotorNum], odom_temp;
..\ROBOT\robot.c(14): warning:  #177-D: variable "kAutoMode" was declared but never referenced
  static const _Bool kAutoMode = 1;
..\ROBOT\robot.c: 6 warnings, 0 errors
linking...
Program Size: Code=37402 RO-data=1134 RW-data=528 ZI-data=79992  
FromELF: creating hex file...
"..\OBJ\cwr_sz.axf" - 0 Error(s), 13 Warning(s).
motor_ctrl.c(238): warning:  #223-D: function "abs" declared implicitly
    if (abs(cmd_speed - motor_feedback_speed) > 100) {
..\HARDWARE\MOTOR\motor_ctrl.c(342): warning:  #1-D: last line of file ends without a newline
  }
..\HARDWARE\MOTOR\motor_ctrl.c(87): warning:  #177-D: variable "kMotorNormal" was declared but never referenced
  static const u8 kMotorNormal = 0;
..\HARDWARE\MOTOR\motor_ctrl.c: 6 warnings, 0 errors
compiling FreeModbus.c...
..\FreeModbus\FreeModbus.c(171): warning:  #1-D: last line of file ends without a newline
  }
..\FreeModbus\FreeModbus.c: 1 warning, 0 errors
compiling robot.c...
..\HARDWARE\MOTOR\motor.h(75): warning:  #1-D: last line of file ends without a newline
  #endif
..\ROBOT\robot.h(66): warning:  #1-D: last line of file ends without a newline
  #endif
..\ROBOT\robot.c(16): warning:  #260-D: explicit type is missing ("int" assumed)
  static const kManualEnable = 1;
..\ROBOT\robot.c(17): warning:  #260-D: explicit type is missing ("int" assumed)
  static const kManualDisable = 0;
..\ROBOT\robot.c(142): warning:  #177-D: variable "odom_temp" was declared but never referenced
    u32 motor_speed[MotorNum], odom_temp;
..\ROBOT\robot.c(14): warning:  #177-D: variable "kAutoMode" was declared but never referenced
  static const _Bool kAutoMode = 1;
..\ROBOT\robot.c: 6 warnings, 0 errors
linking...
Program Size: Code=37406 RO-data=1134 RW-data=528 ZI-data=79992  
FromELF: creating hex file...
"..\OBJ\cwr_sz.axf" - 0 Error(s), 23 Warning(s).
