<html>
<body>
<pre>
<h1>µVision Build Log</h1>
<h2>Project:</h2>
\\Vboxsvr\irim\ShenZhong\CWR_Shenzhong\Software\CWR1_SZ\USER\CWR_SZ.uvprojx
Project File Date:  03/22/2019

<h2>Output:</h2>
Build target 'CWR_SZ'
compiling main.c...
..\HARDWARE\MOTOR\Motor.h(55): warning:  #1-D: last line of file ends without a newline
  #endif
..\ROBOT\robot.h(28): warning:  #1-D: last line of file ends without a newline
  #endif
main.c(127): warning:  #177-D: function "CAN_task" was declared but never referenced
  static void CAN_task(void* pvParameters) {
main.c: 3 warnings, 0 errors
linking...
Program Size: Code=38310 RO-data=1106 RW-data=1056 ZI-data=79144  
FromELF: creating hex file...
"..\OBJ\cwr_sz.axf" - 0 Error(s), 3 Warning(s).
without a newline
  #endif
..\ROBOT\robot.c(10): warning:  #1-D: last line of file ends without a newline
  }
..\ROBOT\robot.c: 2 warnings, 0 errors
"..\OBJ\cwr_sz.axf" - 1 Error(s), 5 Warning(s).
Target not created
ctive is missing
  #ifndef _ROBOT_H_
..\ROBOT\robot.c(10): warning:  #1-D: last line of file ends without a newline
  }
..\ROBOT\robot.c: 2 warnings, 1 error
"..\OBJ\cwr_sz.axf" - 3 Error(s), 5 Warning(s).
Target not created
ng(s).
Target not created
st line of file ends without a newline
  #endif
..\HARDWARE\MOTOR\motor.c(377): warning:  #1-D: last line of file ends without a newline
  }
..\HARDWARE\MOTOR\motor.c: 2 warnings, 0 errors
compiling can.c...
compiling timer4.c...
..\HARDWARE\MOTOR\motor.h(55): warning:  #1-D: last line of file ends without a newline
  #endif
..\HARDWARE\TIMER\timer4.c(342): warning:  #1-D: last line of file ends without a newline
  }
..\HARDWARE\TIMER\timer4.c: 2 warnings, 0 errors
compiling timer12.c...
..\HARDWARE\MOTOR\motor.h(55): warning:  #1-D: last line of file ends without a newline
  #endif
..\HARDWARE\TIMER\timer12.c: 1 warning, 0 errors
compiling motor_ctrl.c...
..\HARDWARE\MOTOR\motor.h(55): warning:  #1-D: last line of file ends without a newline
  #endif
..\HARDWARE\MOTOR\motor_ctrl.c(123): warning:  #1-D: last line of file ends without a newline
  }
..\HARDWARE\MOTOR\motor_ctrl.c(123): warning:  #940-D: missing return statement at end of non-void function "DeltaTurnCalc"
  }
..\HARDWARE\MOTOR\motor_ctrl.c: 3 warnings, 0 errors
compiling timer13.c...
..\HARDWARE\MOTOR\motor.h(55): warning:  #1-D: last line of file ends without a newline
  #endif
..\HARDWARE\TIMER\timer13.c: 1 warning, 0 errors
compiling timer5.c...
..\HARDWARE\MOTOR\motor.h(55): warning:  #1-D: last line of file ends without a newline
  #endif
..\HARDWARE\TIMER\timer5.c(39): warning:  #1-D: last line of file ends without a newline
  }
..\HARDWARE\TIMER\timer5.c: 2 warnings, 0 errors
compiling croutine.c...
compiling event_groups.c...
compiling list.c...
compiling queue.c...
compiling tasks.c...
compiling timers.c...
compiling port.c...
compiling heap_4.c...
compiling portevent.c...
compiling portserial.c...
compiling porttimer.c...
compiling mb.c...
compiling mbcrc.c...
compiling mbrtu.c...
..\FreeModbus\modbus\rtu\mbrtu.c(392): warning:  #1-D: last line of file ends without a newline
  }
..\FreeModbus\modbus\rtu\mbrtu.c: 1 warning, 0 errors
compiling mbascii.c...
compiling mbfunccoils.c...
compiling mbfuncdiag.c...
compiling mbfuncdisc.c...
compiling mbfuncholding.c...
compiling mbfuncinput.c...
compiling mbfuncother.c...
compiling mbutils.c...
compiling FreeModbus.c...
..\FreeModbus\FreeModbus.c(171): warning:  #1-D: last line of file ends without a newline
  }
..\FreeModbus\FreeModbus.c: 1 warning, 0 errors
compiling PID.c...
compiling robot.c...
..\ROBOT\robot.h(19): error:  #20: identifier "robot" is undefined
  void robot_new(robot *r);
..\ROBOT\robot.h(7): error:  #37: the #endif for this directive is missing
  #ifndef _ROBOT_H_
..\ROBOT\robot.c(10): warning:  #1-D: last line of file ends without a newline
  }
..\ROBOT\robot.c: 1 warning, 2 errors
"..\OBJ\cwr_sz.axf" - 5 Error(s), 16 Warning(s).
Target not created
