<html>
<body>
<pre>
<h1>µVision Build Log</h1>
<h2>Project:</h2>
\\Vboxsvr\irim\ShenZhong\CWR_Shenzhong\Software\CWR1_SZ\USER\CWR_SZ.uvprojx
Project File Date:  04/25/2019

<h2>Output:</h2>
Build target 'CWR_SZ'
linking...
Program Size: Code=39514 RO-data=1134 RW-data=532 ZI-data=79996  
FromELF: creating hex file...
"..\OBJ\cwr_sz.axf" - 0 Error(s), 0 Warning(s).
ast line of file ends without a newline
  #endif
..\STATE\state.h(19): warning:  #1-D: last line of file ends without a newline
  #endif
main.c(298): warning:  #1-D: last line of file ends without a newline
  }
main.c(85): warning:  #177-D: variable "kManualMode" was declared but never referenced
  static const _Bool kManualMode = 0;
main.c(86): warning:  #177-D: variable "kManualAuto" was declared but never referenced
  static const _Bool kManualAuto = 1;
main.c: 6 warnings, 0 errors
compiling stm32f4xx_it.c...
compiling system_stm32f4xx.c...
compiling misc.c...
compiling stm32f4xx_gpio.c...
compiling stm32f4xx_rcc.c...
compiling stm32f4xx_syscfg.c...
compiling stm32f4xx_usart.c...
compiling stm32f4xx_tim.c...
compiling stm32f4xx_can.c...
compiling stm32f4xx_exti.c...
compiling stm32f4xx_adc.c...
compiling stm32f4xx_flash.c...
compiling delay.c...
compiling sys.c...
compiling led.c...
compiling motor.c...
..\HARDWARE\MOTOR\motor.h(75): warning:  #1-D: last line of file ends without a newline
  #endif
..\HARDWARE\MOTOR\motor.c(476): warning:  #1-D: last line of file ends without a newline
  }
..\HARDWARE\MOTOR\motor.c: 2 warnings, 0 errors
compiling can.c...
compiling timer4.c...
..\HARDWARE\MOTOR\motor.h(75): warning:  #1-D: last line of file ends without a newline
  #endif
..\HARDWARE\TIMER\timer4.c(39): warning:  #1-D: last line of file ends without a newline
  }
..\HARDWARE\TIMER\timer4.c: 2 warnings, 0 errors
compiling timer12.c...
..\HARDWARE\MOTOR\motor.h(75): warning:  #1-D: last line of file ends without a newline
  #endif
..\HARDWARE\TIMER\timer12.c: 1 warning, 0 errors
compiling motor_ctrl.c...
..\HARDWARE\MOTOR\motor.h(75): warning:  #1-D: last line of file ends without a newline
  #endif
..\HARDWARE\MOTOR\motor_ctrl.c(202): warning:  #940-D: missing return statement at end of non-void function "MotorCtrlAuto"
                   const u32 *cmd_speed, _Bool init_dir, u8 cycle, u8 *state) {}
..\HARDWARE\MOTOR\motor_ctrl.c(252): warning:  #940-D: missing return statement at end of non-void function "DeltaTurnCalc"
  }
..\HARDWARE\MOTOR\motor_ctrl.c(258): warning:  #223-D: function "abs" declared implicitly
    if (abs(cmd_speed - motor_feedback_speed) > 100)
..\HARDWARE\MOTOR\motor_ctrl.c(395): warning:  #1-D: last line of file ends without a newline
  }
..\HARDWARE\MOTOR\motor_ctrl.c(88): warning:  #177-D: variable "kMotorNormal" was declared but never referenced
  static const u8 kMotorNormal = 0;
..\HARDWARE\MOTOR\motor_ctrl.c(89): warning:  #177-D: variable "kMotorStall" was declared but never referenced
  static const u8 kMotorStall = 1;
..\HARDWARE\MOTOR\motor_ctrl.c: 7 warnings, 0 errors
compiling timer13.c...
compiling timer5.c...
..\HARDWARE\MOTOR\motor.h(75): warning:  #1-D: last line of file ends without a newline
  #endif
..\HARDWARE\TIMER\timer5.c(40): warning:  #1-D: last line of file ends without a newline
  }
..\HARDWARE\TIMER\timer5.c: 2 warnings, 0 errors
compiling adc.c...
compiling croutine.c...
compiling event_groups.c...
compiling list.c...
compiling queue.c...
compiling tasks.c...
compiling timers.c...
compiling port.c...
compiling heap_4.c...
compiling portevent.c...
compiling portserial.c...
compiling porttimer.c...
compiling mb.c...
compiling mbcrc.c...
compiling mbrtu.c...
..\FreeModbus\modbus\rtu\mbrtu.c(392): warning:  #1-D: last line of file ends without a newline
  }
..\FreeModbus\modbus\rtu\mbrtu.c: 1 warning, 0 errors
compiling mbascii.c...
compiling mbfunccoils.c...
compiling mbfuncdisc.c...
compiling mbfuncholding.c...
compiling mbfuncinput.c...
compiling mbfuncother.c...
compiling mbutils.c...
compiling FreeModbus.c...
..\FreeModbus\FreeModbus.c(171): warning:  #1-D: last line of file ends without a newline
  }
..\FreeModbus\FreeModbus.c: 1 warning, 0 errors
compiling PID.c...
compiling robot.c...
..\HARDWARE\MOTOR\motor.h(75): warning:  #1-D: last line of file ends without a newline
  #endif
..\ROBOT\robot.h(67): warning:  #1-D: last line of file ends without a newline
  #endif
..\ROBOT\robot.c(17): warning:  #260-D: explicit type is missing ("int" assumed)
  static const kManualEnable = 1;
..\ROBOT\robot.c(18): warning:  #260-D: explicit type is missing ("int" assumed)
  static const kManualDisable = 0;
..\ROBOT\robot.c(160): warning:  #177-D: variable "odom_temp" was declared but never referenced
    u32 motor_speed[MotorNum], odom_temp;
..\ROBOT\robot.c(15): warning:  #177-D: variable "kAutoMode" was declared but never referenced
  static const _Bool kAutoMode = 1;
..\ROBOT\robot.c(26): warning:  #177-D: variable "flashe_clear" was declared but never referenced
  static const u32 flashe_clear = 0;
..\ROBOT\robot.c: 7 warnings, 0 errors
compiling state.c...
..\HARDWARE\MOTOR\motor.h(75): warning:  #1-D: last line of file ends without a newline
  #endif
..\ROBOT\robot.h(67): warning:  #1-D: last line of file ends without a newline
  #endif
..\STATE\state.h(19): warning:  #1-D: last line of file ends without a newline
  #endif
..\STATE\state.c: 3 warnings, 0 errors
compiling stmflash.c...
linking...
Program Size: Code=39514 RO-data=1134 RW-data=532 ZI-data=79996  
FromELF: creating hex file...
"..\OBJ\cwr_sz.axf" - 0 Error(s), 32 Warning(s).
