<html>
<body>
<pre>
<h1>µVision Build Log</h1>
<h2>Project:</h2>
\\Vboxsvr\irim\ShenZhong\CWR_Shenzhong\Software\CWR1_SZ\USER\CWR_SZ.uvprojx
Project File Date:  04/02/2019

<h2>Output:</h2>
Build target 'CWR_SZ'
compiling motor_ctrl.c...
..\HARDWARE\MOTOR\motor.h(75): warning:  #1-D: last line of file ends without a newline
  #endif
..\HARDWARE\MOTOR\motor_ctrl.c(193): warning:  #940-D: missing return statement at end of non-void function "MotorCtrlAuto"
                   const u32 *cmd_speed, _Bool init_dir, u8 cycle, u8 *state) {}
..\HARDWARE\MOTOR\motor_ctrl.c(236): warning:  #940-D: missing return statement at end of non-void function "DeltaTurnCalc"
  }
..\HARDWARE\MOTOR\motor_ctrl.c(241): warning:  #223-D: function "abs" declared implicitly
    if (abs(cmd_speed - motor_feedback_speed) > 100) {
..\HARDWARE\MOTOR\motor_ctrl.c(412): warning:  #1-D: last line of file ends without a newline
  }
..\HARDWARE\MOTOR\motor_ctrl.c(85): warning:  #177-D: variable "kMotorNormal" was declared but never referenced
  static const u8 kMotorNormal = 0;
..\HARDWARE\MOTOR\motor_ctrl.c: 6 warnings, 0 errors
linking...
Program Size: Code=37406 RO-data=1122 RW-data=512 ZI-data=79992  
FromELF: creating hex file...
"..\OBJ\cwr_sz.axf" - 0 Error(s), 6 Warning(s).
g:  #1-D: last line of file ends without a newline
  }
..\HARDWARE\MOTOR\motor.c: 3 warnings, 0 errors
compiling timer4.c...
..\HARDWARE\MOTOR\motor.h(75): warning:  #1-D: last line of file ends without a newline
  #endif
..\HARDWARE\TIMER\timer4.c(39): warning:  #1-D: last line of file ends without a newline
  }
..\HARDWARE\TIMER\timer4.c: 2 warnings, 0 errors
compiling timer12.c...
..\HARDWARE\MOTOR\motor.h(75): warning:  #1-D: last line of file ends without a newline
  #endif
..\HARDWARE\TIMER\timer12.c: 1 warning, 0 errors
compiling motor_ctrl.c...
..\HARDWARE\MOTOR\motor.h(75): warning:  #1-D: last line of file ends without a newline
  #endif
..\HARDWARE\MOTOR\motor_ctrl.c(193): warning:  #940-D: missing return statement at end of non-void function "MotorCtrlAuto"
                   const u32 *cmd_speed, _Bool init_dir, u8 cycle, u8 *state) {}
..\HARDWARE\MOTOR\motor_ctrl.c(236): warning:  #940-D: missing return statement at end of non-void function "DeltaTurnCalc"
  }
..\HARDWARE\MOTOR\motor_ctrl.c(241): warning:  #223-D: function "abs" declared implicitly
    if (abs(cmd_speed - motor_feedback_speed) > 100) {
..\HARDWARE\MOTOR\motor_ctrl.c(410): warning:  #1-D: last line of file ends without a newline
  }
..\HARDWARE\MOTOR\motor_ctrl.c(85): warning:  #177-D: variable "kMotorNormal" was declared but never referenced
  static const u8 kMotorNormal = 0;
..\HARDWARE\MOTOR\motor_ctrl.c: 6 warnings, 0 errors
compiling timer13.c...
..\HARDWARE\MOTOR\motor.h(75): warning:  #1-D: last line of file ends without a newline
  #endif
..\HARDWARE\TIMER\timer13.c: 1 warning, 0 errors
compiling timer5.c...
..\HARDWARE\MOTOR\motor.h(75): warning:  #1-D: last line of file ends without a newline
  #endif
..\HARDWARE\TIMER\timer5.c(40): warning:  #1-D: last line of file ends without a newline
  }
..\HARDWARE\TIMER\timer5.c: 2 warnings, 0 errors
compiling robot.c...
..\HARDWARE\MOTOR\motor.h(75): warning:  #1-D: last line of file ends without a newline
  #endif
..\ROBOT\robot.h(62): warning:  #1-D: last line of file ends without a newline
  #endif
..\ROBOT\robot.c(13): warning:  #177-D: variable "kAutoMode" was declared but never referenced
  static const _Bool kAutoMode = 1;
..\ROBOT\robot.c(89): warning:  #177-D: variable "kMotorStall" was declared but never referenced
  static const u8 kMotorStall = 7;
..\ROBOT\robot.c: 4 warnings, 0 errors
linking...
Program Size: Code=37398 RO-data=1122 RW-data=512 ZI-data=79992  
FromELF: creating hex file...
"..\OBJ\cwr_sz.axf" - 0 Error(s), 26 Warning(s).
s), 24 Warning(s).
Target not created
iling mbutils.c...
compiling FreeModbus.c...
..\FreeModbus\FreeModbus.c(171): warning:  #1-D: last line of file ends without a newline
  }
..\FreeModbus\FreeModbus.c: 1 warning, 0 errors
compiling PID.c...
compiling robot.c...
..\HARDWARE\MOTOR\motor.h(76): warning:  #1-D: last line of file ends without a newline
  #endif
..\ROBOT\robot.h(62): warning:  #1-D: last line of file ends without a newline
  #endif
..\ROBOT\robot.c(13): warning:  #177-D: variable "kAutoMode" was declared but never referenced
  static const _Bool kAutoMode = 1;
..\ROBOT\robot.c: 3 warnings, 0 errors
linking...
Program Size: Code=37248 RO-data=1144 RW-data=508 ZI-data=79996  
FromELF: creating hex file...
"..\OBJ\cwr_sz.axf" - 0 Error(s), 25 Warning(s).
