<html>
<body>
<pre>
<h1>µVision Build Log</h1>
<h2>Project:</h2>
\\Vboxsvr\irim\ShenZhong\CWR_Shenzhong\Software\CWR1_SZ\USER\CWR_SZ.uvprojx
Project File Date:  03/29/2019

<h2>Output:</h2>
Build target 'CWR_SZ'
compiling main.c...
..\HARDWARE\MOTOR\Motor.h(69): warning:  #1-D: last line of file ends without a newline
  #endif
..\ROBOT\robot.h(57): warning:  #1-D: last line of file ends without a newline
  #endif
main.c(152): warning:  #177-D: variable "cycle" was declared but never referenced
    u16 cycle;
main.c(153): warning:  #177-D: variable "dir" was declared but never referenced
    u8 dir = 1;
main.c(154): warning:  #177-D: variable "mode" was declared but never referenced
    _Bool mode = 0;
main.c(199): warning:  #177-D: function "Motor_task" was declared but never referenced
  static void Motor_task(void* pvParameters) {
main.c: 6 warnings, 0 errors
compiling motor_ctrl.c...
..\HARDWARE\MOTOR\motor.h(69): warning:  #1-D: last line of file ends without a newline
  #endif
..\HARDWARE\MOTOR\motor_ctrl.c(82): warning:  #186-D: pointless comparison of unsigned integer with zero
        if (stop_counter < kStopTime) {
..\HARDWARE\MOTOR\motor_ctrl.c(146): warning:  #177-D: variable "state" was declared but never referenced
    u8 state;
..\HARDWARE\MOTOR\motor_ctrl.c(212): warning:  #940-D: missing return statement at end of non-void function "DeltaTurnCalc"
  }
..\HARDWARE\MOTOR\motor_ctrl.c(216): warning:  #223-D: function "abs" declared implicitly
    if (abs(cmd_speed - motor_feedback_speed) > 100) {
..\HARDWARE\MOTOR\motor_ctrl.c(228): warning:  #1-D: last line of file ends without a newline
  }
..\HARDWARE\MOTOR\motor_ctrl.c: 6 warnings, 0 errors
compiling robot.c...
..\HARDWARE\MOTOR\motor.h(69): warning:  #1-D: last line of file ends without a newline
  #endif
..\ROBOT\robot.h(57): warning:  #1-D: last line of file ends without a newline
  #endif
..\ROBOT\robot.c(92): warning:  #1-D: last line of file ends without a newline
  }
..\ROBOT\robot.c(13): warning:  #177-D: variable "kAutoMode" was declared but never referenced
  static const _Bool kAutoMode = 1;
..\ROBOT\robot.c: 4 warnings, 0 errors
linking...
Program Size: Code=36578 RO-data=1106 RW-data=1004 ZI-data=79484  
FromELF: creating hex file...
"..\OBJ\cwr_sz.axf" - 0 Error(s), 16 Warning(s).
