<html>
<body>
<pre>
<h1>µVision Build Log</h1>
<h2>Project:</h2>
\\Vboxsvr\irim\ShenZhong\CWR_Shenzhong\Software\CWR1_SZ\USER\CWR_SZ.uvprojx
Project File Date:  03/27/2019

<h2>Output:</h2>
Build target 'CWR_SZ'
compiling motor.c...
..\HARDWARE\MOTOR\motor.h(68): warning:  #1-D: last line of file ends without a newline
  #endif
..\HARDWARE\MOTOR\motor.c(440): warning:  #1-D: last line of file ends without a newline
  }
..\HARDWARE\MOTOR\motor.c: 2 warnings, 0 errors
compiling robot.c...
..\HARDWARE\MOTOR\motor.h(68): warning:  #1-D: last line of file ends without a newline
  #endif
..\ROBOT\robot.h(56): warning:  #1-D: last line of file ends without a newline
  #endif
..\ROBOT\robot.c(61): warning:  #177-D: variable "odometer" was declared but never referenced
    u8 i, odometer;
..\ROBOT\robot.c(93): warning:  #1-D: last line of file ends without a newline
  }
..\ROBOT\robot.c(13): warning:  #177-D: variable "kAutoMode" was declared but never referenced
  static const _Bool kAutoMode = 1;
..\ROBOT\robot.c: 5 warnings, 0 errors
linking...
Program Size: Code=36274 RO-data=1106 RW-data=984 ZI-data=79480  
FromELF: creating hex file...
"..\OBJ\cwr_sz.axf" - 0 Error(s), 7 Warning(s).

..\HARDWARE\MOTOR\motor_ctrl.c(202): warning:  #1-D: last line of file ends without a newline
  }
..\HARDWARE\MOTOR\motor_ctrl.c(202): warning:  #940-D: missing return statement at end of non-void function "DeltaTurnCalc"
  }
..\HARDWARE\MOTOR\motor_ctrl.c: 5 warnings, 3 errors
"..\OBJ\cwr_sz.axf" - 3 Error(s), 5 Warning(s).
Target not created
arning, 0 errors
compiling motor_ctrl.c...
..\HARDWARE\MOTOR\motor.h(68): warning:  #1-D: last line of file ends without a newline
  #endif
..\HARDWARE\MOTOR\motor_ctrl.c(57): warning:  #223-D: function "abs" declared implicitly
    if (abs(cmd_speed - motor->MotorSpeed_mmps) > 100) {
..\HARDWARE\MOTOR\motor_ctrl.c(43): warning:  #177-D: variable "dir_last_time" was declared but never referenced
    int8_t dir_last_time,dir_this_time;
..\HARDWARE\MOTOR\motor_ctrl.c(43): warning:  #550-D: variable "dir_this_time" was set but never used
    int8_t dir_last_time,dir_this_time;
..\HARDWARE\MOTOR\motor_ctrl.c(171): warning:  #1-D: last line of file ends without a newline
  }
..\HARDWARE\MOTOR\motor_ctrl.c(171): warning:  #940-D: missing return statement at end of non-void function "DeltaTurnCalc"
  }
..\HARDWARE\MOTOR\motor_ctrl.c: 6 warnings, 0 errors
compiling timer13.c...
..\HARDWARE\MOTOR\motor.h(68): warning:  #1-D: last line of file ends without a newline
  #endif
..\HARDWARE\TIMER\timer13.c: 1 warning, 0 errors
compiling timer5.c...
..\HARDWARE\MOTOR\motor.h(68): warning:  #1-D: last line of file ends without a newline
  #endif
..\HARDWARE\TIMER\timer5.c(40): warning:  #1-D: last line of file ends without a newline
  }
..\HARDWARE\TIMER\timer5.c: 2 warnings, 0 errors
compiling robot.c...
..\HARDWARE\MOTOR\motor.h(68): warning:  #1-D: last line of file ends without a newline
  #endif
..\ROBOT\robot.h(56): warning:  #1-D: last line of file ends without a newline
  #endif
..\ROBOT\robot.c(61): warning:  #177-D: variable "odometer" was declared but never referenced
    u8 i, odometer;
..\ROBOT\robot.c(93): warning:  #1-D: last line of file ends without a newline
  }
..\ROBOT\robot.c(13): warning:  #177-D: variable "kAutoMode" was declared but never referenced
  static const _Bool kAutoMode = 1;
..\ROBOT\robot.c: 5 warnings, 0 errors
linking...
Program Size: Code=36090 RO-data=1106 RW-data=980 ZI-data=79484  
FromELF: creating hex file...
"..\OBJ\cwr_sz.axf" - 0 Error(s), 25 Warning(s).
d but never referenced
  static const _Bool kAutoMode = 1;
..\ROBOT\robot.c: 5 warnings, 1 error
"..\OBJ\cwr_sz.axf" - 2 Error(s), 25 Warning(s).
Target not created
lowed
    for (u8 i = 0; i < MotorNum; ++i) {
..\ROBOT\robot.c(55): error:  #65: expected a ";"
    for (u8 i = 0; i < MotorNum; ++i) {
..\ROBOT\robot.c(57): error:  #20: identifier "usRegHoldingBuf" is undefined
      usRegHoldingBuf[i + 3] = Motor[i].MotorSpeed_mmps;
..\ROBOT\robot.c(61): error:  #20: identifier "usRegHoldingBuf" is undefined
    usRegHoldingBuf[12] = Motor1.PWM;
..\ROBOT\robot.c(61): error:  #20: identifier "Motor1" is undefined
    usRegHoldingBuf[12] = Motor1.PWM;
..\ROBOT\robot.c(70): warning:  #1-D: last line of file ends without a newline
  }
..\ROBOT\robot.c: 5 warnings, 8 errors
"..\OBJ\cwr_sz.axf" - 14 Error(s), 21 Warning(s).
Target not created
ue.c...
compiling tasks.c...
compiling timers.c...
compiling port.c...
compiling heap_4.c...
compiling portevent.c...
compiling portserial.c...
compiling porttimer.c...
compiling mb.c...
compiling mbcrc.c...
compiling mbrtu.c...
..\FreeModbus\modbus\rtu\mbrtu.c(392): warning:  #1-D: last line of file ends without a newline
  }
..\FreeModbus\modbus\rtu\mbrtu.c: 1 warning, 0 errors
compiling mbascii.c...
compiling mbfunccoils.c...
compiling mbfuncdiag.c...
compiling mbfuncdisc.c...
compiling mbfuncholding.c...
compiling mbfuncinput.c...
compiling mbfuncother.c...
compiling mbutils.c...
compiling FreeModbus.c...
..\FreeModbus\FreeModbus.c(171): warning:  #1-D: last line of file ends without a newline
  }
..\FreeModbus\FreeModbus.c: 1 warning, 0 errors
compiling PID.c...
"..\OBJ\cwr_sz.axf" - 15 Error(s), 18 Warning(s).
Target not created
