<html>
<body>
<pre>
<h1>µVision Build Log</h1>
<h2>Project:</h2>
\\Vboxsvr\irim\ShenZhong\CWR_Shenzhong\Software\CWR1_SZ\USER\CWR_SZ.uvprojx
Project File Date:  03/27/2019

<h2>Output:</h2>
Build target 'CWR_SZ'
compiling main.c...
..\HARDWARE\MOTOR\Motor.h(59): warning:  #1-D: last line of file ends without a newline
  #endif
..\ROBOT\robot.h(41): warning:  #1-D: last line of file ends without a newline
  #endif
main.c: 2 warnings, 0 errors
compiling motor.c...
..\HARDWARE\MOTOR\motor.h(59): warning:  #1-D: last line of file ends without a newline
  #endif
..\HARDWARE\MOTOR\motor.c(396): warning:  #1-D: last line of file ends without a newline
  }
..\HARDWARE\MOTOR\motor.c: 2 warnings, 0 errors
compiling FreeModbus.c...
..\FreeModbus\FreeModbus.c(171): warning:  #1-D: last line of file ends without a newline
  }
..\FreeModbus\FreeModbus.c: 1 warning, 0 errors
compiling robot.c...
..\HARDWARE\MOTOR\motor.h(59): warning:  #1-D: last line of file ends without a newline
  #endif
..\ROBOT\robot.h(41): warning:  #1-D: last line of file ends without a newline
  #endif
..\ROBOT\robot.c(40): warning:  #1-D: last line of file ends without a newline
  }
..\ROBOT\robot.c: 3 warnings, 0 errors
linking...
Program Size: Code=37354 RO-data=1106 RW-data=1048 ZI-data=79168  
FromELF: creating hex file...
"..\OBJ\cwr_sz.axf" - 0 Error(s), 8 Warning(s).
xf" - 1 Error(s), 9 Warning(s).
Target not created
1-D: last line of file ends without a newline
  }
..\HARDWARE\MOTOR\motor_ctrl.c(126): warning:  #940-D: missing return statement at end of non-void function "DeltaTurnCalc"
  }
..\HARDWARE\MOTOR\motor_ctrl.c: 3 warnings, 0 errors
compiling timer13.c...
..\HARDWARE\MOTOR\motor.h(59): warning:  #1-D: last line of file ends without a newline
  #endif
..\HARDWARE\TIMER\timer13.c: 1 warning, 0 errors
compiling timer5.c...
..\HARDWARE\MOTOR\motor.h(59): warning:  #1-D: last line of file ends without a newline
  #endif
..\HARDWARE\TIMER\timer5.c(39): warning:  #1-D: last line of file ends without a newline
  }
..\HARDWARE\TIMER\timer5.c: 2 warnings, 0 errors
compiling robot.c...
..\ROBOT\robot.h(28): error:  #20: identifier "u8" is undefined
    u8 no_;
..\ROBOT\robot.h(38): warning:  #1-D: last line of file ends without a newline
  #endif
..\HARDWARE\MOTOR\motor.h(59): warning:  #1-D: last line of file ends without a newline
  #endif
..\ROBOT\robot.c(16): warning:  #1-D: last line of file ends without a newline
  }
..\ROBOT\robot.c: 3 warnings, 1 error
"..\OBJ\cwr_sz.axf" - 2 Error(s), 16 Warning(s).
Target not created
c...
compiling stm32f4xx_usart.c...
compiling stm32f4xx_tim.c...
compiling stm32f4xx_can.c...
compiling stm32f4xx_exti.c...
compiling stm32f4xx_adc.c...
compiling delay.c...
compiling sys.c...
compiling led.c...
compiling motor.c...
..\HARDWARE\MOTOR\motor.h(55): warning:  #1-D: last line of file ends without a newline
  #endif
..\HARDWARE\MOTOR\motor.c(377): warning:  #1-D: last line of file ends without a newline
  }
..\HARDWARE\MOTOR\motor.c: 2 warnings, 0 errors
compiling can.c...
compiling timer4.c...
..\HARDWARE\MOTOR\motor.h(55): warning:  #1-D: last line of file ends without a newline
  #endif
..\HARDWARE\TIMER\timer4.c(342): warning:  #1-D: last line of file ends without a newline
  }
..\HARDWARE\TIMER\timer4.c: 2 warnings, 0 errors
compiling timer12.c...
..\HARDWARE\MOTOR\motor.h(55): warning:  #1-D: last line of file ends without a newline
  #endif
..\HARDWARE\TIMER\timer12.c: 1 warning, 0 errors
compiling motor_ctrl.c...
..\HARDWARE\MOTOR\motor.h(55): warning:  #1-D: last line of file ends without a newline
  #endif
..\HARDWARE\MOTOR\motor_ctrl.c(123): warning:  #1-D: last line of file ends without a newline
  }
..\HARDWARE\MOTOR\motor_ctrl.c(123): warning:  #940-D: missing return statement at end of non-void function "DeltaTurnCalc"
  }
..\HARDWARE\MOTOR\motor_ctrl.c: 3 warnings, 0 errors
compiling timer13.c...
..\HARDWARE\MOTOR\motor.h(55): warning:  #1-D: last line of file ends without a newline
  #endif
..\HARDWARE\TIMER\timer13.c: 1 warning, 0 errors
compiling timer5.c...
..\HARDWARE\MOTOR\motor.h(55): warning:  #1-D: last line of file ends without a newline
  #endif
..\HARDWARE\TIMER\timer5.c(39): warning:  #1-D: last line of file ends without a newline
  }
..\HARDWARE\TIMER\timer5.c: 2 warnings, 0 errors
compiling adc.c...
compiling croutine.c...
compiling event_groups.c...
compiling list.c...
compiling queue.c...
compiling tasks.c...
compiling timers.c...
compiling port.c...
compiling heap_4.c...
compiling portevent.c...
compiling portserial.c...
compiling porttimer.c...
compiling mb.c...
compiling mbcrc.c...
compiling mbrtu.c...
..\FreeModbus\modbus\rtu\mbrtu.c(392): warning:  #1-D: last line of file ends without a newline
  }
..\FreeModbus\modbus\rtu\mbrtu.c: 1 warning, 0 errors
compiling mbascii.c...
compiling mbfunccoils.c...
compiling mbfuncdiag.c...
compiling mbfuncdisc.c...
compiling mbfuncholding.c...
compiling mbfuncinput.c...
compiling mbfuncother.c...
compiling mbutils.c...
compiling FreeModbus.c...
..\FreeModbus\FreeModbus.c(171): warning:  #1-D: last line of file ends without a newline
  }
..\FreeModbus\FreeModbus.c: 1 warning, 0 errors
compiling PID.c...
"..\OBJ\cwr_sz.axf" - 15 Error(s), 18 Warning(s).
Target not created
