<html>
<body>
<pre>
<h1>µVision Build Log</h1>
<h2>Project:</h2>
E:\share\cwr_sz\CWR1_SZ\USER\CWR_SZ.uvprojx
Project File Date:  05/06/2019

<h2>Output:</h2>
Build target 'CWR_SZ'
compiling main.c...
..\HARDWARE\MOTOR\motor.h(76): warning:  #1-D: last line of file ends without a newline
  #endif
..\ROBOT\robot.h(70): warning:  #1-D: last line of file ends without a newline
  #endif
..\STATE\state.h(19): warning:  #1-D: last line of file ends without a newline
  #endif
main.c(298): warning:  #1-D: last line of file ends without a newline
  }
main.c(85): warning:  #177-D: variable "kManualMode" was declared but never referenced
  static const _Bool kManualMode = 0;
main.c(86): warning:  #177-D: variable "kManualAuto" was declared but never referenced
  static const _Bool kManualAuto = 1;
main.c: 6 warnings, 0 errors
compiling motor.c...
..\HARDWARE\MOTOR\motor.h(76): warning:  #1-D: last line of file ends without a newline
  #endif
..\HARDWARE\MOTOR\motor.c(476): warning:  #1-D: last line of file ends without a newline
  }
..\HARDWARE\MOTOR\motor.c: 2 warnings, 0 errors
compiling timer4.c...
..\HARDWARE\MOTOR\motor.h(76): warning:  #1-D: last line of file ends without a newline
  #endif
..\HARDWARE\TIMER\timer4.c(39): warning:  #1-D: last line of file ends without a newline
  }
..\HARDWARE\TIMER\timer4.c: 2 warnings, 0 errors
compiling timer12.c...
..\HARDWARE\MOTOR\motor.h(76): warning:  #1-D: last line of file ends without a newline
  #endif
..\HARDWARE\TIMER\timer12.c: 1 warning, 0 errors
compiling motor_ctrl.c...
..\HARDWARE\MOTOR\motor.h(76): warning:  #1-D: last line of file ends without a newline
  #endif
..\HARDWARE\MOTOR\motor_ctrl.c(222): warning:  #940-D: missing return statement at end of non-void function "MotorCtrlAuto"
                   const u32 *cmd_speed, _Bool init_dir, u8 cycle, u8 *state) {}
..\HARDWARE\MOTOR\motor_ctrl.c(272): warning:  #940-D: missing return statement at end of non-void function "DeltaTurnCalc"
  }
..\HARDWARE\MOTOR\motor_ctrl.c(297): warning:  #940-D: missing return statement at end of non-void function "MotorSetCmdSpeed"
  }
..\HARDWARE\MOTOR\motor_ctrl.c(456): warning:  #1-D: last line of file ends without a newline
  }
..\HARDWARE\MOTOR\motor_ctrl.c(92): warning:  #177-D: variable "kMotorNormal" was declared but never referenced
  static const u8 kMotorNormal = 0;
..\HARDWARE\MOTOR\motor_ctrl.c: 6 warnings, 0 errors
compiling timer5.c...
..\HARDWARE\MOTOR\motor.h(76): warning:  #1-D: last line of file ends without a newline
  #endif
..\HARDWARE\TIMER\timer5.c(40): warning:  #1-D: last line of file ends without a newline
  }
..\HARDWARE\TIMER\timer5.c: 2 warnings, 0 errors
compiling robot.c...
..\HARDWARE\MOTOR\motor.h(76): warning:  #1-D: last line of file ends without a newline
  #endif
..\ROBOT\robot.h(70): warning:  #1-D: last line of file ends without a newline
  #endif
..\ROBOT\robot.c(17): warning:  #260-D: explicit type is missing ("int" assumed)
  static const kManualEnable = 1;
..\ROBOT\robot.c(18): warning:  #260-D: explicit type is missing ("int" assumed)
  static const kManualDisable = 0;
..\ROBOT\robot.c(172): warning:  #177-D: variable "odom_temp" was declared but never referenced
    u32 motor_speed[MotorNum], odom_temp;
..\ROBOT\robot.c(15): warning:  #177-D: variable "kAutoMode" was declared but never referenced
  static const _Bool kAutoMode = 1;
..\ROBOT\robot.c(26): warning:  #177-D: variable "flashe_clear" was declared but never referenced
  static const u32 flashe_clear = 0;
..\ROBOT\robot.c(34): warning:  #177-D: variable "kPWMUp" was declared but never referenced
  static const u32 kPWMUp=100;
..\ROBOT\robot.c(35): warning:  #177-D: variable "kPWMDown" was declared but never referenced
  static const u32 kPWMDown=100;
..\ROBOT\robot.c: 9 warnings, 0 errors
compiling state.c...
..\HARDWARE\MOTOR\motor.h(76): warning:  #1-D: last line of file ends without a newline
  #endif
..\ROBOT\robot.h(70): warning:  #1-D: last line of file ends without a newline
  #endif
..\STATE\state.h(19): warning:  #1-D: last line of file ends without a newline
  #endif
..\STATE\state.c: 3 warnings, 0 errors
linking...
Program Size: Code=39334 RO-data=1134 RW-data=536 ZI-data=80024  
FromELF: creating hex file...
"..\OBJ\cwr_sz.axf" - 0 Error(s), 31 Warning(s).
Load "..\\OBJ\\cwr_sz.axf" 
Set JLink Project File to "E:\share\cwr_sz\CWR1_SZ\USER\JLinkSettings.ini"
* JLink Info: Device "STM32F407ZE" selected (512 KB flash, 128 KB RAM).
 
JLink info:
------------
DLL: V4.80g, compiled Feb 13 2014 20:50:02
Firmware: J-Link ARM-OB STM32 compiled Aug 22 2012 19:52:04
Hardware: V7.00
S/N : 20090928 
Feature(s) : RDI,FlashDL,FlashBP,JFlash,GDBFull 
 
* JLink Info: Found SWD-DP with ID 0x2BA01477
* JLink Info: Found SWD-DP with ID 0x2BA01477
* JLink Info: Found Cortex-M4 r0p1, Little endian.
* JLink Info: FPUnit: 6 code (BP) slots and 2 literal slots
* JLink Info: TPIU fitted.
* JLink Info: ETM fitted.
ROMTableAddr = 0xE00FF003
 
Target info:
------------
Device: STM32F407ZE
VTarget = 3.300V
State of Pins: 
TCK: 0, TDI: 0, TDO: 1, TMS: 0, TRES: 1, TRST: 1
Hardware-Breakpoints: 6
Software-Breakpoints: 8192
Watchpoints:          4
JTAG speed: 2000 kHz
 
Erase Done.
Programming Done.
Verify OK.
Application running ...
rning:  #1-D: last line of file ends without a newline
  #endif
..\STATE\state.h(19): warning:  #1-D: last line of file ends without a newline
  #endif
..\STATE\state.c: 3 warnings, 0 errors
compiling stmflash.c...
linking...
Program Size: Code=39250 RO-data=1134 RW-data=536 ZI-data=80024  
FromELF: creating hex file...
"..\OBJ\cwr_sz.axf" - 0 Error(s), 33 Warning(s).
