Product: MDK-ARM Professional 5.10
Component: ARM Compiler 5.04 update 1 (build 49)
Tool: armlink [5040049]

==============================================================================

Section Cross References

    main.o(.text) refers to motor.o(.text) for MotorCrl
    main.o(.text) refers to tasks.o(.text) for vTaskDelay
    main.o(.text) refers to mb.o(.text) for eMBInit
    main.o(.text) refers to can.o(.text) for CAN1_Mode_Init
    main.o(.text) refers to port.o(.text) for vPortEnterCritical
    main.o(.text) refers to misc.o(.text) for NVIC_PriorityGroupConfig
    main.o(.text) refers to delay.o(.text) for delay_init
    main.o(.text) refers to led.o(.text) for LED_Init
    main.o(.text) refers to freemodbus.o(.data) for usRegHoldingBuf
    main.o(.text) refers to main.o(.data) for i
    system_stm32f4xx.o(.text) refers to system_stm32f4xx.o(.data) for SystemCoreClock
    startup_stm32f40_41xxx.o(STACK) refers (Special) to heapauxi.o(.text) for __use_two_region_memory
    startup_stm32f40_41xxx.o(HEAP) refers (Special) to heapauxi.o(.text) for __use_two_region_memory
    startup_stm32f40_41xxx.o(RESET) refers (Special) to heapauxi.o(.text) for __use_two_region_memory
    startup_stm32f40_41xxx.o(RESET) refers to startup_stm32f40_41xxx.o(STACK) for __initial_sp
    startup_stm32f40_41xxx.o(RESET) refers to startup_stm32f40_41xxx.o(.text) for Reset_Handler
    startup_stm32f40_41xxx.o(RESET) refers to stm32f4xx_it.o(.text) for NMI_Handler
    startup_stm32f40_41xxx.o(RESET) refers to port.o(.emb_text) for SVC_Handler
    startup_stm32f40_41xxx.o(RESET) refers to delay.o(.text) for SysTick_Handler
    startup_stm32f40_41xxx.o(RESET) refers to porttimer.o(.text) for TIM3_IRQHandler
    startup_stm32f40_41xxx.o(RESET) refers to portserial.o(.text) for USART1_IRQHandler
    startup_stm32f40_41xxx.o(.text) refers (Special) to heapauxi.o(.text) for __use_two_region_memory
    startup_stm32f40_41xxx.o(.text) refers to system_stm32f4xx.o(.text) for SystemInit
    startup_stm32f40_41xxx.o(.text) refers to __main.o(!!!main) for __main
    startup_stm32f40_41xxx.o(.text) refers to startup_stm32f40_41xxx.o(HEAP) for Heap_Mem
    startup_stm32f40_41xxx.o(.text) refers to startup_stm32f40_41xxx.o(STACK) for Stack_Mem
    stm32f4xx_gpio.o(.text) refers to stm32f4xx_rcc.o(.text) for RCC_AHB1PeriphResetCmd
    stm32f4xx_rcc.o(.text) refers to stm32f4xx_rcc.o(.data) for APBAHBPrescTable
    stm32f4xx_syscfg.o(.text) refers to stm32f4xx_rcc.o(.text) for RCC_APB2PeriphResetCmd
    stm32f4xx_usart.o(.text) refers to stm32f4xx_rcc.o(.text) for RCC_APB2PeriphResetCmd
    stm32f4xx_tim.o(.text) refers to stm32f4xx_rcc.o(.text) for RCC_APB2PeriphResetCmd
    stm32f4xx_can.o(.text) refers to stm32f4xx_rcc.o(.text) for RCC_APB1PeriphResetCmd
    delay.o(.text) refers to tasks.o(.text) for xTaskGetSchedulerState
    delay.o(.text) refers to port.o(.text) for xPortSysTickHandler
    delay.o(.text) refers to misc.o(.text) for SysTick_CLKSourceConfig
    delay.o(.text) refers to delay.o(.data) for fac_us
    led.o(.text) refers to stm32f4xx_rcc.o(.text) for RCC_AHB1PeriphClockCmd
    led.o(.text) refers to stm32f4xx_gpio.o(.text) for GPIO_Init
    motor.o(.text) refers to stm32f4xx_rcc.o(.text) for RCC_AHB1PeriphClockCmd
    motor.o(.text) refers to stm32f4xx_gpio.o(.text) for GPIO_Init
    motor.o(.text) refers to stm32f4xx_tim.o(.text) for TIM_TimeBaseInit
    can.o(.text) refers to stm32f4xx_rcc.o(.text) for RCC_AHB1PeriphClockCmd
    can.o(.text) refers to stm32f4xx_gpio.o(.text) for GPIO_Init
    can.o(.text) refers to stm32f4xx_can.o(.text) for CAN_Init
    event_groups.o(.text) refers to heap_4.o(.text) for pvPortMalloc
    event_groups.o(.text) refers to list.o(.text) for vListInitialise
    event_groups.o(.text) refers to tasks.o(.text) for vTaskSuspendAll
    event_groups.o(.text) refers to port.o(.text) for vPortEnterCritical
    queue.o(.text) refers to port.o(.text) for vPortEnterCritical
    queue.o(.text) refers to tasks.o(.text) for xTaskRemoveFromEventList
    queue.o(.text) refers to list.o(.text) for vListInitialise
    queue.o(.text) refers to heap_4.o(.text) for pvPortMalloc
    queue.o(.text) refers to rt_memcpy_v6.o(.text) for __aeabi_memcpy
    queue.o(.text) refers to queue.o(.bss) for xQueueRegistry
    tasks.o(.text) refers to list.o(.text) for vListInitialise
    tasks.o(.text) refers to port.o(.text) for vPortEnterCritical
    tasks.o(.text) refers to aeabi_memset.o(.text) for __aeabi_memset
    tasks.o(.text) refers to heap_4.o(.text) for pvPortMalloc
    tasks.o(.text) refers to tasks.o(.bss) for pxReadyTasksLists
    tasks.o(.text) refers to tasks.o(.data) for pxDelayedTaskList
    tasks.o(.text) refers to timers.o(.text) for xTimerCreateTimerTask
    timers.o(.text) refers to list.o(.text) for vListInsert
    timers.o(.text) refers to tasks.o(.text) for xTaskGetSchedulerState
[...]
    .text                                    0x08007e28   Section        0  sys_exit.o(.text)
    .text                                    0x08007e34   Section        0  defsig_abrt_outer.o(.text)
    .text                                    0x08007e42   Section       78  rt_memclr_w.o(.text)
    .text                                    0x08007e90   Section        2  use_no_semi.o(.text)
    .text                                    0x08007e92   Section       74  sys_stackheap_outer.o(.text)
    .text                                    0x08007e92   Section        0  indicate_semi.o(.text)
    .text                                    0x08007edc   Section        0  exit.o(.text)
    .text                                    0x08007ee8   Section        0  defsig_exit.o(.text)
    .text                                    0x08007ef4   Section        0  defsig_abrt_inner.o(.text)
    .text                                    0x08007f24   Section        8  libspace.o(.text)
    .text                                    0x08007f2c   Section        0  defsig_general.o(.text)
    x$fpl$fpinit                             0x08007f5e   Section       10  fpinit.o(x$fpl$fpinit)
    $v0                                      0x08007f5e   Number         0  fpinit.o(x$fpl$fpinit)
    .constdata                               0x08007f68   Section      512  mbcrc.o(.constdata)
    aucCRCHi                                 0x08007f68   Data         256  mbcrc.o(.constdata)
    aucCRCLo                                 0x08008068   Data         256  mbcrc.o(.constdata)
    .conststring                             0x08008168   Section       99  mbrtu.o(.conststring)
    .conststring                             0x080081cc   Section       68  mbascii.o(.conststring)
    .data                                    0x20000000   Section       26  main.o(.data)
    i                                        0x20000011   Data           1  main.o(.data)
    canbuf                                   0x20000012   Data           8  main.o(.data)
    .data                                    0x2000001c   Section       20  system_stm32f4xx.o(.data)
    .data                                    0x20000030   Section       16  stm32f4xx_rcc.o(.data)
    APBAHBPrescTable                         0x20000030   Data          16  stm32f4xx_rcc.o(.data)
    .data                                    0x20000040   Section        4  delay.o(.data)
    fac_us                                   0x20000040   Data           1  delay.o(.data)
    fac_ms                                   0x20000042   Data           2  delay.o(.data)
    .data                                    0x20000044   Section       60  tasks.o(.data)
    pxDelayedTaskList                        0x20000048   Data           4  tasks.o(.data)
    pxOverflowDelayedTaskList                0x2000004c   Data           4  tasks.o(.data)
    uxDeletedTasksWaitingCleanUp             0x20000050   Data           4  tasks.o(.data)
    uxCurrentNumberOfTasks                   0x20000054   Data           4  tasks.o(.data)
    xTickCount                               0x20000058   Data           4  tasks.o(.data)
    uxTopReadyPriority                       0x2000005c   Data           4  tasks.o(.data)
    xSchedulerRunning                        0x20000060   Data           4  tasks.o(.data)
    uxPendedTicks                            0x20000064   Data           4  tasks.o(.data)
    xYieldPending                            0x20000068   Data           4  tasks.o(.data)
    xNumOfOverflows                          0x2000006c   Data           4  tasks.o(.data)
    uxTaskNumber                             0x20000070   Data           4  tasks.o(.data)
    xNextTaskUnblockTime                     0x20000074   Data           4  tasks.o(.data)
    xIdleTaskHandle                          0x20000078   Data           4  tasks.o(.data)
    uxSchedulerSuspended                     0x2000007c   Data           4  tasks.o(.data)
    .data                                    0x20000080   Section       20  timers.o(.data)
    pxCurrentTimerList                       0x20000080   Data           4  timers.o(.data)
    pxOverflowTimerList                      0x20000084   Data           4  timers.o(.data)
    xTimerQueue                              0x20000088   Data           4  timers.o(.data)
    xTimerTaskHandle                         0x2000008c   Data           4  timers.o(.data)
    xLastTime                                0x20000090   Data           4  timers.o(.data)
    .data                                    0x20000094   Section       12  port.o(.data)
    uxCriticalNesting                        0x20000094   Data           4  port.o(.data)
    ucMaxSysCallPriority                     0x20000098   Data           1  port.o(.data)
    ulMaxPRIGROUPValue                       0x2000009c   Data           4  port.o(.data)
    .data                                    0x200000a0   Section       24  heap_4.o(.data)
    xStart                                   0x200000a0   Data           8  heap_4.o(.data)
    pxEnd                                    0x200000a8   Data           4  heap_4.o(.data)
    xFreeBytesRemaining                      0x200000ac   Data           4  heap_4.o(.data)
    xMinimumEverFreeBytesRemaining           0x200000b0   Data           4  heap_4.o(.data)
    xBlockAllocatedBit                       0x200000b4   Data           4  heap_4.o(.data)
    .data                                    0x200000b8   Section        2  portevent.o(.data)
    eQueuedEvent                             0x200000b8   Data           1  portevent.o(.data)
    xEventInQueue                            0x200000b9   Data           1  portevent.o(.data)
    .data                                    0x200000bc   Section      181  mb.o(.data)
    ucMBAddress                              0x200000bc   Data           1  mb.o(.data)
    eMBCurrentMode                           0x200000bd   Data           1  mb.o(.data)
    eMBState                                 0x200000be   Data           1  mb.o(.data)
    peMBFrameSendCur                         0x200000c0   Data           4  mb.o(.data)
    pvMBFrameStartCur                        0x200000c4   Data           4  mb.o(.data)
    pvMBFrameStopCur                         0x200000c8   Data           4  mb.o(.data)
    peMBFrameReceiveCur                      0x200000cc   Data           4  mb.o(.data)
    pvMBFrameCloseCur                        0x200000d0   Data           4  mb.o(.data)
    xFuncHandlers                            0x200000e8   Data         128  mb.o(.data)
    ucMBFrame                                0x20000168   Data           4  mb.o(.data)
    ucRcvAddress                             0x2000016c   Data           1  mb.o(.data)
    ucFunctionCode                           0x2000016d   Data           1  mb.o(.data)
    usLength                                 0x2000016e   Data           2  mb.o(.data)
    eException                               0x20000170   Data           1  mb.o(.data)
    .data                                    0x20000174   Section       12  mbrtu.o(.data)
    eSndState                                0x20000174   Data           1  mbrtu.o(.data)
    eRcvState                                0x20000175   Data           1  mbrtu.o(.data)
    pucSndBufferCur                          0x20000178   Data           4  mbrtu.o(.data)
    usSndBufferCount                         0x2000017c   Data           2  mbrtu.o(.data)
    usRcvBufferPos                           0x2000017e   Data           2  mbrtu.o(.data)
    .data                                    0x20000180   Section       20  mbascii.o(.data)
    eSndState                                0x20000180   Data           1  mbascii.o(.data)
    eRcvState                                0x20000181   Data           1  mbascii.o(.data)
    ucASCIIBuf                               0x20000184   Data           4  mbascii.o(.data)
    usRcvBufferPos                           0x20000188   Data           2  mbascii.o(.data)
    eBytePos                                 0x2000018a   Data           1  mbascii.o(.data)
    pucSndBufferCur                          0x2000018c   Data           4  mbascii.o(.data)
    usSndBufferCount                         0x20000190   Data           2  mbascii.o(.data)
    ucLRC                                    0x20000192   Data           1  mbascii.o(.data)
    ucMBLFCharacter                          0x20000193   Data           1  mbascii.o(.data)
    .data                                    0x20000194   Section        2  mbfuncother.o(.data)
    usMBSlaveIDLen                           0x20000194   Data           2  mbfuncother.o(.data)
    .data                                    0x20000196   Section      296  freemodbus.o(.data)
    .bss                                     0x200002c0   Section       64  queue.o(.bss)
    .bss                                     0x20000300   Section      200  tasks.o(.bss)
    pxReadyTasksLists                        0x20000300   Data         100  tasks.o(.bss)
    xDelayedTaskList1                        0x20000364   Data          20  tasks.o(.bss)
    xDelayedTaskList2                        0x20000378   Data          20  tasks.o(.bss)
    xPendingReadyList                        0x2000038c   Data          20  tasks.o(.bss)
    xTasksWaitingTermination                 0x200003a0   Data          20  tasks.o(.bss)
    xSuspendedTaskList                       0x200003b4   Data          20  tasks.o(.bss)
    .bss                                     0x200003c8   Section       40  timers.o(.bss)
    xActiveTimerList1                        0x200003c8   Data          20  timers.o(.bss)
    xActiveTimerList2                        0x200003dc   Data          20  timers.o(.bss)
    .bss                                     0x200003f0   Section    76800  heap_4.o(.bss)
    ucHeap                                   0x200003f0   Data       76800  heap_4.o(.bss)
    .bss                                     0x20012ff0   Section      256  mbrtu.o(.bss)
    .bss                                     0x200130f0   Section       32  mbfuncother.o(.bss)
    ucMBSlaveID                              0x200130f0   Data          32  mbfuncother.o(.bss)
    .bss                                     0x20013110   Section       96  libspace.o(.bss)
    HEAP                                     0x20013170   Section      512  startup_stm32f40_41xxx.o(HEAP)
    Heap_Mem                                 0x20013170   Data         512  startup_stm32f40_41xxx.o(HEAP)
    STACK                                    0x20013370   Section     1024  startup_stm32f40_41xxx.o(STACK)
    Stack_Mem                                0x20013370   Data        1024  startup_stm32f40_41xxx.o(STACK)
    __initial_sp                             0x20013770   Data           0  startup_stm32f40_41xxx.o(STACK)

    Global Symbols

    Symbol Name                              Value     Ov Type        Size  Object(Section)

    BuildAttributes$$THM_ISAv4$E$P$D$K$B$S$7EM$VFPi3$EXTD16$VFPS$VFMA$PE$A:L22UL41UL21$X:L11$S22US41US21$IEEE1$IW$USESV6$~STKCKD$USESV7$~SHL$OSPACE$ROPI$EBA8$UX$STANDARDLIB$REQ8$PRES8$EABIv2 0x00000000   Number         0  anon$$obj.o ABSOLUTE
    __ARM_use_no_argv                        0x00000000   Number         0  main.o ABSOLUTE
    __ARM_exceptions_init                     - Undefined Weak Reference
    __alloca_initialize                       - Undefined Weak Reference
    __cpp_initialize__aeabi_                  - Undefined Weak Reference
    __cxa_finalize                            - Undefined Weak Reference
    __rt_locale                               - Undefined Weak Reference
    __sigvec_lookup                           - Undefined Weak Reference
    _atexit_init                              - Undefined Weak Reference
    _call_atexit_fns                          - Undefined Weak Reference
    _clock_init                               - Undefined Weak Reference
    _fp_trap_init                             - Undefined Weak Reference
    _fp_trap_shutdown                         - Undefined Weak Reference
    _get_lc_collate                           - Undefined Weak Reference
    _get_lc_ctype                             - Undefined Weak Reference
    _get_lc_monetary                          - Undefined Weak Reference
    _get_lc_numeric                           - Undefined Weak Reference
    _get_lc_time                              - Undefined Weak Reference
    _getenv_init                              - Undefined Weak Reference
    _handle_redirection                       - Undefined Weak Reference
    _init_alloc                               - Undefined Weak Reference
    _init_user_alloc                          - Undefined Weak Reference
    _initio                                   - Undefined Weak Reference
    _rand_init                                - Undefined Weak Reference
    _signal_finish                            - Undefined Weak Reference
    _signal_init                              - Undefined Weak Reference
    _terminate_alloc                          - Undefined Weak Reference
    _terminate_user_alloc                     - Undefined Weak Reference
    _terminateio                              - Undefined Weak Reference
    __Vectors_Size                           0x00000188   Number         0  startup_stm32f40_41xxx.o ABSOLUTE
    __Vectors                                0x08000000   Data           4  startup_stm32f40_41xxx.o(RESET)
    __Vectors_End                            0x08000188   Data           0  startup_stm32f40_41xxx.o(RESET)
    __main                                   0x08000189   Thumb Code     8  __main.o(!!!main)
    __scatterload                            0x08000191   Thumb Code     0  __scatter.o(!!!scatter)
    __scatterload_rt2                        0x08000191   Thumb Code    44  __scatter.o(!!!scatter)
    __scatterload_rt2_thumb_only             0x08000191   Thumb Code     0  __scatter.o(!!!scatter)
    __scatterload_null                       0x0800019f   Thumb Code     0  __scatter.o(!!!scatter)
    __decompress                             0x080001c5   Thumb Code    90  __dczerorl2.o(!!dczerorl2)
    __decompress1                            0x080001c5   Thumb Code     0  __dczerorl2.o(!!dczerorl2)
    __scatterload_zeroinit                   0x08000221   Thumb Code    28  __scatter_zi.o(!!handler_zi)
    __rt_lib_init                            0x0800023d   Thumb Code     0  libinit.o(.ARM.Collect$$libinit$$00000000)
    __rt_lib_init_fp_1                       0x0800023f   Thumb Code     0  libinit2.o(.ARM.Collect$$libinit$$00000001)
    __rt_lib_init_alloca_1                   0x08000243   Thumb Code     0  libinit2.o(.ARM.Collect$$libinit$$0000002C)
    __rt_lib_init_argv_1                     0x08000243   Thumb Code     0  libinit2.o(.ARM.Collect$$libinit$$0000002A)
    __rt_lib_init_atexit_1                   0x08000243   Thumb Code     0  libinit2.o(.ARM.Collect$$libinit$$00000019)
    __rt_lib_init_clock_1                    0x08000243   Thumb Code     0  libinit2.o(.ARM.Collect$$libinit$$0000001F)
    __rt_lib_init_cpp_1                      0x08000243   Thumb Code     0  libinit2.o(.ARM.Collect$$libinit$$00000030)
    __rt_lib_init_exceptions_1               0x08000243   Thumb Code     0  libinit2.o(.ARM.Collect$$libinit$$0000002E)
    __rt_lib_init_fp_trap_1                  0x08000243   Thumb Code     0  libinit2.o(.ARM.Collect$$libinit$$0000001D)
    __rt_lib_init_getenv_1                   0x08000243   Thumb Code     0  libinit2.o(.ARM.Collect$$libinit$$00000021)
    __rt_lib_init_heap_1                     0x08000243   Thumb Code     0  libinit2.o(.ARM.Collect$$libinit$$00000008)
    __rt_lib_init_lc_collate_1               0x08000243   Thumb Code     0  libinit2.o(.ARM.Collect$$libinit$$0000000F)
    __rt_lib_init_lc_ctype_1                 0x08000243   Thumb Code     0  libinit2.o(.ARM.Collect$$libinit$$00000011)
    __rt_lib_init_lc_monetary_1              0x08000243   Thumb Code     0  libinit2.o(.ARM.Collect$$libinit$$00000013)
    __rt_lib_init_lc_numeric_1               0x08000243   Thumb Code     0  libinit2.o(.ARM.Collect$$libinit$$00000015)
    __rt_lib_init_lc_time_1                  0x08000243   Thumb Code     0  libinit2.o(.ARM.Collect$$libinit$$00000017)
    __rt_lib_init_rand_1                     0x08000243   Thumb Code     0  libinit2.o(.ARM.Collect$$libinit$$0000000C)
    __rt_lib_init_return                     0x08000243   Thumb Code     0  libinit2.o(.ARM.Collect$$libinit$$00000031)
    __rt_lib_init_signal_1                   0x08000243   Thumb Code     0  libinit2.o(.ARM.Collect$$libinit$$0000001B)
    __rt_lib_init_stdio_1                    0x08000243   Thumb Code     0  libinit2.o(.ARM.Collect$$libinit$$00000023)
    __rt_lib_init_user_alloc_1               0x08000243   Thumb Code     0  libinit2.o(.ARM.Collect$$libinit$$0000000A)
    __rt_lib_shutdown                        0x08000245   Thumb Code     0  libshutdown.o(.ARM.Collect$$libshutdown$$00000000)
    __rt_lib_shutdown_fp_trap_1              0x08000247   Thumb Code     0  libshutdown2.o(.ARM.Collect$$libshutdown$$00000006)
    __rt_lib_shutdown_heap_1                 0x08000247   Thumb Code     0  libshutdown2.o(.ARM.Collect$$libshutdown$$0000000E)
    __rt_lib_shutdown_return                 0x08000247   Thumb Code     0  libshutdown2.o(.ARM.Collect$$libshutdown$$0000000F)
    __rt_lib_shutdown_signal_1               0x08000247   Thumb Code     0  libshutdown2.o(.ARM.Collect$$libshutdown$$00000009)
    __rt_lib_shutdown_stdio_1                0x08000247   Thumb Code     0  libshutdown2.o(.ARM.Collect$$libshutdown$$00000003)
    __rt_lib_shutdown_user_alloc_1           0x08000247   Thumb Code     0  libshutdown2.o(.ARM.Collect$$libshutdown$$0000000B)
    __rt_entry                               0x08000249   Thumb Code     0  rtentry.o(.ARM.Collect$$rtentry$$00000000)
    __rt_entry_presh_1                       0x08000249   Thumb Code     0  rtentry2.o(.ARM.Collect$$rtentry$$00000002)
    __rt_entry_sh                            0x08000249   Thumb Code     0  rtentry4.o(.ARM.Collect$$rtentry$$00000004)
    __rt_entry_li                            0x0800024f   Thumb Code     0  rtentry2.o(.ARM.Collect$$rtentry$$0000000A)
    __rt_entry_postsh_1                      0x0800024f   Thumb Code     0  rtentry2.o(.ARM.Collect$$rtentry$$00000009)
    __rt_entry_main                          0x08000253   Thumb Code     0  rtentry2.o(.ARM.Collect$$rtentry$$0000000D)
    __rt_entry_postli_1                      0x08000253   Thumb Code     0  rtentry2.o(.ARM.Collect$$rtentry$$0000000C)
    __rt_exit                                0x0800025b   Thumb Code     0  rtexit.o(.ARM.Collect$$rtexit$$00000000)
    __rt_exit_ls                             0x0800025d   Thumb Code     0  rtexit2.o(.ARM.Collect$$rtexit$$00000003)
    __rt_exit_prels_1                        0x0800025d   Thumb Code     0  rtexit2.o(.ARM.Collect$$rtexit$$00000002)
    __rt_exit_exit                           0x08000261   Thumb Code     0  rtexit2.o(.ARM.Collect$$rtexit$$00000004)
    WFI_SET                                  0x08000269   Thumb Code     2  sys.o(.emb_text)
    INTX_DISABLE                             0x0800026b   Thumb Code     4  sys.o(.emb_text)
    INTX_ENABLE                              0x0800026f   Thumb Code     4  sys.o(.emb_text)
    MSR_MSP                                  0x08000273   Thumb Code     6  sys.o(.emb_text)
    SVC_Handler                              0x08000279   Thumb Code    28  port.o(.emb_text)
    __asm___6_port_c_39a90d8d__prvStartFirstTask 0x08000299   Thumb Code    36  port.o(.emb_text)
    __asm___6_port_c_39a90d8d__prvEnableVFP  0x080002c1   Thumb Code    16  port.o(.emb_text)
    PendSV_Handler                           0x080002d5   Thumb Code    88  port.o(.emb_text)
    vPortGetIPSR                             0x08000331   Thumb Code     6  port.o(.emb_text)
    main                                     0x08000481   Thumb Code    78  main.o(.text)
    NMI_Handler                              0x08000535   Thumb Code     2  stm32f4xx_it.o(.text)
    HardFault_Handler                        0x08000537   Thumb Code     4  stm32f4xx_it.o(.text)
    MemManage_Handler                        0x0800053b   Thumb Code     4  stm32f4xx_it.o(.text)
    BusFault_Handler                         0x0800053f   Thumb Code     4  stm32f4xx_it.o(.text)
    UsageFault_Handler                       0x08000543   Thumb Code     4  stm32f4xx_it.o(.text)
    DebugMon_Handler                         0x08000547   Thumb Code     2  stm32f4xx_it.o(.text)
    SystemInit                               0x08000625   Thumb Code    88  system_stm32f4xx.o(.text)
    SystemCoreClockUpdate                    0x0800067d   Thumb Code   174  system_stm32f4xx.o(.text)
    Reset_Handler                            0x08000759   Thumb Code     8  startup_stm32f40_41xxx.o(.text)
    ADC_IRQHandler                           0x08000773   Thumb Code     0  startup_stm32f40_41xxx.o(.text)
    CAN1_RX0_IRQHandler                      0x08000773   Thumb Code     0  startup_stm32f40_41xxx.o(.text)
    CAN1_RX1_IRQHandler                      0x08000773   Thumb Code     0  startup_stm32f40_41xxx.o(.text)
    CAN1_SCE_IRQHandler                      0x08000773   Thumb Code     0  startup_stm32f40_41xxx.o(.text)
    CAN1_TX_IRQHandler                       0x08000773   Thumb Code     0  startup_stm32f40_41xxx.o(.text)
    CAN2_RX0_IRQHandler                      0x08000773   Thumb Code     0  startup_stm32f40_41xxx.o(.text)
    CAN2_RX1_IRQHandler                      0x08000773   Thumb Code     0  startup_stm32f40_41xxx.o(.text)
    CAN2_SCE_IRQHandler                      0x08000773   Thumb Code     0  startup_stm32f40_41xxx.o(.text)
    CAN2_TX_IRQHandler                       0x08000773   Thumb Code     0  startup_stm32f40_41xxx.o(.text)
    CRYP_IRQHandler                          0x08000773   Thumb Code     0  startup_stm32f40_41xxx.o(.text)
    DCMI_IRQHandler                          0x08000773   Thumb Code     0  startup_stm32f40_41xxx.o(.text)
    DMA1_Stream0_IRQHandler                  0x08000773   Thumb Code     0  startup_stm32f40_41xxx.o(.text)
    DMA1_Stream1_IRQHandler                  0x08000773   Thumb Code     0  startup_stm32f40_41xxx.o(.text)
    DMA1_Stream2_IRQHandler                  0x08000773   Thumb Code     0  startup_stm32f40_41xxx.o(.text)
    DMA1_Stream3_IRQHandler                  0x08000773   Thumb Code     0  startup_stm32f40_41xxx.o(.text)
    DMA1_Stream4_IRQHandler                  0x08000773   Thumb Code     0  startup_stm32f40_41xxx.o(.text)
    DMA1_Stream5_IRQHandler                  0x08000773   Thumb Code     0  startup_stm32f40_41xxx.o(.text)
    DMA1_Stream6_IRQHandler                  0x08000773   Thumb Code     0  startup_stm32f40_41xxx.o(.text)
    DMA1_Stream7_IRQHandler                  0x08000773   Thumb Code     0  startup_stm32f40_41xxx.o(.text)
    DMA2_Stream0_IRQHandler                  0x08000773   Thumb Code     0  startup_stm32f40_41xxx.o(.text)
    DMA2_Stream1_IRQHandler                  0x08000773   Thumb Code     0  startup_stm32f40_41xxx.o(.text)
    DMA2_Stream2_IRQHandler                  0x08000773   Thumb Code     0  startup_stm32f40_41xxx.o(.text)
    DMA2_Stream3_IRQHandler                  0x08000773   Thumb Code     0  startup_stm32f40_41xxx.o(.text)
    DMA2_Stream4_IRQHandler                  0x08000773   Thumb Code     0  startup_stm32f40_41xxx.o(.text)
    DMA2_Stream5_IRQHandler                  0x08000773   Thumb Code     0  startup_stm32f40_41xxx.o(.text)
    DMA2_Stream6_IRQHandler                  0x08000773   Thumb Code     0  startup_stm32f40_41xxx.o(.text)
    DMA2_Stream7_IRQHandler                  0x08000773   Thumb Code     0  startup_stm32f40_41xxx.o(.text)
    ETH_IRQHandler                           0x08000773   Thumb Code     0  startup_stm32f40_41xxx.o(.text)
    ETH_WKUP_IRQHandler                      0x08000773   Thumb Code     0  startup_stm32f40_41xxx.o(.text)
    EXTI0_IRQHandler                         0x08000773   Thumb Code     0  startup_stm32f40_41xxx.o(.text)
    EXTI15_10_IRQHandler                     0x08000773   Thumb Code     0  startup_stm32f40_41xxx.o(.text)
    EXTI1_IRQHandler                         0x08000773   Thumb Code     0  startup_stm32f40_41xxx.o(.text)
    EXTI2_IRQHandler                         0x08000773   Thumb Code     0  startup_stm32f40_41xxx.o(.text)
    EXTI3_IRQHandler                         0x08000773   Thumb Code     0  startup_stm32f40_41xxx.o(.text)
    EXTI4_IRQHandler                         0x08000773   Thumb Code     0  startup_stm32f40_41xxx.o(.text)
    EXTI9_5_IRQHandler                       0x08000773   Thumb Code     0  startup_stm32f40_41xxx.o(.text)
    FLASH_IRQHandler                         0x08000773   Thumb Code     0  startup_stm32f40_41xxx.o(.text)
    FPU_IRQHandler                           0x08000773   Thumb Code     0  startup_stm32f40_41xxx.o(.text)
    FSMC_IRQHandler                          0x08000773   Thumb Code     0  startup_stm32f40_41xxx.o(.text)
    HASH_RNG_IRQHandler                      0x08000773   Thumb Code     0  startup_stm32f40_41xxx.o(.text)
    I2C1_ER_IRQHandler                       0x08000773   Thumb Code     0  startup_stm32f40_41xxx.o(.text)
    I2C1_EV_IRQHandler                       0x08000773   Thumb Code     0  startup_stm32f40_41xxx.o(.text)
    I2C2_ER_IRQHandler                       0x08000773   Thumb Code     0  startup_stm32f40_41xxx.o(.text)
    I2C2_EV_IRQHandler                       0x08000773   Thumb Code     0  startup_stm32f40_41xxx.o(.text)
    I2C3_ER_IRQHandler                       0x08000773   Thumb Code     0  startup_stm32f40_41xxx.o(.text)
    I2C3_EV_IRQHandler                       0x08000773   Thumb Code     0  startup_stm32f40_41xxx.o(.text)
    OTG_FS_IRQHandler                        0x08000773   Thumb Code     0  startup_stm32f40_41xxx.o(.text)
    OTG_FS_WKUP_IRQHandler                   0x08000773   Thumb Code     0  startup_stm32f40_41xxx.o(.text)
    OTG_HS_EP1_IN_IRQHandler                 0x08000773   Thumb Code     0  startup_stm32f40_41xxx.o(.text)
    OTG_HS_EP1_OUT_IRQHandler                0x08000773   Thumb Code     0  startup_stm32f40_41xxx.o(.text)
    OTG_HS_IRQHandler                        0x08000773   Thumb Code     0  startup_stm32f40_41xxx.o(.text)
    OTG_HS_WKUP_IRQHandler                   0x08000773   Thumb Code     0  startup_stm32f40_41xxx.o(.text)
    PVD_IRQHandler                           0x08000773   Thumb Code     0  startup_stm32f40_41xxx.o(.text)
    RCC_IRQHandler                           0x08000773   Thumb Code     0  startup_stm32f40_41xxx.o(.text)
    RTC_Alarm_IRQHandler                     0x08000773   Thumb Code     0  startup_stm32f40_41xxx.o(.text)
    RTC_WKUP_IRQHandler                      0x08000773   Thumb Code     0  startup_stm32f40_41xxx.o(.text)
    SDIO_IRQHandler                          0x08000773   Thumb Code     0  startup_stm32f40_41xxx.o(.text)
    SPI1_IRQHandler                          0x08000773   Thumb Code     0  startup_stm32f40_41xxx.o(.text)
    SPI2_IRQHandler                          0x08000773   Thumb Code     0  startup_stm32f40_41xxx.o(.text)
    SPI3_IRQHandler                          0x08000773   Thumb Code     0  startup_stm32f40_41xxx.o(.text)
    TAMP_STAMP_IRQHandler                    0x08000773   Thumb Code     0  startup_stm32f40_41xxx.o(.text)
    TIM1_BRK_TIM9_IRQHandler                 0x08000773   Thumb Code     0  startup_stm32f40_41xxx.o(.text)
    TIM1_CC_IRQHandler                       0x08000773   Thumb Code     0  startup_stm32f40_41xxx.o(.text)
    TIM1_TRG_COM_TIM11_IRQHandler            0x08000773   Thumb Code     0  startup_stm32f40_41xxx.o(.text)
    TIM1_UP_TIM10_IRQHandler                 0x08000773   Thumb Code     0  startup_stm32f40_41xxx.o(.text)
    TIM2_IRQHandler                          0x08000773   Thumb Code     0  startup_stm32f40_41xxx.o(.text)
    TIM4_IRQHandler                          0x08000773   Thumb Code     0  startup_stm32f40_41xxx.o(.text)
    TIM5_IRQHandler                          0x08000773   Thumb Code     0  startup_stm32f40_41xxx.o(.text)
    TIM6_DAC_IRQHandler                      0x08000773   Thumb Code     0  startup_stm32f40_41xxx.o(.text)
    TIM7_IRQHandler                          0x08000773   Thumb Code     0  startup_stm32f40_41xxx.o(.text)
    TIM8_BRK_TIM12_IRQHandler                0x08000773   Thumb Code     0  startup_stm32f40_41xxx.o(.text)
    TIM8_CC_IRQHandler                       0x08000773   Thumb Code     0  startup_stm32f40_41xxx.o(.text)
    TIM8_TRG_COM_TIM14_IRQHandler            0x08000773   Thumb Code     0  startup_stm32f40_41xxx.o(.text)
    TIM8_UP_TIM13_IRQHandler                 0x08000773   Thumb Code     0  startup_stm32f40_41xxx.o(.text)
    UART4_IRQHandler                         0x08000773   Thumb Code     0  startup_stm32f40_41xxx.o(.text)
    UART5_IRQHandler                         0x08000773   Thumb Code     0  startup_stm32f40_41xxx.o(.text)
    USART2_IRQHandler                        0x08000773   Thumb Code     0  startup_stm32f40_41xxx.o(.text)
    USART3_IRQHandler                        0x08000773   Thumb Code     0  startup_stm32f40_41xxx.o(.text)
    USART6_IRQHandler                        0x08000773   Thumb Code     0  startup_stm32f40_41xxx.o(.text)
    WWDG_IRQHandler                          0x08000773   Thumb Code     0  startup_stm32f40_41xxx.o(.text)
    __user_initial_stackheap                 0x08000775   Thumb Code     0  startup_stm32f40_41xxx.o(.text)
    NVIC_PriorityGroupConfig                 0x08000799   Thumb Code    10  misc.o(.text)
    NVIC_Init                                0x080007a3   Thumb Code   106  misc.o(.text)
    NVIC_SetVectorTable                      0x0800080d   Thumb Code    14  misc.o(.text)
    NVIC_SystemLPConfig                      0x0800081b   Thumb Code    34  misc.o(.text)
    SysTick_CLKSourceConfig                  0x0800083d   Thumb Code    40  misc.o(.text)
    GPIO_DeInit                              0x08000879   Thumb Code   268  stm32f4xx_gpio.o(.text)
    GPIO_Init                                0x08000985   Thumb Code   144  stm32f4xx_gpio.o(.text)
    GPIO_StructInit                          0x08000a15   Thumb Code    18  stm32f4xx_gpio.o(.text)
    GPIO_PinLockConfig                       0x08000a27   Thumb Code    34  stm32f4xx_gpio.o(.text)
    GPIO_ReadInputDataBit                    0x08000a49   Thumb Code    18  stm32f4xx_gpio.o(.text)
    GPIO_ReadInputData                       0x08000a5b   Thumb Code     8  stm32f4xx_gpio.o(.text)
    GPIO_ReadOutputDataBit                   0x08000a63   Thumb Code    18  stm32f4xx_gpio.o(.text)
    GPIO_ReadOutputData                      0x08000a75   Thumb Code     8  stm32f4xx_gpio.o(.text)
    GPIO_SetBits                             0x08000a7d   Thumb Code     4  stm32f4xx_gpio.o(.text)
    GPIO_ResetBits                           0x08000a81   Thumb Code     4  stm32f4xx_gpio.o(.text)
    GPIO_WriteBit                            0x08000a85   Thumb Code    10  stm32f4xx_gpio.o(.text)
    GPIO_Write                               0x08000a8f   Thumb Code     4  stm32f4xx_gpio.o(.text)
    GPIO_ToggleBits                          0x08000a93   Thumb Code     8  stm32f4xx_gpio.o(.text)
    GPIO_PinAFConfig                         0x08000a9b   Thumb Code    70  stm32f4xx_gpio.o(.text)
    RCC_DeInit                               0x08000b0d   Thumb Code    82  stm32f4xx_rcc.o(.text)
    RCC_HSEConfig                            0x08000b5f   Thumb Code    14  stm32f4xx_rcc.o(.text)
    RCC_GetFlagStatus                        0x08000b6d   Thumb Code    60  stm32f4xx_rcc.o(.text)
    RCC_WaitForHSEStartUp                    0x08000ba9   Thumb Code    56  stm32f4xx_rcc.o(.text)
    RCC_AdjustHSICalibrationValue            0x08000be1   Thumb Code    20  stm32f4xx_rcc.o(.text)
    RCC_HSICmd                               0x08000bf5   Thumb Code     6  stm32f4xx_rcc.o(.text)
    RCC_LSEConfig                            0x08000bfb   Thumb Code    46  stm32f4xx_rcc.o(.text)
    RCC_LSICmd                               0x08000c29   Thumb Code     6  stm32f4xx_rcc.o(.text)
    RCC_PLLConfig                            0x08000c2f   Thumb Code    32  stm32f4xx_rcc.o(.text)
    RCC_PLLCmd                               0x08000c4f   Thumb Code     6  stm32f4xx_rcc.o(.text)
    RCC_PLLI2SConfig                         0x08000c55   Thumb Code    14  stm32f4xx_rcc.o(.text)
    RCC_PLLI2SCmd                            0x08000c63   Thumb Code     6  stm32f4xx_rcc.o(.text)
    RCC_PLLSAIConfig                         0x08000c69   Thumb Code    20  stm32f4xx_rcc.o(.text)
    RCC_PLLSAICmd                            0x08000c7d   Thumb Code     6  stm32f4xx_rcc.o(.text)
    RCC_ClockSecuritySystemCmd               0x08000c83   Thumb Code     6  stm32f4xx_rcc.o(.text)
    RCC_MCO1Config                           0x08000c89   Thumb Code    28  stm32f4xx_rcc.o(.text)
    RCC_MCO2Config                           0x08000ca5   Thumb Code    28  stm32f4xx_rcc.o(.text)
    RCC_SYSCLKConfig                         0x08000cc1   Thumb Code    20  stm32f4xx_rcc.o(.text)
    RCC_GetSYSCLKSource                      0x08000cd5   Thumb Code    12  stm32f4xx_rcc.o(.text)
    RCC_HCLKConfig                           0x08000ce1   Thumb Code    20  stm32f4xx_rcc.o(.text)
    RCC_PCLK1Config                          0x08000cf5   Thumb Code    20  stm32f4xx_rcc.o(.text)
    RCC_PCLK2Config                          0x08000d09   Thumb Code    22  stm32f4xx_rcc.o(.text)
    RCC_GetClocksFreq                        0x08000d1f   Thumb Code   222  stm32f4xx_rcc.o(.text)
    RCC_RTCCLKConfig                         0x08000dfd   Thumb Code    54  stm32f4xx_rcc.o(.text)
    RCC_RTCCLKCmd                            0x08000e33   Thumb Code     8  stm32f4xx_rcc.o(.text)
    RCC_BackupResetCmd                       0x08000e3b   Thumb Code     8  stm32f4xx_rcc.o(.text)
    RCC_I2SCLKConfig                         0x08000e43   Thumb Code     6  stm32f4xx_rcc.o(.text)
    RCC_SAIPLLI2SClkDivConfig                0x08000e49   Thumb Code    26  stm32f4xx_rcc.o(.text)
    RCC_SAIPLLSAIClkDivConfig                0x08000e63   Thumb Code    28  stm32f4xx_rcc.o(.text)
    RCC_SAIBlockACLKConfig                   0x08000e7f   Thumb Code    20  stm32f4xx_rcc.o(.text)
    RCC_SAIBlockBCLKConfig                   0x08000e93   Thumb Code    20  stm32f4xx_rcc.o(.text)
    RCC_LTDCCLKDivConfig                     0x08000ea7   Thumb Code    20  stm32f4xx_rcc.o(.text)
    RCC_TIMCLKPresConfig                     0x08000ebb   Thumb Code     6  stm32f4xx_rcc.o(.text)
    RCC_AHB1PeriphClockCmd                   0x08000ec1   Thumb Code    34  stm32f4xx_rcc.o(.text)
    RCC_AHB2PeriphClockCmd                   0x08000ee3   Thumb Code    78  stm32f4xx_rcc.o(.text)
    RCC_AHB3PeriphClockCmd                   0x08000f31   Thumb Code    34  stm32f4xx_rcc.o(.text)
    RCC_APB1PeriphClockCmd                   0x08000f53   Thumb Code    34  stm32f4xx_rcc.o(.text)
    RCC_APB2PeriphClockCmd                   0x08000f75   Thumb Code    34  stm32f4xx_rcc.o(.text)
    RCC_AHB1PeriphResetCmd                   0x08000f97   Thumb Code    34  stm32f4xx_rcc.o(.text)
    RCC_AHB2PeriphResetCmd                   0x08000fb9   Thumb Code    34  stm32f4xx_rcc.o(.text)
    RCC_AHB3PeriphResetCmd                   0x08000fdb   Thumb Code    34  stm32f4xx_rcc.o(.text)
    RCC_APB1PeriphResetCmd                   0x08000ffd   Thumb Code    34  stm32f4xx_rcc.o(.text)
    RCC_APB2PeriphResetCmd                   0x0800101f   Thumb Code    34  stm32f4xx_rcc.o(.text)
    RCC_AHB1PeriphClockLPModeCmd             0x08001041   Thumb Code    34  stm32f4xx_rcc.o(.text)
    RCC_AHB2PeriphClockLPModeCmd             0x08001063   Thumb Code    34  stm32f4xx_rcc.o(.text)
    RCC_AHB3PeriphClockLPModeCmd             0x08001085   Thumb Code    34  stm32f4xx_rcc.o(.text)
    RCC_APB1PeriphClockLPModeCmd             0x080010a7   Thumb Code    34  stm32f4xx_rcc.o(.text)
    RCC_APB2PeriphClockLPModeCmd             0x080010c9   Thumb Code    34  stm32f4xx_rcc.o(.text)
    RCC_LSEModeConfig                        0x080010eb   Thumb Code    40  stm32f4xx_rcc.o(.text)
    RCC_ITConfig                             0x08001113   Thumb Code    34  stm32f4xx_rcc.o(.text)
    RCC_ClearFlag                            0x08001135   Thumb Code    18  stm32f4xx_rcc.o(.text)
    RCC_GetITStatus                          0x08001147   Thumb Code    22  stm32f4xx_rcc.o(.text)
    RCC_ClearITPendingBit                    0x0800115d   Thumb Code     8  stm32f4xx_rcc.o(.text)
    USART_DeInit                             0x08001169   Thumb Code   206  stm32f4xx_usart.o(.text)
    USART_Init                               0x08001237   Thumb Code   204  stm32f4xx_usart.o(.text)
    USART_StructInit                         0x08001303   Thumb Code    24  stm32f4xx_usart.o(.text)
    USART_ClockInit                          0x0800131b   Thumb Code    32  stm32f4xx_usart.o(.text)
    USART_ClockStructInit                    0x0800133b   Thumb Code    12  stm32f4xx_usart.o(.text)
    USART_Cmd                                0x08001347   Thumb Code    24  stm32f4xx_usart.o(.text)
    USART_SetPrescaler                       0x0800135f   Thumb Code    16  stm32f4xx_usart.o(.text)
    USART_OverSampling8Cmd                   0x0800136f   Thumb Code    22  stm32f4xx_usart.o(.text)
    USART_OneBitMethodCmd                    0x08001385   Thumb Code    24  stm32f4xx_usart.o(.text)
    USART_SendData                           0x0800139d   Thumb Code     8  stm32f4xx_usart.o(.text)
    USART_ReceiveData                        0x080013a5   Thumb Code    10  stm32f4xx_usart.o(.text)
    USART_SetAddress                         0x080013af   Thumb Code    18  stm32f4xx_usart.o(.text)
    USART_ReceiverWakeUpCmd                  0x080013c1   Thumb Code    24  stm32f4xx_usart.o(.text)
    USART_WakeUpConfig                       0x080013d9   Thumb Code    18  stm32f4xx_usart.o(.text)
    USART_LINBreakDetectLengthConfig         0x080013eb   Thumb Code    18  stm32f4xx_usart.o(.text)
    USART_LINCmd                             0x080013fd   Thumb Code    24  stm32f4xx_usart.o(.text)
    USART_SendBreak                          0x08001415   Thumb Code    10  stm32f4xx_usart.o(.text)
    USART_HalfDuplexCmd                      0x0800141f   Thumb Code    24  stm32f4xx_usart.o(.text)
    USART_SetGuardTime                       0x08001437   Thumb Code    16  stm32f4xx_usart.o(.text)
    USART_SmartCardCmd                       0x08001447   Thumb Code    24  stm32f4xx_usart.o(.text)
    USART_SmartCardNACKCmd                   0x0800145f   Thumb Code    24  stm32f4xx_usart.o(.text)
    USART_IrDAConfig                         0x08001477   Thumb Code    18  stm32f4xx_usart.o(.text)
    USART_IrDACmd                            0x08001489   Thumb Code    24  stm32f4xx_usart.o(.text)
    USART_DMACmd                             0x080014a1   Thumb Code    18  stm32f4xx_usart.o(.text)
    USART_ITConfig                           0x080014b3   Thumb Code    74  stm32f4xx_usart.o(.text)
    USART_GetFlagStatus                      0x080014fd   Thumb Code    26  stm32f4xx_usart.o(.text)
    USART_ClearFlag                          0x08001517   Thumb Code    18  stm32f4xx_usart.o(.text)
    USART_GetITStatus                        0x08001529   Thumb Code   118  stm32f4xx_usart.o(.text)
    USART_ClearITPendingBit                  0x0800159f   Thumb Code    30  stm32f4xx_usart.o(.text)
    TIM_DeInit                               0x080015bd   Thumb Code   346  stm32f4xx_tim.o(.text)
    TIM_TimeBaseInit                         0x08001717   Thumb Code   104  stm32f4xx_tim.o(.text)
    TIM_TimeBaseStructInit                   0x0800177f   Thumb Code    18  stm32f4xx_tim.o(.text)
    TIM_PrescalerConfig                      0x08001791   Thumb Code     6  stm32f4xx_tim.o(.text)
    TIM_CounterModeConfig                    0x08001797   Thumb Code    18  stm32f4xx_tim.o(.text)
    TIM_SetCounter                           0x080017a9   Thumb Code     4  stm32f4xx_tim.o(.text)
    TIM_SetAutoreload                        0x080017ad   Thumb Code     4  stm32f4xx_tim.o(.text)
    TIM_GetCounter                           0x080017b1   Thumb Code     6  stm32f4xx_tim.o(.text)
    TIM_GetPrescaler                         0x080017b7   Thumb Code     6  stm32f4xx_tim.o(.text)
    TIM_UpdateDisableConfig                  0x080017bd   Thumb Code    24  stm32f4xx_tim.o(.text)
    TIM_UpdateRequestConfig                  0x080017d5   Thumb Code    24  stm32f4xx_tim.o(.text)
    TIM_ARRPreloadConfig                     0x080017ed   Thumb Code    24  stm32f4xx_tim.o(.text)
    TIM_SelectOnePulseMode                   0x08001805   Thumb Code    18  stm32f4xx_tim.o(.text)
    TIM_SetClockDivision                     0x08001817   Thumb Code    18  stm32f4xx_tim.o(.text)
    TIM_Cmd                                  0x08001829   Thumb Code    24  stm32f4xx_tim.o(.text)
    TIM_OC1Init                              0x08001841   Thumb Code   114  stm32f4xx_tim.o(.text)
    TIM_OC2Init                              0x080018b3   Thumb Code   154  stm32f4xx_tim.o(.text)
    TIM_OC3Init                              0x0800194d   Thumb Code   204  stm32f4xx_tim.o(.text)
    TIM_OC4Init                              0x08001a19   Thumb Code   112  stm32f4xx_tim.o(.text)
    TIM_OCStructInit                         0x08001a89   Thumb Code    20  stm32f4xx_tim.o(.text)
    TIM_SelectOCxM                           0x08001a9d   Thumb Code    86  stm32f4xx_tim.o(.text)
    TIM_SetCompare1                          0x08001af3   Thumb Code     4  stm32f4xx_tim.o(.text)
    TIM_SetCompare2                          0x08001af7   Thumb Code     4  stm32f4xx_tim.o(.text)
    TIM_SetCompare3                          0x08001afb   Thumb Code     4  stm32f4xx_tim.o(.text)
    TIM_SetCompare4                          0x08001aff   Thumb Code     4  stm32f4xx_tim.o(.text)
    TIM_ForcedOC1Config                      0x08001b03   Thumb Code    18  stm32f4xx_tim.o(.text)
    TIM_ForcedOC2Config                      0x08001b15   Thumb Code    26  stm32f4xx_tim.o(.text)
    TIM_ForcedOC3Config                      0x08001b2f   Thumb Code    18  stm32f4xx_tim.o(.text)
    TIM_ForcedOC4Config                      0x08001b41   Thumb Code    26  stm32f4xx_tim.o(.text)
    TIM_OC1PreloadConfig                     0x08001b5b   Thumb Code    18  stm32f4xx_tim.o(.text)
    TIM_OC2PreloadConfig                     0x08001b6d   Thumb Code    26  stm32f4xx_tim.o(.text)
    TIM_OC3PreloadConfig                     0x08001b87   Thumb Code    18  stm32f4xx_tim.o(.text)
    TIM_OC4PreloadConfig                     0x08001b99   Thumb Code    26  stm32f4xx_tim.o(.text)
    TIM_OC1FastConfig                        0x08001bb3   Thumb Code    18  stm32f4xx_tim.o(.text)
    TIM_OC2FastConfig                        0x08001bc5   Thumb Code    26  stm32f4xx_tim.o(.text)
    TIM_OC3FastConfig                        0x08001bdf   Thumb Code    18  stm32f4xx_tim.o(.text)
    TIM_OC4FastConfig                        0x08001bf1   Thumb Code    26  stm32f4xx_tim.o(.text)
    TIM_ClearOC1Ref                          0x08001c0b   Thumb Code    18  stm32f4xx_tim.o(.text)
    TIM_ClearOC2Ref                          0x08001c1d   Thumb Code    24  stm32f4xx_tim.o(.text)
    TIM_ClearOC3Ref                          0x08001c35   Thumb Code    18  stm32f4xx_tim.o(.text)
    TIM_ClearOC4Ref                          0x08001c47   Thumb Code    24  stm32f4xx_tim.o(.text)
    TIM_OC1PolarityConfig                    0x08001c5f   Thumb Code    18  stm32f4xx_tim.o(.text)
    TIM_OC1NPolarityConfig                   0x08001c71   Thumb Code    18  stm32f4xx_tim.o(.text)
    TIM_OC2PolarityConfig                    0x08001c83   Thumb Code    26  stm32f4xx_tim.o(.text)
    TIM_OC2NPolarityConfig                   0x08001c9d   Thumb Code    26  stm32f4xx_tim.o(.text)
    TIM_OC3PolarityConfig                    0x08001cb7   Thumb Code    26  stm32f4xx_tim.o(.text)
    TIM_OC3NPolarityConfig                   0x08001cd1   Thumb Code    26  stm32f4xx_tim.o(.text)
    TIM_OC4PolarityConfig                    0x08001ceb   Thumb Code    26  stm32f4xx_tim.o(.text)
    TIM_CCxCmd                               0x08001d05   Thumb Code    30  stm32f4xx_tim.o(.text)
    TIM_CCxNCmd                              0x08001d23   Thumb Code    30  stm32f4xx_tim.o(.text)
    TIM_SetIC4Prescaler                      0x08001d41   Thumb Code    26  stm32f4xx_tim.o(.text)
    TIM_SetIC3Prescaler                      0x08001dab   Thumb Code    18  stm32f4xx_tim.o(.text)
    TIM_SetIC2Prescaler                      0x08001e05   Thumb Code    26  stm32f4xx_tim.o(.text)
    TIM_SetIC1Prescaler                      0x08001e79   Thumb Code    18  stm32f4xx_tim.o(.text)
    TIM_ICInit                               0x08001ec5   Thumb Code   110  stm32f4xx_tim.o(.text)
    TIM_ICStructInit                         0x08001f33   Thumb Code    18  stm32f4xx_tim.o(.text)
    TIM_PWMIConfig                           0x08001f45   Thumb Code   124  stm32f4xx_tim.o(.text)
    TIM_GetCapture1                          0x08001fc1   Thumb Code     6  stm32f4xx_tim.o(.text)
    TIM_GetCapture2                          0x08001fc7   Thumb Code     6  stm32f4xx_tim.o(.text)
    TIM_GetCapture3                          0x08001fcd   Thumb Code     6  stm32f4xx_tim.o(.text)
    TIM_GetCapture4                          0x08001fd3   Thumb Code     6  stm32f4xx_tim.o(.text)
    TIM_BDTRConfig                           0x08001fd9   Thumb Code    32  stm32f4xx_tim.o(.text)
    TIM_BDTRStructInit                       0x08001ff9   Thumb Code    18  stm32f4xx_tim.o(.text)
    TIM_CtrlPWMOutputs                       0x0800200b   Thumb Code    30  stm32f4xx_tim.o(.text)
    TIM_SelectCOM                            0x08002029   Thumb Code    24  stm32f4xx_tim.o(.text)
    TIM_CCPreloadControl                     0x08002041   Thumb Code    24  stm32f4xx_tim.o(.text)
    TIM_ITConfig                             0x08002059   Thumb Code    18  stm32f4xx_tim.o(.text)
    TIM_GenerateEvent                        0x0800206b   Thumb Code     4  stm32f4xx_tim.o(.text)
    TIM_GetFlagStatus                        0x0800206f   Thumb Code    18  stm32f4xx_tim.o(.text)
    TIM_ClearFlag                            0x08002081   Thumb Code     6  stm32f4xx_tim.o(.text)
    TIM_GetITStatus                          0x08002087   Thumb Code    34  stm32f4xx_tim.o(.text)
    TIM_ClearITPendingBit                    0x080020a9   Thumb Code     6  stm32f4xx_tim.o(.text)
    TIM_DMAConfig                            0x080020af   Thumb Code    10  stm32f4xx_tim.o(.text)
    TIM_DMACmd                               0x080020b9   Thumb Code    18  stm32f4xx_tim.o(.text)
    TIM_SelectCCDMA                          0x080020cb   Thumb Code    24  stm32f4xx_tim.o(.text)
    TIM_InternalClockConfig                  0x080020e3   Thumb Code    12  stm32f4xx_tim.o(.text)
    TIM_SelectInputTrigger                   0x080020ef   Thumb Code    18  stm32f4xx_tim.o(.text)
    TIM_ITRxExternalClockConfig              0x08002101   Thumb Code    24  stm32f4xx_tim.o(.text)
    TIM_TIxExternalClockConfig               0x08002119   Thumb Code    62  stm32f4xx_tim.o(.text)
    TIM_ETRConfig                            0x08002157   Thumb Code    28  stm32f4xx_tim.o(.text)
    TIM_ETRClockMode1Config                  0x08002173   Thumb Code    54  stm32f4xx_tim.o(.text)
    TIM_ETRClockMode2Config                  0x080021a9   Thumb Code    32  stm32f4xx_tim.o(.text)
    TIM_SelectOutputTrigger                  0x080021c9   Thumb Code    18  stm32f4xx_tim.o(.text)
    TIM_SelectSlaveMode                      0x080021db   Thumb Code    18  stm32f4xx_tim.o(.text)
    TIM_SelectMasterSlaveMode                0x080021ed   Thumb Code    18  stm32f4xx_tim.o(.text)
    TIM_EncoderInterfaceConfig               0x080021ff   Thumb Code    66  stm32f4xx_tim.o(.text)
    TIM_SelectHallSensor                     0x08002241   Thumb Code    24  stm32f4xx_tim.o(.text)
    TIM_RemapConfig                          0x08002259   Thumb Code     6  stm32f4xx_tim.o(.text)
    CAN_DeInit                               0x08002261   Thumb Code    50  stm32f4xx_can.o(.text)
    CAN_Init                                 0x08002293   Thumb Code   276  stm32f4xx_can.o(.text)
    CAN_FilterInit                           0x080023a7   Thumb Code   258  stm32f4xx_can.o(.text)
    CAN_StructInit                           0x080024a9   Thumb Code    32  stm32f4xx_can.o(.text)
    CAN_SlaveStartBank                       0x080024c9   Thumb Code    48  stm32f4xx_can.o(.text)
    CAN_DBGFreeze                            0x080024f9   Thumb Code    22  stm32f4xx_can.o(.text)
    CAN_TTComModeCmd                         0x0800250f   Thumb Code   118  stm32f4xx_can.o(.text)
    CAN_Transmit                             0x08002585   Thumb Code   304  stm32f4xx_can.o(.text)
    CAN_TransmitStatus                       0x080026b5   Thumb Code   138  stm32f4xx_can.o(.text)
    CAN_CancelTransmit                       0x0800273f   Thumb Code    48  stm32f4xx_can.o(.text)
    CAN_Receive                              0x0800276f   Thumb Code   240  stm32f4xx_can.o(.text)
    CAN_FIFORelease                          0x0800285f   Thumb Code    22  stm32f4xx_can.o(.text)
    CAN_MessagePending                       0x08002875   Thumb Code    30  stm32f4xx_can.o(.text)
    CAN_OperatingModeRequest                 0x08002893   Thumb Code   162  stm32f4xx_can.o(.text)
    CAN_Sleep                                0x08002935   Thumb Code    30  stm32f4xx_can.o(.text)
    CAN_WakeUp                               0x08002953   Thumb Code    48  stm32f4xx_can.o(.text)
    CAN_GetLastErrorCode                     0x08002983   Thumb Code    12  stm32f4xx_can.o(.text)
    CAN_GetReceiveErrorCounter               0x0800298f   Thumb Code    10  stm32f4xx_can.o(.text)
    CAN_GetLSBTransmitErrorCounter           0x08002999   Thumb Code    12  stm32f4xx_can.o(.text)
    CAN_ITConfig                             0x080029a5   Thumb Code    18  stm32f4xx_can.o(.text)
    CAN_GetFlagStatus                        0x080029b7   Thumb Code   120  stm32f4xx_can.o(.text)
    CAN_ClearFlag                            0x08002a2f   Thumb Code    52  stm32f4xx_can.o(.text)
    CAN_GetITStatus                          0x08002a75   Thumb Code   310  stm32f4xx_can.o(.text)
    CAN_ClearITPendingBit                    0x08002bab   Thumb Code   162  stm32f4xx_can.o(.text)
    SysTick_Handler                          0x08002c51   Thumb Code    16  delay.o(.text)
    delay_init                               0x08002c61   Thumb Code    58  delay.o(.text)
    delay_us                                 0x08002c9b   Thumb Code    68  delay.o(.text)
    delay_ms                                 0x08002cdf   Thumb Code    60  delay.o(.text)
    delay_xms                                0x08002d1b   Thumb Code    24  delay.o(.text)
    LED_Init                                 0x08002d3d   Thumb Code    56  led.o(.text)
    TIM1_Config                              0x08002d79   Thumb Code    96  motor.o(.text)
    TIM1_PWM_Init                            0x08002dd9   Thumb Code   138  motor.o(.text)
    TIM1_PWM_SET                             0x08002e63   Thumb Code    82  motor.o(.text)
    Motor_Init                               0x08002eb5   Thumb Code    74  motor.o(.text)
    MoveUp                                   0x08002eff   Thumb Code    20  motor.o(.text)
    MoveDown                                 0x08002f13   Thumb Code    20  motor.o(.text)
    MotorCrl                                 0x08002f27   Thumb Code    48  motor.o(.text)
    CAN1_Mode_Init                           0x08002f69   Thumb Code   208  can.o(.text)
    CAN1_Send_Msg                            0x08003039   Thumb Code   104  can.o(.text)
    CAN1_Receive_Msg                         0x080030a1   Thumb Code    60  can.o(.text)
    vListInitialise                          0x080030e5   Thumb Code    26  list.o(.text)
    vListInitialiseItem                      0x080030ff   Thumb Code     6  list.o(.text)
    vListInsertEnd                           0x08003105   Thumb Code    24  list.o(.text)
    vListInsert                              0x0800311d   Thumb Code    52  list.o(.text)
    uxListRemove                             0x08003151   Thumb Code    40  list.o(.text)
    xQueueGenericReset                       0x08003179   Thumb Code   146  queue.o(.text)
    xQueueGenericCreate                      0x08003235   Thumb Code    90  queue.o(.text)
    xQueueGenericSend                        0x080033a9   Thumb Code   420  queue.o(.text)
    xQueueCreateMutex                        0x0800356b   Thumb Code    34  queue.o(.text)
    xQueueGiveMutexRecursive                 0x0800358d   Thumb Code    78  queue.o(.text)
    xQueueSemaphoreTake                      0x08003609   Thumb Code   434  queue.o(.text)
    xQueueTakeMutexRecursive                 0x080037bb   Thumb Code    78  queue.o(.text)
    xQueueCreateCountingSemaphore            0x08003809   Thumb Code    92  queue.o(.text)
    xQueueGenericSendFromISR                 0x08003865   Thumb Code   248  queue.o(.text)
    xQueueGiveFromISR                        0x0800395d   Thumb Code   224  queue.o(.text)
    xQueueReceive                            0x08003a67   Thumb Code   362  queue.o(.text)
    xQueuePeek                               0x08003bd1   Thumb Code   362  queue.o(.text)
    xQueueReceiveFromISR                     0x08003d3b   Thumb Code   202  queue.o(.text)
    xQueuePeekFromISR                        0x08003e05   Thumb Code   176  queue.o(.text)
    uxQueueMessagesWaiting                   0x08003eb5   Thumb Code    42  queue.o(.text)
    uxQueueSpacesAvailable                   0x08003edf   Thumb Code    52  queue.o(.text)
    uxQueueMessagesWaitingFromISR            0x08003f13   Thumb Code    34  queue.o(.text)
    vQueueUnregisterQueue                    0x08003f35   Thumb Code    44  queue.o(.text)
    vQueueDelete                             0x08003f61   Thumb Code    44  queue.o(.text)
    uxQueueGetQueueNumber                    0x08003f8d   Thumb Code     6  queue.o(.text)
    vQueueSetQueueNumber                     0x08003f93   Thumb Code     4  queue.o(.text)
    ucQueueGetQueueType                      0x08003f97   Thumb Code     8  queue.o(.text)
    xQueueIsQueueEmptyFromISR                0x08003f9f   Thumb Code    42  queue.o(.text)
    xQueueIsQueueFullFromISR                 0x08003fc9   Thumb Code    46  queue.o(.text)
    vQueueAddToRegistry                      0x08003ff7   Thumb Code    38  queue.o(.text)
    pcQueueGetName                           0x0800401d   Thumb Code    38  queue.o(.text)
    vQueueWaitForMessageRestricted           0x08004043   Thumb Code    74  queue.o(.text)
    xTaskCreate                              0x0800423f   Thumb Code    96  tasks.o(.text)
    vTaskDelete                              0x080042db   Thumb Code   202  tasks.o(.text)
    xTaskIncrementTick                       0x080043a5   Thumb Code   358  tasks.o(.text)
    xTaskResumeAll                           0x0800450b   Thumb Code   224  tasks.o(.text)
    vTaskSuspendAll                          0x08004667   Thumb Code    12  tasks.o(.text)
    vTaskDelayUntil                          0x08004673   Thumb Code   200  tasks.o(.text)
    vTaskDelay                               0x0800473b   Thumb Code    82  tasks.o(.text)
    eTaskGetState                            0x0800478d   Thumb Code   128  tasks.o(.text)
    uxTaskPriorityGet                        0x0800480d   Thumb Code    30  tasks.o(.text)
    uxTaskPriorityGetFromISR                 0x0800482b   Thumb Code    62  tasks.o(.text)
    vTaskPrioritySet                         0x08004869   Thumb Code   324  tasks.o(.text)
    vTaskSwitchContext                       0x080049ad   Thumb Code   118  tasks.o(.text)
    vTaskSuspend                             0x08004a23   Thumb Code   210  tasks.o(.text)
    vTaskResume                              0x08004b45   Thumb Code   128  tasks.o(.text)
    xTaskResumeFromISR                       0x08004bc5   Thumb Code   158  tasks.o(.text)
    vTaskStartScheduler                      0x08004cbf   Thumb Code   192  tasks.o(.text)
    vTaskEndScheduler                        0x08004d7f   Thumb Code    32  tasks.o(.text)
    xTaskGetTickCount                        0x08004d9f   Thumb Code     6  tasks.o(.text)
    xTaskGetTickCountFromISR                 0x08004da5   Thumb Code    16  tasks.o(.text)
    uxTaskGetNumberOfTasks                   0x08004db5   Thumb Code     6  tasks.o(.text)
    pcTaskGetName                            0x08004dbb   Thumb Code    44  tasks.o(.text)
    vTaskGetInfo                             0x08004dfd   Thumb Code   126  tasks.o(.text)
    uxTaskGetSystemState                     0x08004ee5   Thumb Code   152  tasks.o(.text)
    vTaskPlaceOnEventList                    0x08004f7d   Thumb Code    52  tasks.o(.text)
    vTaskPlaceOnUnorderedEventList           0x08004fb1   Thumb Code   100  tasks.o(.text)
    vTaskPlaceOnEventListRestricted          0x08005015   Thumb Code    60  tasks.o(.text)
    xTaskRemoveFromEventList                 0x08005051   Thumb Code   128  tasks.o(.text)
    vTaskRemoveFromUnorderedEventList        0x080050d1   Thumb Code   142  tasks.o(.text)
    vTaskSetTimeOutState                     0x0800515f   Thumb Code   104  tasks.o(.text)
    vTaskInternalSetTimeOutState             0x080051c7   Thumb Code    14  tasks.o(.text)
    xTaskCheckForTimeOut                     0x080051d5   Thumb Code   132  tasks.o(.text)
    vTaskMissedYield                         0x08005259   Thumb Code     8  tasks.o(.text)
    uxTaskGetTaskNumber                      0x08005261   Thumb Code    14  tasks.o(.text)
    vTaskSetTaskNumber                       0x0800526f   Thumb Code     8  tasks.o(.text)
    xTaskGetCurrentTaskHandle                0x08005277   Thumb Code     6  tasks.o(.text)
    xTaskGetSchedulerState                   0x0800527d   Thumb Code    24  tasks.o(.text)
    xTaskPriorityInherit                     0x08005295   Thumb Code   186  tasks.o(.text)
    xTaskPriorityDisinherit                  0x0800534f   Thumb Code   188  tasks.o(.text)
    vTaskPriorityDisinheritAfterTimeout      0x0800540b   Thumb Code   230  tasks.o(.text)
    uxTaskResetEventItemValue                0x080054f1   Thumb Code    24  tasks.o(.text)
    pvTaskIncrementMutexHeldCount            0x08005509   Thumb Code    26  tasks.o(.text)
    ulTaskNotifyTake                         0x08005523   Thumb Code   108  tasks.o(.text)
    xTaskNotifyWait                          0x0800558f   Thumb Code   188  tasks.o(.text)
    xTaskGenericNotify                       0x0800564b   Thumb Code   280  tasks.o(.text)
    xTaskGenericNotifyFromISR                0x08005763   Thumb Code   334  tasks.o(.text)
    vTaskNotifyGiveFromISR                   0x080058b1   Thumb Code   214  tasks.o(.text)
    xTaskNotifyStateClear                    0x08005987   Thumb Code    48  tasks.o(.text)
    xTimerGenericCommand                     0x08005a25   Thumb Code   126  timers.o(.text)
    xTimerCreateTimerTask                    0x08005d9b   Thumb Code   118  timers.o(.text)
    xTimerCreate                             0x08005e5f   Thumb Code    48  timers.o(.text)
    xTimerGetTimerDaemonTaskHandle           0x08005e8f   Thumb Code    42  timers.o(.text)
    xTimerGetPeriod                          0x08005eb9   Thumb Code    32  timers.o(.text)
    xTimerGetExpiryTime                      0x08005ed9   Thumb Code    34  timers.o(.text)
    pcTimerGetName                           0x08005efb   Thumb Code    32  timers.o(.text)
    xTimerIsTimerActive                      0x08005f1b   Thumb Code    62  timers.o(.text)
    pvTimerGetTimerID                        0x08005f59   Thumb Code    44  timers.o(.text)
    vTimerSetTimerID                         0x08005f85   Thumb Code    44  timers.o(.text)
    uxTimerGetTimerNumber                    0x08005fb1   Thumb Code     6  timers.o(.text)
    vTimerSetTimerNumber                     0x08005fb7   Thumb Code     4  timers.o(.text)
    pxPortInitialiseStack                    0x08005ffd   Thumb Code    38  port.o(.text)
    vPortSetupTimerInterrupt                 0x08006023   Thumb Code    36  port.o(.text)
    xPortStartScheduler                      0x08006047   Thumb Code   330  port.o(.text)
    vPortEndScheduler                        0x08006191   Thumb Code    42  port.o(.text)
    vPortEnterCritical                       0x080061bb   Thumb Code    78  port.o(.text)
    vPortExitCritical                        0x08006209   Thumb Code    56  port.o(.text)
    xPortSysTickHandler                      0x08006241   Thumb Code    48  port.o(.text)
    vPortValidateInterruptPriority           0x08006271   Thumb Code   108  port.o(.text)
    pvPortMalloc                             0x080063c3   Thumb Code   296  heap_4.o(.text)
    vPortFree                                0x080064eb   Thumb Code   140  heap_4.o(.text)
    xPortGetFreeHeapSize                     0x08006577   Thumb Code     6  heap_4.o(.text)
    xPortGetMinimumEverFreeHeapSize          0x0800657d   Thumb Code     6  heap_4.o(.text)
    vPortInitialiseBlocks                    0x08006583   Thumb Code     2  heap_4.o(.text)
    xMBPortEventInit                         0x0800659d   Thumb Code    10  portevent.o(.text)
    xMBPortEventPost                         0x080065a7   Thumb Code    16  portevent.o(.text)
    xMBPortEventGet                          0x080065b7   Thumb Code    26  portevent.o(.text)
    vMBPortSerialEnable                      0x080065d9   Thumb Code    64  portserial.o(.text)
    xMBPortSerialInit                        0x08006619   Thumb Code   170  portserial.o(.text)
    xMBPortSerialPutByte                     0x080066c3   Thumb Code    16  portserial.o(.text)
    xMBPortSerialGetByte                     0x080066d3   Thumb Code    16  portserial.o(.text)
    USART1_IRQHandler                        0x080066f7   Thumb Code    60  portserial.o(.text)
    xMBPortTimersInit                        0x08006745   Thumb Code   120  porttimer.o(.text)
    vMBPortTimersEnable                      0x080067bd   Thumb Code    38  porttimer.o(.text)
    vMBPortTimersDisable                     0x080067e3   Thumb Code    38  porttimer.o(.text)
    TIM3_IRQHandler                          0x08006813   Thumb Code    26  porttimer.o(.text)
    eMBInit                                  0x08006835   Thumb Code   222  mb.o(.text)
    eMBRegisterCB                            0x08006913   Thumb Code   138  mb.o(.text)
    eMBClose                                 0x0800699d   Thumb Code    32  mb.o(.text)
    eMBEnable                                0x080069bd   Thumb Code    32  mb.o(.text)
    eMBDisable                               0x080069dd   Thumb Code    42  mb.o(.text)
    eMBPoll                                  0x08006a07   Thumb Code   268  mb.o(.text)
    usMBCRC16                                0x08006b91   Thumb Code    48  mbcrc.o(.text)
    eMBRTUInit                               0x08006bc9   Thumb Code    84  mbrtu.o(.text)
    eMBRTUStart                              0x08006c1d   Thumb Code    30  mbrtu.o(.text)
    eMBRTUStop                               0x08006c3b   Thumb Code    24  mbrtu.o(.text)
    eMBRTUReceive                            0x08006c53   Thumb Code    98  mbrtu.o(.text)
    eMBRTUSend                               0x08006cb5   Thumb Code   154  mbrtu.o(.text)
    xMBRTUReceiveFSM                         0x08006d4f   Thumb Code   140  mbrtu.o(.text)
    xMBRTUTransmitFSM                        0x08006ddb   Thumb Code   116  mbrtu.o(.text)
    xMBRTUTimerT35Expired                    0x08006e4f   Thumb Code    96  mbrtu.o(.text)
    eMBASCIIInit                             0x08006f55   Thumb Code    68  mbascii.o(.text)
    eMBASCIIStart                            0x08006f99   Thumb Code    32  mbascii.o(.text)
    eMBASCIIStop                             0x08006fb9   Thumb Code    24  mbascii.o(.text)
    eMBASCIIReceive                          0x08006ff1   Thumb Code    96  mbascii.o(.text)
    eMBASCIISend                             0x08007051   Thumb Code   110  mbascii.o(.text)
    xMBASCIIReceiveFSM                       0x080070e5   Thumb Code   296  mbascii.o(.text)
    xMBASCIITransmitFSM                      0x08007239   Thumb Code   240  mbascii.o(.text)
    xMBASCIITimerT1SExpired                  0x08007329   Thumb Code   242  mbascii.o(.text)
    eMBFuncReadCoils                         0x08007421   Thumb Code   166  mbfunccoils.o(.text)
    eMBFuncWriteCoil                         0x080074c7   Thumb Code   108  mbfunccoils.o(.text)
    eMBFuncWriteMultipleCoils                0x08007533   Thumb Code   142  mbfunccoils.o(.text)
    eMBFuncReadDiscreteInputs                0x080075c1   Thumb Code   164  mbfuncdisc.o(.text)
    eMBFuncWriteHoldingRegister              0x08007665   Thumb Code    62  mbfuncholding.o(.text)
    eMBFuncWriteMultipleHoldingRegister      0x080076a3   Thumb Code   106  mbfuncholding.o(.text)
    eMBFuncReadHoldingRegister               0x0800770d   Thumb Code   132  mbfuncholding.o(.text)
    eMBFuncReadWriteMultipleHoldingRegister  0x08007791   Thumb Code   212  mbfuncholding.o(.text)
    eMBFuncReadInputRegister                 0x08007865   Thumb Code   132  mbfuncinput.o(.text)
    eMBSetSlaveID                            0x080078e9   Thumb Code   110  mbfuncother.o(.text)
    eMBFuncReportSlaveID                     0x08007957   Thumb Code    30  mbfuncother.o(.text)
    xMBUtilSetBits                           0x0800797d   Thumb Code   104  mbutils.o(.text)
    xMBUtilGetBits                           0x080079e5   Thumb Code    42  mbutils.o(.text)
    prveMBError2Exception                    0x08007a0f   Thumb Code    34  mbutils.o(.text)
    eMBRegInputCB                            0x08007a6d   Thumb Code    68  freemodbus.o(.text)
    eMBRegHoldingCB                          0x08007ab1   Thumb Code   124  freemodbus.o(.text)
    eMBRegCoilsCB                            0x08007b2d   Thumb Code   146  freemodbus.o(.text)
    eMBRegDiscreteCB                         0x08007bbf   Thumb Code    90  freemodbus.o(.text)
    __aeabi_assert                           0x08007c31   Thumb Code    84  assert.o(.text)
    __assert                                 0x08007c31   Thumb Code     0  assert.o(.text)
    __aeabi_memcpy                           0x08007cad   Thumb Code     0  rt_memcpy_v6.o(.text)
    __rt_memcpy                              0x08007cad   Thumb Code   138  rt_memcpy_v6.o(.text)
    _memcpy_lastbytes                        0x08007d13   Thumb Code     0  rt_memcpy_v6.o(.text)
    __aeabi_memset                           0x08007d37   Thumb Code    16  aeabi_memset.o(.text)
    __use_two_region_memory                  0x08007d47   Thumb Code     2  heapauxi.o(.text)
    __rt_heap_escrow$2region                 0x08007d49   Thumb Code     2  heapauxi.o(.text)
    __rt_heap_expand$2region                 0x08007d4b   Thumb Code     2  heapauxi.o(.text)
    abort                                    0x08007d4d   Thumb Code    16  abort.o(.text)
    __assert_puts                            0x08007d5d   Thumb Code    20  assert_puts.o(.text)
    __aeabi_memcpy4                          0x08007d71   Thumb Code     0  rt_memcpy_w.o(.text)
    __aeabi_memcpy8                          0x08007d71   Thumb Code     0  rt_memcpy_w.o(.text)
    __rt_memcpy_w                            0x08007d71   Thumb Code   100  rt_memcpy_w.o(.text)
    _memcpy_lastbytes_aligned                0x08007db9   Thumb Code     0  rt_memcpy_w.o(.text)
    __aeabi_memclr                           0x08007dd5   Thumb Code     0  rt_memclr.o(.text)
    __rt_memclr                              0x08007dd5   Thumb Code    68  rt_memclr.o(.text)
    _memset                                  0x08007dd9   Thumb Code     0  rt_memclr.o(.text)
    _ttywrch                                 0x08007e19   Thumb Code    14  sys_wrch.o(.text)
    _sys_exit                                0x08007e29   Thumb Code     8  sys_exit.o(.text)
    __rt_SIGABRT                             0x08007e35   Thumb Code    14  defsig_abrt_outer.o(.text)
    __aeabi_memclr4                          0x08007e43   Thumb Code     0  rt_memclr_w.o(.text)
    __aeabi_memclr8                          0x08007e43   Thumb Code     0  rt_memclr_w.o(.text)
    __rt_memclr_w                            0x08007e43   Thumb Code    78  rt_memclr_w.o(.text)
    _memset_w                                0x08007e47   Thumb Code     0  rt_memclr_w.o(.text)
    __I$use$semihosting                      0x08007e91   Thumb Code     0  use_no_semi.o(.text)
    __use_no_semihosting_swi                 0x08007e91   Thumb Code     2  use_no_semi.o(.text)
    __semihosting_library_function           0x08007e93   Thumb Code     0  indicate_semi.o(.text)
    __user_setup_stackheap                   0x08007e93   Thumb Code    74  sys_stackheap_outer.o(.text)
    exit                                     0x08007edd   Thumb Code    12  exit.o(.text)
    __sig_exit                               0x08007ee9   Thumb Code    10  defsig_exit.o(.text)
    __rt_SIGABRT_inner                       0x08007ef5   Thumb Code    14  defsig_abrt_inner.o(.text)
    __user_libspace                          0x08007f25   Thumb Code     8  libspace.o(.text)
    __user_perproc_libspace                  0x08007f25   Thumb Code     0  libspace.o(.text)
    __user_perthread_libspace                0x08007f25   Thumb Code     0  libspace.o(.text)
    __default_signal_display                 0x08007f2d   Thumb Code    50  defsig_general.o(.text)
    _fp_init                                 0x08007f5f   Thumb Code    10  fpinit.o(x$fpl$fpinit)
    __fplib_config_fpu_vfp                   0x08007f67   Thumb Code     0  fpinit.o(x$fpl$fpinit)
    __fplib_config_pureend_doubles           0x08007f67   Thumb Code     0  fpinit.o(x$fpl$fpinit)
    Region$$Table$$Base                      0x08008210   Number         0  anon$$obj.o(Region$$Table)
    Region$$Table$$Limit                     0x08008230   Number         0  anon$$obj.o(Region$$Table)
    StartTask_Handler                        0x20000000   Data           4  main.o(.data)
    ModbusTask_Handler                       0x20000004   Data           4  main.o(.data)
    CANTask_Handler                          0x20000008   Data           4  main.o(.data)
    MotorTask_Handler                        0x2000000c   Data           4  main.o(.data)
    MoveInteval                              0x20000010   Data           1  main.o(.data)
    SystemCoreClock                          0x2000001c   Data           4  system_stm32f4xx.o(.data)
    AHBPrescTable                            0x20000020   Data          16  system_stm32f4xx.o(.data)
    pxCurrentTCB                             0x20000044   Data           4  tasks.o(.data)
    pxMBFrameCBByteReceived                  0x200000d4   Data           4  mb.o(.data)
    pxMBFrameCBTransmitterEmpty              0x200000d8   Data           4  mb.o(.data)
    pxMBPortCBTimerExpired                   0x200000dc   Data           4  mb.o(.data)
    pxMBFrameCBReceiveFSMCur                 0x200000e0   Data           4  mb.o(.data)
    pxMBFrameCBTransmitFSMCur                0x200000e4   Data           4  mb.o(.data)
    usRegInputBuf                            0x20000196   Data          32  freemodbus.o(.data)
    usRegInputStart                          0x200001b6   Data           2  freemodbus.o(.data)
    usRegHoldingBuf                          0x200001b8   Data         256  freemodbus.o(.data)
    usRegHoldingStart                        0x200002b8   Data           2  freemodbus.o(.data)
    ucRegCoilsBuf                            0x200002ba   Data           2  freemodbus.o(.data)
    ucRegDiscreteBuf                         0x200002bc   Data           2  freemodbus.o(.data)
    xQueueRegistry                           0x200002c0   Data          64  queue.o(.bss)
    ucRTUBuf                                 0x20012ff0   Data         256  mbrtu.o(.bss)
    __libspace_start                         0x20013110   Data          96  libspace.o(.bss)
    __temporary_stack_top$libspace           0x20013170   Data           0  libspace.o(.bss)



==============================================================================

Memory Map of the image

  Image Entry point : 0x08000189

  Load Region LR_IROM1 (Base: 0x08000000, Size: 0x000084f0, Max: 0x00080000, ABSOLUTE, COMPRESSED[0x000082b0])

    Execution Region ER_IROM1 (Base: 0x08000000, Size: 0x00008230, Max: 0x00080000, ABSOLUTE)

    Base Addr    Size         Type   Attr      Idx    E Section Name        Object

    0x08000000   0x00000188   Data   RO          280    RESET               startup_stm32f40_41xxx.o
    0x08000188   0x00000008   Code   RO         1066  * !!!main             c_w.l(__main.o)
    0x08000190   0x00000034   Code   RO         1236    !!!scatter          c_w.l(__scatter.o)
    0x080001c4   0x0000005a   Code   RO         1234    !!dczerorl2         c_w.l(__dczerorl2.o)
    0x0800021e   0x00000002   PAD
    0x08000220   0x0000001c   Code   RO         1238    !!handler_zi        c_w.l(__scatter_zi.o)
    0x0800023c   0x00000002   Code   RO         1120    .ARM.Collect$$libinit$$00000000  c_w.l(libinit.o)
    0x0800023e   0x00000004   Code   RO         1130    .ARM.Collect$$libinit$$00000001  c_w.l(libinit2.o)
    0x08000242   0x00000000   Code   RO         1134    .ARM.Collect$$libinit$$00000008  c_w.l(libinit2.o)
    0x08000242   0x00000000   Code   RO         1136    .ARM.Collect$$libinit$$0000000A  c_w.l(libinit2.o)
    0x08000242   0x00000000   Code   RO         1138    .ARM.Collect$$libinit$$0000000C  c_w.l(libinit2.o)
    0x08000242   0x00000000   Code   RO         1141    .ARM.Collect$$libinit$$0000000F  c_w.l(libinit2.o)
    0x08000242   0x00000000   Code   RO         1143    .ARM.Collect$$libinit$$00000011  c_w.l(libinit2.o)
    0x08000242   0x00000000   Code   RO         1145    .ARM.Collect$$libinit$$00000013  c_w.l(libinit2.o)
    0x08000242   0x00000000   Code   RO         1147    .ARM.Collect$$libinit$$00000015  c_w.l(libinit2.o)
    0x08000242   0x00000000   Code   RO         1149    .ARM.Collect$$libinit$$00000017  c_w.l(libinit2.o)
    0x08000242   0x00000000   Code   RO         1151    .ARM.Collect$$libinit$$00000019  c_w.l(libinit2.o)
    0x08000242   0x00000000   Code   RO         1153    .ARM.Collect$$libinit$$0000001B  c_w.l(libinit2.o)
    0x08000242   0x00000000   Code   RO         1155    .ARM.Collect$$libinit$$0000001D  c_w.l(libinit2.o)
    0x08000242   0x00000000   Code   RO         1157    .ARM.Collect$$libinit$$0000001F  c_w.l(libinit2.o)
    0x08000242   0x00000000   Code   RO         1159    .ARM.Collect$$libinit$$00000021  c_w.l(libinit2.o)
    0x08000242   0x00000000   Code   RO         1161    .ARM.Collect$$libinit$$00000023  c_w.l(libinit2.o)
    0x08000242   0x00000000   Code   RO         1165    .ARM.Collect$$libinit$$0000002A  c_w.l(libinit2.o)
    0x08000242   0x00000000   Code   RO         1167    .ARM.Collect$$libinit$$0000002C  c_w.l(libinit2.o)
    0x08000242   0x00000000   Code   RO         1169    .ARM.Collect$$libinit$$0000002E  c_w.l(libinit2.o)
    0x08000242   0x00000000   Code   RO         1171    .ARM.Collect$$libinit$$00000030  c_w.l(libinit2.o)
    0x08000242   0x00000002   Code   RO         1172    .ARM.Collect$$libinit$$00000031  c_w.l(libinit2.o)
    0x08000244   0x00000002   Code   RO         1208    .ARM.Collect$$libshutdown$$00000000  c_w.l(libshutdown.o)
    0x08000246   0x00000000   Code   RO         1219    .ARM.Collect$$libshutdown$$00000003  c_w.l(libshutdown2.o)
    0x08000246   0x00000000   Code   RO         1222    .ARM.Collect$$libshutdown$$00000006  c_w.l(libshutdown2.o)
    0x08000246   0x00000000   Code   RO         1225    .ARM.Collect$$libshutdown$$00000009  c_w.l(libshutdown2.o)
    0x08000246   0x00000000   Code   RO         1227    .ARM.Collect$$libshutdown$$0000000B  c_w.l(libshutdown2.o)
    0x08000246   0x00000000   Code   RO         1230    .ARM.Collect$$libshutdown$$0000000E  c_w.l(libshutdown2.o)
    0x08000246   0x00000002   Code   RO         1231    .ARM.Collect$$libshutdown$$0000000F  c_w.l(libshutdown2.o)
    0x08000248   0x00000000   Code   RO         1068    .ARM.Collect$$rtentry$$00000000  c_w.l(rtentry.o)
    0x08000248   0x00000000   Code   RO         1082    .ARM.Collect$$rtentry$$00000002  c_w.l(rtentry2.o)
    0x08000248   0x00000006   Code   RO         1094    .ARM.Collect$$rtentry$$00000004  c_w.l(rtentry4.o)
    0x0800024e   0x00000000   Code   RO         1084    .ARM.Collect$$rtentry$$00000009  c_w.l(rtentry2.o)
    0x0800024e   0x00000004   Code   RO         1085    .ARM.Collect$$rtentry$$0000000A  c_w.l(rtentry2.o)
    0x08000252   0x00000000   Code   RO         1087    .ARM.Collect$$rtentry$$0000000C  c_w.l(rtentry2.o)
    0x08000252   0x00000008   Code   RO         1088    .ARM.Collect$$rtentry$$0000000D  c_w.l(rtentry2.o)
    0x0800025a   0x00000002   Code   RO         1124    .ARM.Collect$$rtexit$$00000000  c_w.l(rtexit.o)
    0x0800025c   0x00000000   Code   RO         1174    .ARM.Collect$$rtexit$$00000002  c_w.l(rtexit2.o)
    0x0800025c   0x00000004   Code   RO         1175    .ARM.Collect$$rtexit$$00000003  c_w.l(rtexit2.o)
    0x08000260   0x00000006   Code   RO         1176    .ARM.Collect$$rtexit$$00000004  c_w.l(rtexit2.o)
    0x08000266   0x00000002   PAD
    0x08000268   0x00000010   Code   RO          451    .emb_text           sys.o
    0x08000278   0x000000be   Code   RO          673    .emb_text           port.o
    0x08000336   0x00000002   PAD
    0x08000338   0x000001fc   Code   RO            3    .text               main.o
    0x08000534   0x00000014   Code   RO          205    .text               stm32f4xx_it.o
    0x08000548   0x00000210   Code   RO          254    .text               system_stm32f4xx.o
    0x08000758   0x00000040   Code   RO          281    .text               startup_stm32f40_41xxx.o
    0x08000798   0x000000e0   Code   RO          287    .text               misc.o
    0x08000878   0x00000294   Code   RO          307    .text               stm32f4xx_gpio.o
    0x08000b0c   0x0000065c   Code   RO          327    .text               stm32f4xx_rcc.o
    0x08001168   0x00000454   Code   RO          369    .text               stm32f4xx_usart.o
    0x080015bc   0x00000ca2   Code   RO          389    .text               stm32f4xx_tim.o
    0x0800225e   0x00000002   PAD
    0x08002260   0x000009f0   Code   RO          409    .text               stm32f4xx_can.o
    0x08002c50   0x000000ec   Code   RO          429    .text               delay.o
    0x08002d3c   0x0000003c   Code   RO          469    .text               led.o
    0x08002d78   0x000001f0   Code   RO          489    .text               motor.o
    0x08002f68   0x0000017c   Code   RO          512    .text               can.o
    0x080030e4   0x00000094   Code   RO          582    .text               list.o
    0x08003178   0x00000f18   Code   RO          597    .text               queue.o
    0x08004090   0x00001944   Code   RO          618    .text               tasks.o
    0x080059d4   0x000005ec   Code   RO          640    .text               timers.o
    0x08005fc0   0x00000340   Code   RO          674    .text               port.o
    0x08006300   0x0000029c   Code   RO          703    .text               heap_4.o
    0x0800659c   0x0000003c   Code   RO          720    .text               portevent.o
    0x080065d8   0x0000016c   Code   RO          745    .text               portserial.o
    0x08006744   0x000000f0   Code   RO          771    .text               porttimer.o
    0x08006834   0x0000035c   Code   RO          791    .text               mb.o
    0x08006b90   0x00000038   Code   RO          835    .text               mbcrc.o
    0x08006bc8   0x0000038c   Code   RO          857    .text               mbrtu.o
    0x08006f54   0x000004cc   Code   RO          885    .text               mbascii.o
    0x08007420   0x000001a0   Code   RO          909    .text               mbfunccoils.o
    0x080075c0   0x000000a4   Code   RO          932    .text               mbfuncdisc.o
    0x08007664   0x00000200   Code   RO          952    .text               mbfuncholding.o
    0x08007864   0x00000084   Code   RO          972    .text               mbfuncinput.o
    0x080078e8   0x00000094   Code   RO          992    .text               mbfuncother.o
    0x0800797c   0x000000f0   Code   RO         1015    .text               mbutils.o
    0x08007a6c   0x000001c4   Code   RO         1035    .text               freemodbus.o
    0x08007c30   0x0000007c   Code   RO         1058    .text               c_w.l(assert.o)
    0x08007cac   0x0000008a   Code   RO         1060    .text               c_w.l(rt_memcpy_v6.o)
    0x08007d36   0x00000010   Code   RO         1062    .text               c_w.l(aeabi_memset.o)
    0x08007d46   0x00000006   Code   RO         1064    .text               c_w.l(heapauxi.o)
    0x08007d4c   0x00000010   Code   RO         1069    .text               c_w.l(abort.o)
    0x08007d5c   0x00000014   Code   RO         1071    .text               c_w.l(assert_puts.o)
    0x08007d70   0x00000064   Code   RO         1073    .text               c_w.l(rt_memcpy_w.o)
    0x08007dd4   0x00000044   Code   RO         1075    .text               c_w.l(rt_memclr.o)
    0x08007e18   0x0000000e   Code   RO         1077    .text               c_w.l(sys_wrch.o)
    0x08007e26   0x00000002   PAD
    0x08007e28   0x0000000c   Code   RO         1079    .text               c_w.l(sys_exit.o)
    0x08007e34   0x0000000e   Code   RO         1096    .text               c_w.l(defsig_abrt_outer.o)
    0x08007e42   0x0000004e   Code   RO         1100    .text               c_w.l(rt_memclr_w.o)
    0x08007e90   0x00000002   Code   RO         1102    .text               c_w.l(use_no_semi.o)
    0x08007e92   0x00000000   Code   RO         1104    .text               c_w.l(indicate_semi.o)
    0x08007e92   0x0000004a   Code   RO         1105    .text               c_w.l(sys_stackheap_outer.o)
    0x08007edc   0x0000000c   Code   RO         1109    .text               c_w.l(exit.o)
    0x08007ee8   0x0000000a   Code   RO         1111    .text               c_w.l(defsig_exit.o)
    0x08007ef2   0x00000002   PAD
    0x08007ef4   0x00000030   Code   RO         1113    .text               c_w.l(defsig_abrt_inner.o)
    0x08007f24   0x00000008   Code   RO         1121    .text               c_w.l(libspace.o)
    0x08007f2c   0x00000032   Code   RO         1128    .text               c_w.l(defsig_general.o)
    0x08007f5e   0x0000000a   Code   RO         1184    x$fpl$fpinit        fz_wm.l(fpinit.o)
    0x08007f68   0x00000200   Data   RO          836    .constdata          mbcrc.o
    0x08008168   0x00000063   Data   RO          859    .conststring        mbrtu.o
    0x080081cb   0x00000001   PAD
    0x080081cc   0x00000044   Data   RO          886    .conststring        mbascii.o
    0x08008210   0x00000020   Data   RO         1232    Region$$Table       anon$$obj.o


    Execution Region RW_IRAM1 (Base: 0x20000000, Size: 0x00013770, Max: 0x00020000, ABSOLUTE, COMPRESSED[0x00000080])

    Base Addr    Size         Type   Attr      Idx    E Section Name        Object

    0x20000000   0x0000001a   Data   RW            5    .data               main.o
    0x2000001a   0x00000002   PAD
    0x2000001c   0x00000014   Data   RW          255    .data               system_stm32f4xx.o
    0x20000030   0x00000010   Data   RW          328    .data               stm32f4xx_rcc.o
    0x20000040   0x00000004   Data   RW          430    .data               delay.o
    0x20000044   0x0000003c   Data   RW          620    .data               tasks.o
    0x20000080   0x00000014   Data   RW          642    .data               timers.o
    0x20000094   0x0000000c   Data   RW          675    .data               port.o
    0x200000a0   0x00000018   Data   RW          705    .data               heap_4.o
    0x200000b8   0x00000002   Data   RW          721    .data               portevent.o
    0x200000ba   0x00000002   PAD
    0x200000bc   0x000000b5   Data   RW          792    .data               mb.o
    0x20000171   0x00000003   PAD
    0x20000174   0x0000000c   Data   RW          860    .data               mbrtu.o
    0x20000180   0x00000014   Data   RW          887    .data               mbascii.o
    0x20000194   0x00000002   Data   RW          994    .data               mbfuncother.o
    0x20000196   0x00000128   Data   RW         1036    .data               freemodbus.o
    0x200002be   0x00000002   PAD
    0x200002c0   0x00000040   Zero   RW          598    .bss                queue.o
    0x20000300   0x000000c8   Zero   RW          619    .bss                tasks.o
    0x200003c8   0x00000028   Zero   RW          641    .bss                timers.o
    0x200003f0   0x00012c00   Zero   RW          704    .bss                heap_4.o
    0x20012ff0   0x00000100   Zero   RW          858    .bss                mbrtu.o
    0x200130f0   0x00000020   Zero   RW          993    .bss                mbfuncother.o
    0x20013110   0x00000060   Zero   RW         1122    .bss                c_w.l(libspace.o)
    0x20013170   0x00000200   Zero   RW          279    HEAP                startup_stm32f40_41xxx.o
    0x20013370   0x00000400   Zero   RW          278    STACK               startup_stm32f40_41xxx.o


==============================================================================

Image component sizes


      Code (inc. data)   RO Data    RW Data    ZI Data      Debug   Object Name

       380          8          0          0          0       1984   can.o
       236         10          0          4          0       1597   delay.o
         0          0          0          0          0       9296   event_groups.o
       452         24          0        296          0       2928   freemodbus.o
       668         24          0         24      76800       3672   heap_4.o
        60          4          0          0          0        511   led.o
       148          0          0          0          0       1902   list.o
       508        102          0         26          0     305007   main.o
       860        126          0        181          0       4754   mb.o
      1228        184         68         20          0       4785   mbascii.o
        56          8        512          0          0       1180   mbcrc.o
       416          0          0          0          0       2978   mbfunccoils.o
       164          0          0          0          0       1588   mbfuncdisc.o
       512          0          0          0          0       3809   mbfuncholding.o
       132          0          0          0          0       1543   mbfuncinput.o
       148          8          0          2         32       1737   mbfuncother.o
       908        166         99         12        256       3701   mbrtu.o
       240         60          0          0          0       2042   mbutils.o
       224         20          0          0          0       1789   misc.o
       496         18          0          0          0       1805   motor.o
      1022         52          0         12          0       8823   port.o
        60          8          0          2          0       1564   portevent.o
       364         18          0          0          0       2292   portserial.o
       240          8          0          0          0       1265   porttimer.o
      3864         20          0          0         64      20544   queue.o
        64         26        392          0       1536        824   startup_stm32f40_41xxx.o
      2544         38          0          0          0       7940   stm32f4xx_can.o
       660         44          0          0          0       4065   stm32f4xx_gpio.o
        20          0          0          0          0        931   stm32f4xx_it.o
      1628         52          0         16          0      12840   stm32f4xx_rcc.o
      3234         60          0          0          0      22272   stm32f4xx_tim.o
      1108         34          0          0          0       7768   stm32f4xx_usart.o
        16          0          0          0          0        476   sys.o
       528         46          0         20          0       1735   system_stm32f4xx.o
      6468        340          0         60        200      29119   tasks.o
      1516         68          0         20         40      21430   timers.o

    ----------------------------------------------------------------------
     31176       1576       1104        704      78928     502496   Object Totals
         0          0         32          0          0          0   (incl. Generated)
         4          0          1          9          0          0   (incl. Padding)

    ----------------------------------------------------------------------

      Code (inc. data)   RO Data    RW Data    ZI Data      Debug   Library Member Name

        90          0          0          0          0          0   __dczerorl2.o
         8          0          0          0          0         68   __main.o
        52          8          0          0          0          0   __scatter.o
        28          0          0          0          0          0   __scatter_zi.o
        16          0          0          0          0         72   abort.o
        16          0          0          0          0         68   aeabi_memset.o
       124         40          0          0          0         76   assert.o
        20          0          0          0          0         76   assert_puts.o
        48         34          0          0          0         76   defsig_abrt_inner.o
        14          0          0          0          0         80   defsig_abrt_outer.o
        10          0          0          0          0         68   defsig_exit.o
        50          0          0          0          0         88   defsig_general.o
        12          0          0          0          0         72   exit.o
         6          0          0          0          0        152   heapauxi.o
         0          0          0          0          0          0   indicate_semi.o
         2          0          0          0          0          0   libinit.o
         6          0          0          0          0          0   libinit2.o
         2          0          0          0          0          0   libshutdown.o
         2          0          0          0          0          0   libshutdown2.o
         8          4          0          0         96         68   libspace.o
        68          0          0          0          0         68   rt_memclr.o
        78          0          0          0          0         80   rt_memclr_w.o
       138          0          0          0          0         68   rt_memcpy_v6.o
       100          0          0          0          0         80   rt_memcpy_w.o
         0          0          0          0          0          0   rtentry.o
        12          0          0          0          0          0   rtentry2.o
         6          0          0          0          0          0   rtentry4.o
         2          0          0          0          0          0   rtexit.o
        10          0          0          0          0          0   rtexit2.o
        12          4          0          0          0         68   sys_exit.o
        74          0          0          0          0         80   sys_stackheap_outer.o
        14          0          0          0          0         76   sys_wrch.o
         2          0          0          0          0         68   use_no_semi.o
        10          0          0          0          0        116   fpinit.o

    ----------------------------------------------------------------------
      1048         90          0          0         96       1668   Library Totals
         8          0          0          0          0          0   (incl. Padding)

    ----------------------------------------------------------------------

      Code (inc. data)   RO Data    RW Data    ZI Data      Debug   Library Name

      1030         90          0          0         96       1552   c_w.l
        10          0          0          0          0        116   fz_wm.l

    ----------------------------------------------------------------------
      1048         90          0          0         96       1668   Library Totals

    ----------------------------------------------------------------------

==============================================================================


      Code (inc. data)   RO Data    RW Data    ZI Data      Debug   

     32224       1666       1104        704      79024     496632   Grand Totals
     32224       1666       1104        128      79024     496632   ELF Image Totals (compressed)
     32224       1666       1104        128          0          0   ROM Totals

==============================================================================

    Total RO  Size (Code + RO Data)                33328 (  32.55kB)
    Total RW  Size (RW Data + ZI Data)             79728 (  77.86kB)
    Total ROM Size (Code + RO Data + RW Data)      33456 (  32.67kB)

==============================================================================

