Product: MDK-ARM Professional 5.10
Component: ARM Compiler 5.04 update 1 (build 49)
Tool: armlink [5040049]

==============================================================================

Section Cross References

    main.o(.text) refers to mb.o(.text) for eMBInit
    main.o(.text) refers to tasks.o(.text) for vTaskDelay
    main.o(.text) refers to robot.o(.text) for RobotNew
    main.o(.text) refers to adc.o(.text) for Adc_Init
    main.o(.text) refers to f2d.o(x$fpl$f2d) for __aeabi_f2d
    main.o(.text) refers to dmul.o(x$fpl$dmul) for __aeabi_dmul
    main.o(.text) refers to d2f.o(x$fpl$d2f) for __aeabi_d2f
    main.o(.text) refers to port.o(.text) for vPortEnterCritical
    main.o(.text) refers to misc.o(.text) for NVIC_PriorityGroupConfig
    main.o(.text) refers to delay.o(.text) for delay_init
    main.o(.text) refers to led.o(.text) for LED_Init
    main.o(.text) refers to freemodbus.o(.bss) for usRegHoldingBuf
    main.o(.text) refers to robot.o(.constdata) for kIdle
    main.o(.text) refers to main.o(.data) for err_code
    system_stm32f4xx.o(.text) refers to system_stm32f4xx.o(.data) for SystemCoreClock
    startup_stm32f40_41xxx.o(STACK) refers (Special) to heapauxi.o(.text) for __use_two_region_memory
    startup_stm32f40_41xxx.o(HEAP) refers (Special) to heapauxi.o(.text) for __use_two_region_memory
    startup_stm32f40_41xxx.o(RESET) refers (Special) to heapauxi.o(.text) for __use_two_region_memory
    startup_stm32f40_41xxx.o(RESET) refers to startup_stm32f40_41xxx.o(STACK) for __initial_sp
    startup_stm32f40_41xxx.o(RESET) refers to startup_stm32f40_41xxx.o(.text) for Reset_Handler
    startup_stm32f40_41xxx.o(RESET) refers to stm32f4xx_it.o(.text) for NMI_Handler
    startup_stm32f40_41xxx.o(RESET) refers to port.o(.emb_text) for SVC_Handler
    startup_stm32f40_41xxx.o(RESET) refers to delay.o(.text) for SysTick_Handler
    startup_stm32f40_41xxx.o(RESET) refers to motor.o(.text) for EXTI9_5_IRQHandler
    startup_stm32f40_41xxx.o(RESET) refers to porttimer.o(.text) for TIM3_IRQHandler
    startup_stm32f40_41xxx.o(RESET) refers to timer4.o(.text) for TIM4_IRQHandler
    startup_stm32f40_41xxx.o(RESET) refers to portserial.o(.text) for USART1_IRQHandler
    startup_stm32f40_41xxx.o(RESET) refers to timer12.o(.text) for TIM8_BRK_TIM12_IRQHandler
    startup_stm32f40_41xxx.o(RESET) refers to timer13.o(.text) for TIM8_UP_TIM13_IRQHandler
    startup_stm32f40_41xxx.o(RESET) refers to timer5.o(.text) for TIM5_IRQHandler
    startup_stm32f40_41xxx.o(.text) refers (Special) to heapauxi.o(.text) for __use_two_region_memory
    startup_stm32f40_41xxx.o(.text) refers to system_stm32f4xx.o(.text) for SystemInit
    startup_stm32f40_41xxx.o(.text) refers to __main.o(!!!main) for __main
    startup_stm32f40_41xxx.o(.text) refers to startup_stm32f40_41xxx.o(HEAP) for Heap_Mem
    startup_stm32f40_41xxx.o(.text) refers to startup_stm32f40_41xxx.o(STACK) for Stack_Mem
    stm32f4xx_gpio.o(.text) refers to stm32f4xx_rcc.o(.text) for RCC_AHB1PeriphResetCmd
    stm32f4xx_rcc.o(.text) refers to stm32f4xx_rcc.o(.data) for APBAHBPrescTable
    stm32f4xx_syscfg.o(.text) refers to stm32f4xx_rcc.o(.text) for RCC_APB2PeriphResetCmd
    stm32f4xx_usart.o(.text) refers to stm32f4xx_rcc.o(.text) for RCC_APB2PeriphResetCmd
    stm32f4xx_tim.o(.text) refers to stm32f4xx_rcc.o(.text) for RCC_APB2PeriphResetCmd
    stm32f4xx_can.o(.text) refers to stm32f4xx_rcc.o(.text) for RCC_APB1PeriphResetCmd
    stm32f4xx_adc.o(.text) refers to stm32f4xx_rcc.o(.text) for RCC_APB2PeriphResetCmd
    delay.o(.text) refers to tasks.o(.text) for xTaskGetSchedulerState
    delay.o(.text) refers to port.o(.text) for xPortSysTickHandler
    delay.o(.text) refers to misc.o(.text) for SysTick_CLKSourceConfig
    delay.o(.text) refers to delay.o(.data) for fac_us
    led.o(.text) refers to stm32f4xx_rcc.o(.text) for RCC_AHB1PeriphClockCmd
    led.o(.text) refers to stm32f4xx_gpio.o(.text) for GPIO_Init
    motor.o(.text) refers to stm32f4xx_rcc.o(.text) for RCC_AHB1PeriphClockCmd
    motor.o(.text) refers to stm32f4xx_gpio.o(.text) for GPIO_Init
    motor.o(.text) refers to stm32f4xx_tim.o(.text) for TIM_TimeBaseInit
    motor.o(.text) refers to timer12.o(.text) for TIM12_CH1_Cap_Init
    motor.o(.text) refers to stm32f4xx_syscfg.o(.text) for SYSCFG_EXTILineConfig
    motor.o(.text) refers to stm32f4xx_exti.o(.text) for EXTI_Init
    motor.o(.text) refers to misc.o(.text) for NVIC_Init
    motor.o(.text) refers to motor.o(.data) for exit_int_time_motor3
    motor.o(.text) refers to motor.o(.bss) for motor_turn
    motor.o(.text) refers to timer5.o(.text) for Tim5Enable
    can.o(.text) refers to stm32f4xx_rcc.o(.text) for RCC_AHB1PeriphClockCmd
    can.o(.text) refers to stm32f4xx_gpio.o(.text) for GPIO_Init
    can.o(.text) refers to stm32f4xx_can.o(.text) for CAN_Init
    timer4.o(.text) refers to stm32f4xx_rcc.o(.text) for RCC_APB1PeriphClockCmd
[...]
    __rt_lib_init_atexit_1                   0x08000243   Thumb Code     0  libinit2.o(.ARM.Collect$$libinit$$00000019)
    __rt_lib_init_clock_1                    0x08000243   Thumb Code     0  libinit2.o(.ARM.Collect$$libinit$$0000001F)
    __rt_lib_init_cpp_1                      0x08000243   Thumb Code     0  libinit2.o(.ARM.Collect$$libinit$$00000030)
    __rt_lib_init_exceptions_1               0x08000243   Thumb Code     0  libinit2.o(.ARM.Collect$$libinit$$0000002E)
    __rt_lib_init_fp_trap_1                  0x08000243   Thumb Code     0  libinit2.o(.ARM.Collect$$libinit$$0000001D)
    __rt_lib_init_getenv_1                   0x08000243   Thumb Code     0  libinit2.o(.ARM.Collect$$libinit$$00000021)
    __rt_lib_init_heap_1                     0x08000243   Thumb Code     0  libinit2.o(.ARM.Collect$$libinit$$00000008)
    __rt_lib_init_lc_collate_1               0x08000243   Thumb Code     0  libinit2.o(.ARM.Collect$$libinit$$0000000F)
    __rt_lib_init_lc_ctype_1                 0x08000243   Thumb Code     0  libinit2.o(.ARM.Collect$$libinit$$00000011)
    __rt_lib_init_lc_monetary_1              0x08000243   Thumb Code     0  libinit2.o(.ARM.Collect$$libinit$$00000013)
    __rt_lib_init_lc_numeric_1               0x08000243   Thumb Code     0  libinit2.o(.ARM.Collect$$libinit$$00000015)
    __rt_lib_init_lc_time_1                  0x08000243   Thumb Code     0  libinit2.o(.ARM.Collect$$libinit$$00000017)
    __rt_lib_init_rand_1                     0x08000243   Thumb Code     0  libinit2.o(.ARM.Collect$$libinit$$0000000C)
    __rt_lib_init_return                     0x08000243   Thumb Code     0  libinit2.o(.ARM.Collect$$libinit$$00000031)
    __rt_lib_init_signal_1                   0x08000243   Thumb Code     0  libinit2.o(.ARM.Collect$$libinit$$0000001B)
    __rt_lib_init_stdio_1                    0x08000243   Thumb Code     0  libinit2.o(.ARM.Collect$$libinit$$00000023)
    __rt_lib_init_user_alloc_1               0x08000243   Thumb Code     0  libinit2.o(.ARM.Collect$$libinit$$0000000A)
    __rt_lib_shutdown                        0x08000245   Thumb Code     0  libshutdown.o(.ARM.Collect$$libshutdown$$00000000)
    __rt_lib_shutdown_fp_trap_1              0x08000247   Thumb Code     0  libshutdown2.o(.ARM.Collect$$libshutdown$$00000006)
    __rt_lib_shutdown_heap_1                 0x08000247   Thumb Code     0  libshutdown2.o(.ARM.Collect$$libshutdown$$0000000E)
    __rt_lib_shutdown_return                 0x08000247   Thumb Code     0  libshutdown2.o(.ARM.Collect$$libshutdown$$0000000F)
    __rt_lib_shutdown_signal_1               0x08000247   Thumb Code     0  libshutdown2.o(.ARM.Collect$$libshutdown$$00000009)
    __rt_lib_shutdown_stdio_1                0x08000247   Thumb Code     0  libshutdown2.o(.ARM.Collect$$libshutdown$$00000003)
    __rt_lib_shutdown_user_alloc_1           0x08000247   Thumb Code     0  libshutdown2.o(.ARM.Collect$$libshutdown$$0000000B)
    __rt_entry                               0x08000249   Thumb Code     0  rtentry.o(.ARM.Collect$$rtentry$$00000000)
    __rt_entry_presh_1                       0x08000249   Thumb Code     0  rtentry2.o(.ARM.Collect$$rtentry$$00000002)
    __rt_entry_sh                            0x08000249   Thumb Code     0  rtentry4.o(.ARM.Collect$$rtentry$$00000004)
    __rt_entry_li                            0x0800024f   Thumb Code     0  rtentry2.o(.ARM.Collect$$rtentry$$0000000A)
    __rt_entry_postsh_1                      0x0800024f   Thumb Code     0  rtentry2.o(.ARM.Collect$$rtentry$$00000009)
    __rt_entry_main                          0x08000253   Thumb Code     0  rtentry2.o(.ARM.Collect$$rtentry$$0000000D)
    __rt_entry_postli_1                      0x08000253   Thumb Code     0  rtentry2.o(.ARM.Collect$$rtentry$$0000000C)
    __rt_exit                                0x0800025b   Thumb Code     0  rtexit.o(.ARM.Collect$$rtexit$$00000000)
    __rt_exit_ls                             0x0800025d   Thumb Code     0  rtexit2.o(.ARM.Collect$$rtexit$$00000003)
    __rt_exit_prels_1                        0x0800025d   Thumb Code     0  rtexit2.o(.ARM.Collect$$rtexit$$00000002)
    __rt_exit_exit                           0x08000261   Thumb Code     0  rtexit2.o(.ARM.Collect$$rtexit$$00000004)
    WFI_SET                                  0x08000269   Thumb Code     2  sys.o(.emb_text)
    INTX_DISABLE                             0x0800026b   Thumb Code     4  sys.o(.emb_text)
    INTX_ENABLE                              0x0800026f   Thumb Code     4  sys.o(.emb_text)
    MSR_MSP                                  0x08000273   Thumb Code     6  sys.o(.emb_text)
    SVC_Handler                              0x08000279   Thumb Code    28  port.o(.emb_text)
    __asm___6_port_c_39a90d8d__prvStartFirstTask 0x08000299   Thumb Code    36  port.o(.emb_text)
    __asm___6_port_c_39a90d8d__prvEnableVFP  0x080002c1   Thumb Code    16  port.o(.emb_text)
    PendSV_Handler                           0x080002d5   Thumb Code    88  port.o(.emb_text)
    vPortGetIPSR                             0x08000331   Thumb Code     6  port.o(.emb_text)
    main                                     0x08000517   Thumb Code    48  main.o(.text)
    NMI_Handler                              0x080005c5   Thumb Code     2  stm32f4xx_it.o(.text)
    HardFault_Handler                        0x080005c7   Thumb Code     4  stm32f4xx_it.o(.text)
    MemManage_Handler                        0x080005cb   Thumb Code     4  stm32f4xx_it.o(.text)
    BusFault_Handler                         0x080005cf   Thumb Code     4  stm32f4xx_it.o(.text)
    UsageFault_Handler                       0x080005d3   Thumb Code     4  stm32f4xx_it.o(.text)
    DebugMon_Handler                         0x080005d7   Thumb Code     2  stm32f4xx_it.o(.text)
    SystemInit                               0x080006b5   Thumb Code    88  system_stm32f4xx.o(.text)
    SystemCoreClockUpdate                    0x0800070d   Thumb Code   174  system_stm32f4xx.o(.text)
    Reset_Handler                            0x080007e9   Thumb Code     8  startup_stm32f40_41xxx.o(.text)
    ADC_IRQHandler                           0x08000803   Thumb Code     0  startup_stm32f40_41xxx.o(.text)
    CAN1_RX0_IRQHandler                      0x08000803   Thumb Code     0  startup_stm32f40_41xxx.o(.text)
    CAN1_RX1_IRQHandler                      0x08000803   Thumb Code     0  startup_stm32f40_41xxx.o(.text)
    CAN1_SCE_IRQHandler                      0x08000803   Thumb Code     0  startup_stm32f40_41xxx.o(.text)
    CAN1_TX_IRQHandler                       0x08000803   Thumb Code     0  startup_stm32f40_41xxx.o(.text)
    CAN2_RX0_IRQHandler                      0x08000803   Thumb Code     0  startup_stm32f40_41xxx.o(.text)
    CAN2_RX1_IRQHandler                      0x08000803   Thumb Code     0  startup_stm32f40_41xxx.o(.text)
    CAN2_SCE_IRQHandler                      0x08000803   Thumb Code     0  startup_stm32f40_41xxx.o(.text)
    CAN2_TX_IRQHandler                       0x08000803   Thumb Code     0  startup_stm32f40_41xxx.o(.text)
    CRYP_IRQHandler                          0x08000803   Thumb Code     0  startup_stm32f40_41xxx.o(.text)
    DCMI_IRQHandler                          0x08000803   Thumb Code     0  startup_stm32f40_41xxx.o(.text)
    DMA1_Stream0_IRQHandler                  0x08000803   Thumb Code     0  startup_stm32f40_41xxx.o(.text)
    DMA1_Stream1_IRQHandler                  0x08000803   Thumb Code     0  startup_stm32f40_41xxx.o(.text)
    DMA1_Stream2_IRQHandler                  0x08000803   Thumb Code     0  startup_stm32f40_41xxx.o(.text)
    DMA1_Stream3_IRQHandler                  0x08000803   Thumb Code     0  startup_stm32f40_41xxx.o(.text)
    DMA1_Stream4_IRQHandler                  0x08000803   Thumb Code     0  startup_stm32f40_41xxx.o(.text)
    DMA1_Stream5_IRQHandler                  0x08000803   Thumb Code     0  startup_stm32f40_41xxx.o(.text)
    DMA1_Stream6_IRQHandler                  0x08000803   Thumb Code     0  startup_stm32f40_41xxx.o(.text)
    DMA1_Stream7_IRQHandler                  0x08000803   Thumb Code     0  startup_stm32f40_41xxx.o(.text)
    DMA2_Stream0_IRQHandler                  0x08000803   Thumb Code     0  startup_stm32f40_41xxx.o(.text)
    DMA2_Stream1_IRQHandler                  0x08000803   Thumb Code     0  startup_stm32f40_41xxx.o(.text)
    DMA2_Stream2_IRQHandler                  0x08000803   Thumb Code     0  startup_stm32f40_41xxx.o(.text)
    DMA2_Stream3_IRQHandler                  0x08000803   Thumb Code     0  startup_stm32f40_41xxx.o(.text)
    DMA2_Stream4_IRQHandler                  0x08000803   Thumb Code     0  startup_stm32f40_41xxx.o(.text)
    DMA2_Stream5_IRQHandler                  0x08000803   Thumb Code     0  startup_stm32f40_41xxx.o(.text)
    DMA2_Stream6_IRQHandler                  0x08000803   Thumb Code     0  startup_stm32f40_41xxx.o(.text)
    DMA2_Stream7_IRQHandler                  0x08000803   Thumb Code     0  startup_stm32f40_41xxx.o(.text)
    ETH_IRQHandler                           0x08000803   Thumb Code     0  startup_stm32f40_41xxx.o(.text)
    ETH_WKUP_IRQHandler                      0x08000803   Thumb Code     0  startup_stm32f40_41xxx.o(.text)
    EXTI0_IRQHandler                         0x08000803   Thumb Code     0  startup_stm32f40_41xxx.o(.text)
    EXTI1_IRQHandler                         0x08000803   Thumb Code     0  startup_stm32f40_41xxx.o(.text)
    EXTI2_IRQHandler                         0x08000803   Thumb Code     0  startup_stm32f40_41xxx.o(.text)
    EXTI3_IRQHandler                         0x08000803   Thumb Code     0  startup_stm32f40_41xxx.o(.text)
    EXTI4_IRQHandler                         0x08000803   Thumb Code     0  startup_stm32f40_41xxx.o(.text)
    FLASH_IRQHandler                         0x08000803   Thumb Code     0  startup_stm32f40_41xxx.o(.text)
    FPU_IRQHandler                           0x08000803   Thumb Code     0  startup_stm32f40_41xxx.o(.text)
    FSMC_IRQHandler                          0x08000803   Thumb Code     0  startup_stm32f40_41xxx.o(.text)
    HASH_RNG_IRQHandler                      0x08000803   Thumb Code     0  startup_stm32f40_41xxx.o(.text)
    I2C1_ER_IRQHandler                       0x08000803   Thumb Code     0  startup_stm32f40_41xxx.o(.text)
    I2C1_EV_IRQHandler                       0x08000803   Thumb Code     0  startup_stm32f40_41xxx.o(.text)
    I2C2_ER_IRQHandler                       0x08000803   Thumb Code     0  startup_stm32f40_41xxx.o(.text)
    I2C2_EV_IRQHandler                       0x08000803   Thumb Code     0  startup_stm32f40_41xxx.o(.text)
    I2C3_ER_IRQHandler                       0x08000803   Thumb Code     0  startup_stm32f40_41xxx.o(.text)
    I2C3_EV_IRQHandler                       0x08000803   Thumb Code     0  startup_stm32f40_41xxx.o(.text)
    OTG_FS_IRQHandler                        0x08000803   Thumb Code     0  startup_stm32f40_41xxx.o(.text)
    OTG_FS_WKUP_IRQHandler                   0x08000803   Thumb Code     0  startup_stm32f40_41xxx.o(.text)
    OTG_HS_EP1_IN_IRQHandler                 0x08000803   Thumb Code     0  startup_stm32f40_41xxx.o(.text)
    OTG_HS_EP1_OUT_IRQHandler                0x08000803   Thumb Code     0  startup_stm32f40_41xxx.o(.text)
    OTG_HS_IRQHandler                        0x08000803   Thumb Code     0  startup_stm32f40_41xxx.o(.text)
    OTG_HS_WKUP_IRQHandler                   0x08000803   Thumb Code     0  startup_stm32f40_41xxx.o(.text)
    PVD_IRQHandler                           0x08000803   Thumb Code     0  startup_stm32f40_41xxx.o(.text)
    RCC_IRQHandler                           0x08000803   Thumb Code     0  startup_stm32f40_41xxx.o(.text)
    RTC_Alarm_IRQHandler                     0x08000803   Thumb Code     0  startup_stm32f40_41xxx.o(.text)
    RTC_WKUP_IRQHandler                      0x08000803   Thumb Code     0  startup_stm32f40_41xxx.o(.text)
    SDIO_IRQHandler                          0x08000803   Thumb Code     0  startup_stm32f40_41xxx.o(.text)
    SPI1_IRQHandler                          0x08000803   Thumb Code     0  startup_stm32f40_41xxx.o(.text)
    SPI2_IRQHandler                          0x08000803   Thumb Code     0  startup_stm32f40_41xxx.o(.text)
    SPI3_IRQHandler                          0x08000803   Thumb Code     0  startup_stm32f40_41xxx.o(.text)
    TAMP_STAMP_IRQHandler                    0x08000803   Thumb Code     0  startup_stm32f40_41xxx.o(.text)
    TIM1_BRK_TIM9_IRQHandler                 0x08000803   Thumb Code     0  startup_stm32f40_41xxx.o(.text)
    TIM1_CC_IRQHandler                       0x08000803   Thumb Code     0  startup_stm32f40_41xxx.o(.text)
    TIM1_TRG_COM_TIM11_IRQHandler            0x08000803   Thumb Code     0  startup_stm32f40_41xxx.o(.text)
    TIM1_UP_TIM10_IRQHandler                 0x08000803   Thumb Code     0  startup_stm32f40_41xxx.o(.text)
    TIM2_IRQHandler                          0x08000803   Thumb Code     0  startup_stm32f40_41xxx.o(.text)
    TIM6_DAC_IRQHandler                      0x08000803   Thumb Code     0  startup_stm32f40_41xxx.o(.text)
    TIM7_IRQHandler                          0x08000803   Thumb Code     0  startup_stm32f40_41xxx.o(.text)
    TIM8_CC_IRQHandler                       0x08000803   Thumb Code     0  startup_stm32f40_41xxx.o(.text)
    TIM8_TRG_COM_TIM14_IRQHandler            0x08000803   Thumb Code     0  startup_stm32f40_41xxx.o(.text)
    UART4_IRQHandler                         0x08000803   Thumb Code     0  startup_stm32f40_41xxx.o(.text)
    UART5_IRQHandler                         0x08000803   Thumb Code     0  startup_stm32f40_41xxx.o(.text)
    USART2_IRQHandler                        0x08000803   Thumb Code     0  startup_stm32f40_41xxx.o(.text)
    USART3_IRQHandler                        0x08000803   Thumb Code     0  startup_stm32f40_41xxx.o(.text)
    USART6_IRQHandler                        0x08000803   Thumb Code     0  startup_stm32f40_41xxx.o(.text)
    WWDG_IRQHandler                          0x08000803   Thumb Code     0  startup_stm32f40_41xxx.o(.text)
    __user_initial_stackheap                 0x08000805   Thumb Code     0  startup_stm32f40_41xxx.o(.text)
    NVIC_PriorityGroupConfig                 0x08000829   Thumb Code    10  misc.o(.text)
    NVIC_Init                                0x08000833   Thumb Code   106  misc.o(.text)
    NVIC_SetVectorTable                      0x0800089d   Thumb Code    14  misc.o(.text)
    NVIC_SystemLPConfig                      0x080008ab   Thumb Code    34  misc.o(.text)
    SysTick_CLKSourceConfig                  0x080008cd   Thumb Code    40  misc.o(.text)
    GPIO_DeInit                              0x08000909   Thumb Code   268  stm32f4xx_gpio.o(.text)
    GPIO_Init                                0x08000a15   Thumb Code   144  stm32f4xx_gpio.o(.text)
    GPIO_StructInit                          0x08000aa5   Thumb Code    18  stm32f4xx_gpio.o(.text)
    GPIO_PinLockConfig                       0x08000ab7   Thumb Code    34  stm32f4xx_gpio.o(.text)
    GPIO_ReadInputDataBit                    0x08000ad9   Thumb Code    18  stm32f4xx_gpio.o(.text)
    GPIO_ReadInputData                       0x08000aeb   Thumb Code     8  stm32f4xx_gpio.o(.text)
    GPIO_ReadOutputDataBit                   0x08000af3   Thumb Code    18  stm32f4xx_gpio.o(.text)
    GPIO_ReadOutputData                      0x08000b05   Thumb Code     8  stm32f4xx_gpio.o(.text)
    GPIO_SetBits                             0x08000b0d   Thumb Code     4  stm32f4xx_gpio.o(.text)
    GPIO_ResetBits                           0x08000b11   Thumb Code     4  stm32f4xx_gpio.o(.text)
    GPIO_WriteBit                            0x08000b15   Thumb Code    10  stm32f4xx_gpio.o(.text)
    GPIO_Write                               0x08000b1f   Thumb Code     4  stm32f4xx_gpio.o(.text)
    GPIO_ToggleBits                          0x08000b23   Thumb Code     8  stm32f4xx_gpio.o(.text)
    GPIO_PinAFConfig                         0x08000b2b   Thumb Code    70  stm32f4xx_gpio.o(.text)
    RCC_DeInit                               0x08000b9d   Thumb Code    82  stm32f4xx_rcc.o(.text)
    RCC_HSEConfig                            0x08000bef   Thumb Code    14  stm32f4xx_rcc.o(.text)
    RCC_GetFlagStatus                        0x08000bfd   Thumb Code    60  stm32f4xx_rcc.o(.text)
    RCC_WaitForHSEStartUp                    0x08000c39   Thumb Code    56  stm32f4xx_rcc.o(.text)
    RCC_AdjustHSICalibrationValue            0x08000c71   Thumb Code    20  stm32f4xx_rcc.o(.text)
    RCC_HSICmd                               0x08000c85   Thumb Code     6  stm32f4xx_rcc.o(.text)
    RCC_LSEConfig                            0x08000c8b   Thumb Code    46  stm32f4xx_rcc.o(.text)
    RCC_LSICmd                               0x08000cb9   Thumb Code     6  stm32f4xx_rcc.o(.text)
    RCC_PLLConfig                            0x08000cbf   Thumb Code    32  stm32f4xx_rcc.o(.text)
    RCC_PLLCmd                               0x08000cdf   Thumb Code     6  stm32f4xx_rcc.o(.text)
    RCC_PLLI2SConfig                         0x08000ce5   Thumb Code    14  stm32f4xx_rcc.o(.text)
    RCC_PLLI2SCmd                            0x08000cf3   Thumb Code     6  stm32f4xx_rcc.o(.text)
    RCC_PLLSAIConfig                         0x08000cf9   Thumb Code    20  stm32f4xx_rcc.o(.text)
    RCC_PLLSAICmd                            0x08000d0d   Thumb Code     6  stm32f4xx_rcc.o(.text)
    RCC_ClockSecuritySystemCmd               0x08000d13   Thumb Code     6  stm32f4xx_rcc.o(.text)
    RCC_MCO1Config                           0x08000d19   Thumb Code    28  stm32f4xx_rcc.o(.text)
    RCC_MCO2Config                           0x08000d35   Thumb Code    28  stm32f4xx_rcc.o(.text)
    RCC_SYSCLKConfig                         0x08000d51   Thumb Code    20  stm32f4xx_rcc.o(.text)
    RCC_GetSYSCLKSource                      0x08000d65   Thumb Code    12  stm32f4xx_rcc.o(.text)
    RCC_HCLKConfig                           0x08000d71   Thumb Code    20  stm32f4xx_rcc.o(.text)
    RCC_PCLK1Config                          0x08000d85   Thumb Code    20  stm32f4xx_rcc.o(.text)
    RCC_PCLK2Config                          0x08000d99   Thumb Code    22  stm32f4xx_rcc.o(.text)
    RCC_GetClocksFreq                        0x08000daf   Thumb Code   222  stm32f4xx_rcc.o(.text)
    RCC_RTCCLKConfig                         0x08000e8d   Thumb Code    54  stm32f4xx_rcc.o(.text)
    RCC_RTCCLKCmd                            0x08000ec3   Thumb Code     8  stm32f4xx_rcc.o(.text)
    RCC_BackupResetCmd                       0x08000ecb   Thumb Code     8  stm32f4xx_rcc.o(.text)
    RCC_I2SCLKConfig                         0x08000ed3   Thumb Code     6  stm32f4xx_rcc.o(.text)
    RCC_SAIPLLI2SClkDivConfig                0x08000ed9   Thumb Code    26  stm32f4xx_rcc.o(.text)
    RCC_SAIPLLSAIClkDivConfig                0x08000ef3   Thumb Code    28  stm32f4xx_rcc.o(.text)
    RCC_SAIBlockACLKConfig                   0x08000f0f   Thumb Code    20  stm32f4xx_rcc.o(.text)
    RCC_SAIBlockBCLKConfig                   0x08000f23   Thumb Code    20  stm32f4xx_rcc.o(.text)
    RCC_LTDCCLKDivConfig                     0x08000f37   Thumb Code    20  stm32f4xx_rcc.o(.text)
    RCC_TIMCLKPresConfig                     0x08000f4b   Thumb Code     6  stm32f4xx_rcc.o(.text)
    RCC_AHB1PeriphClockCmd                   0x08000f51   Thumb Code    34  stm32f4xx_rcc.o(.text)
    RCC_AHB2PeriphClockCmd                   0x08000f73   Thumb Code    78  stm32f4xx_rcc.o(.text)
    RCC_AHB3PeriphClockCmd                   0x08000fc1   Thumb Code    34  stm32f4xx_rcc.o(.text)
    RCC_APB1PeriphClockCmd                   0x08000fe3   Thumb Code    34  stm32f4xx_rcc.o(.text)
    RCC_APB2PeriphClockCmd                   0x08001005   Thumb Code    34  stm32f4xx_rcc.o(.text)
    RCC_AHB1PeriphResetCmd                   0x08001027   Thumb Code    34  stm32f4xx_rcc.o(.text)
    RCC_AHB2PeriphResetCmd                   0x08001049   Thumb Code    34  stm32f4xx_rcc.o(.text)
    RCC_AHB3PeriphResetCmd                   0x0800106b   Thumb Code    34  stm32f4xx_rcc.o(.text)
    RCC_APB1PeriphResetCmd                   0x0800108d   Thumb Code    34  stm32f4xx_rcc.o(.text)
    RCC_APB2PeriphResetCmd                   0x080010af   Thumb Code    34  stm32f4xx_rcc.o(.text)
    RCC_AHB1PeriphClockLPModeCmd             0x080010d1   Thumb Code    34  stm32f4xx_rcc.o(.text)
    RCC_AHB2PeriphClockLPModeCmd             0x080010f3   Thumb Code    34  stm32f4xx_rcc.o(.text)
    RCC_AHB3PeriphClockLPModeCmd             0x08001115   Thumb Code    34  stm32f4xx_rcc.o(.text)
    RCC_APB1PeriphClockLPModeCmd             0x08001137   Thumb Code    34  stm32f4xx_rcc.o(.text)
    RCC_APB2PeriphClockLPModeCmd             0x08001159   Thumb Code    34  stm32f4xx_rcc.o(.text)
    RCC_LSEModeConfig                        0x0800117b   Thumb Code    40  stm32f4xx_rcc.o(.text)
    RCC_ITConfig                             0x080011a3   Thumb Code    34  stm32f4xx_rcc.o(.text)
    RCC_ClearFlag                            0x080011c5   Thumb Code    18  stm32f4xx_rcc.o(.text)
    RCC_GetITStatus                          0x080011d7   Thumb Code    22  stm32f4xx_rcc.o(.text)
    RCC_ClearITPendingBit                    0x080011ed   Thumb Code     8  stm32f4xx_rcc.o(.text)
    SYSCFG_DeInit                            0x080011f9   Thumb Code    22  stm32f4xx_syscfg.o(.text)
    SYSCFG_MemoryRemapConfig                 0x0800120f   Thumb Code     6  stm32f4xx_syscfg.o(.text)
    SYSCFG_MemorySwappingBank                0x08001215   Thumb Code     6  stm32f4xx_syscfg.o(.text)
    SYSCFG_EXTILineConfig                    0x0800121b   Thumb Code    66  stm32f4xx_syscfg.o(.text)
    SYSCFG_ETH_MediaInterfaceConfig          0x0800125d   Thumb Code     8  stm32f4xx_syscfg.o(.text)
    SYSCFG_CompensationCellCmd               0x08001265   Thumb Code     6  stm32f4xx_syscfg.o(.text)
    SYSCFG_GetCompensationCellStatus         0x0800126b   Thumb Code    22  stm32f4xx_syscfg.o(.text)
    USART_DeInit                             0x0800128d   Thumb Code   206  stm32f4xx_usart.o(.text)
    USART_Init                               0x0800135b   Thumb Code   204  stm32f4xx_usart.o(.text)
    USART_StructInit                         0x08001427   Thumb Code    24  stm32f4xx_usart.o(.text)
    USART_ClockInit                          0x0800143f   Thumb Code    32  stm32f4xx_usart.o(.text)
    USART_ClockStructInit                    0x0800145f   Thumb Code    12  stm32f4xx_usart.o(.text)
    USART_Cmd                                0x0800146b   Thumb Code    24  stm32f4xx_usart.o(.text)
    USART_SetPrescaler                       0x08001483   Thumb Code    16  stm32f4xx_usart.o(.text)
    USART_OverSampling8Cmd                   0x08001493   Thumb Code    22  stm32f4xx_usart.o(.text)
    USART_OneBitMethodCmd                    0x080014a9   Thumb Code    24  stm32f4xx_usart.o(.text)
    USART_SendData                           0x080014c1   Thumb Code     8  stm32f4xx_usart.o(.text)
    USART_ReceiveData                        0x080014c9   Thumb Code    10  stm32f4xx_usart.o(.text)
    USART_SetAddress                         0x080014d3   Thumb Code    18  stm32f4xx_usart.o(.text)
    USART_ReceiverWakeUpCmd                  0x080014e5   Thumb Code    24  stm32f4xx_usart.o(.text)
    USART_WakeUpConfig                       0x080014fd   Thumb Code    18  stm32f4xx_usart.o(.text)
    USART_LINBreakDetectLengthConfig         0x0800150f   Thumb Code    18  stm32f4xx_usart.o(.text)
    USART_LINCmd                             0x08001521   Thumb Code    24  stm32f4xx_usart.o(.text)
    USART_SendBreak                          0x08001539   Thumb Code    10  stm32f4xx_usart.o(.text)
    USART_HalfDuplexCmd                      0x08001543   Thumb Code    24  stm32f4xx_usart.o(.text)
    USART_SetGuardTime                       0x0800155b   Thumb Code    16  stm32f4xx_usart.o(.text)
    USART_SmartCardCmd                       0x0800156b   Thumb Code    24  stm32f4xx_usart.o(.text)
    USART_SmartCardNACKCmd                   0x08001583   Thumb Code    24  stm32f4xx_usart.o(.text)
    USART_IrDAConfig                         0x0800159b   Thumb Code    18  stm32f4xx_usart.o(.text)
    USART_IrDACmd                            0x080015ad   Thumb Code    24  stm32f4xx_usart.o(.text)
    USART_DMACmd                             0x080015c5   Thumb Code    18  stm32f4xx_usart.o(.text)
    USART_ITConfig                           0x080015d7   Thumb Code    74  stm32f4xx_usart.o(.text)
    USART_GetFlagStatus                      0x08001621   Thumb Code    26  stm32f4xx_usart.o(.text)
    USART_ClearFlag                          0x0800163b   Thumb Code    18  stm32f4xx_usart.o(.text)
    USART_GetITStatus                        0x0800164d   Thumb Code   118  stm32f4xx_usart.o(.text)
    USART_ClearITPendingBit                  0x080016c3   Thumb Code    30  stm32f4xx_usart.o(.text)
    TIM_DeInit                               0x080016e1   Thumb Code   346  stm32f4xx_tim.o(.text)
    TIM_TimeBaseInit                         0x0800183b   Thumb Code   104  stm32f4xx_tim.o(.text)
    TIM_TimeBaseStructInit                   0x080018a3   Thumb Code    18  stm32f4xx_tim.o(.text)
    TIM_PrescalerConfig                      0x080018b5   Thumb Code     6  stm32f4xx_tim.o(.text)
    TIM_CounterModeConfig                    0x080018bb   Thumb Code    18  stm32f4xx_tim.o(.text)
    TIM_SetCounter                           0x080018cd   Thumb Code     4  stm32f4xx_tim.o(.text)
    TIM_SetAutoreload                        0x080018d1   Thumb Code     4  stm32f4xx_tim.o(.text)
    TIM_GetCounter                           0x080018d5   Thumb Code     6  stm32f4xx_tim.o(.text)
    TIM_GetPrescaler                         0x080018db   Thumb Code     6  stm32f4xx_tim.o(.text)
    TIM_UpdateDisableConfig                  0x080018e1   Thumb Code    24  stm32f4xx_tim.o(.text)
    TIM_UpdateRequestConfig                  0x080018f9   Thumb Code    24  stm32f4xx_tim.o(.text)
    TIM_ARRPreloadConfig                     0x08001911   Thumb Code    24  stm32f4xx_tim.o(.text)
    TIM_SelectOnePulseMode                   0x08001929   Thumb Code    18  stm32f4xx_tim.o(.text)
    TIM_SetClockDivision                     0x0800193b   Thumb Code    18  stm32f4xx_tim.o(.text)
    TIM_Cmd                                  0x0800194d   Thumb Code    24  stm32f4xx_tim.o(.text)
    TIM_OC1Init                              0x08001965   Thumb Code   114  stm32f4xx_tim.o(.text)
    TIM_OC2Init                              0x080019d7   Thumb Code   154  stm32f4xx_tim.o(.text)
    TIM_OC3Init                              0x08001a71   Thumb Code   204  stm32f4xx_tim.o(.text)
    TIM_OC4Init                              0x08001b3d   Thumb Code   112  stm32f4xx_tim.o(.text)
    TIM_OCStructInit                         0x08001bad   Thumb Code    20  stm32f4xx_tim.o(.text)
    TIM_SelectOCxM                           0x08001bc1   Thumb Code    86  stm32f4xx_tim.o(.text)
    TIM_SetCompare1                          0x08001c17   Thumb Code     4  stm32f4xx_tim.o(.text)
    TIM_SetCompare2                          0x08001c1b   Thumb Code     4  stm32f4xx_tim.o(.text)
    TIM_SetCompare3                          0x08001c1f   Thumb Code     4  stm32f4xx_tim.o(.text)
    TIM_SetCompare4                          0x08001c23   Thumb Code     4  stm32f4xx_tim.o(.text)
    TIM_ForcedOC1Config                      0x08001c27   Thumb Code    18  stm32f4xx_tim.o(.text)
    TIM_ForcedOC2Config                      0x08001c39   Thumb Code    26  stm32f4xx_tim.o(.text)
    TIM_ForcedOC3Config                      0x08001c53   Thumb Code    18  stm32f4xx_tim.o(.text)
    TIM_ForcedOC4Config                      0x08001c65   Thumb Code    26  stm32f4xx_tim.o(.text)
    TIM_OC1PreloadConfig                     0x08001c7f   Thumb Code    18  stm32f4xx_tim.o(.text)
    TIM_OC2PreloadConfig                     0x08001c91   Thumb Code    26  stm32f4xx_tim.o(.text)
    TIM_OC3PreloadConfig                     0x08001cab   Thumb Code    18  stm32f4xx_tim.o(.text)
    TIM_OC4PreloadConfig                     0x08001cbd   Thumb Code    26  stm32f4xx_tim.o(.text)
    TIM_OC1FastConfig                        0x08001cd7   Thumb Code    18  stm32f4xx_tim.o(.text)
    TIM_OC2FastConfig                        0x08001ce9   Thumb Code    26  stm32f4xx_tim.o(.text)
    TIM_OC3FastConfig                        0x08001d03   Thumb Code    18  stm32f4xx_tim.o(.text)
    TIM_OC4FastConfig                        0x08001d15   Thumb Code    26  stm32f4xx_tim.o(.text)
    TIM_ClearOC1Ref                          0x08001d2f   Thumb Code    18  stm32f4xx_tim.o(.text)
    TIM_ClearOC2Ref                          0x08001d41   Thumb Code    24  stm32f4xx_tim.o(.text)
    TIM_ClearOC3Ref                          0x08001d59   Thumb Code    18  stm32f4xx_tim.o(.text)
    TIM_ClearOC4Ref                          0x08001d6b   Thumb Code    24  stm32f4xx_tim.o(.text)
    TIM_OC1PolarityConfig                    0x08001d83   Thumb Code    18  stm32f4xx_tim.o(.text)
    TIM_OC1NPolarityConfig                   0x08001d95   Thumb Code    18  stm32f4xx_tim.o(.text)
    TIM_OC2PolarityConfig                    0x08001da7   Thumb Code    26  stm32f4xx_tim.o(.text)
    TIM_OC2NPolarityConfig                   0x08001dc1   Thumb Code    26  stm32f4xx_tim.o(.text)
    TIM_OC3PolarityConfig                    0x08001ddb   Thumb Code    26  stm32f4xx_tim.o(.text)
    TIM_OC3NPolarityConfig                   0x08001df5   Thumb Code    26  stm32f4xx_tim.o(.text)
    TIM_OC4PolarityConfig                    0x08001e0f   Thumb Code    26  stm32f4xx_tim.o(.text)
    TIM_CCxCmd                               0x08001e29   Thumb Code    30  stm32f4xx_tim.o(.text)
    TIM_CCxNCmd                              0x08001e47   Thumb Code    30  stm32f4xx_tim.o(.text)
    TIM_SetIC4Prescaler                      0x08001e65   Thumb Code    26  stm32f4xx_tim.o(.text)
    TIM_SetIC3Prescaler                      0x08001ecf   Thumb Code    18  stm32f4xx_tim.o(.text)
    TIM_SetIC2Prescaler                      0x08001f29   Thumb Code    26  stm32f4xx_tim.o(.text)
    TIM_SetIC1Prescaler                      0x08001f9d   Thumb Code    18  stm32f4xx_tim.o(.text)
    TIM_ICInit                               0x08001fe9   Thumb Code   110  stm32f4xx_tim.o(.text)
    TIM_ICStructInit                         0x08002057   Thumb Code    18  stm32f4xx_tim.o(.text)
    TIM_PWMIConfig                           0x08002069   Thumb Code   124  stm32f4xx_tim.o(.text)
    TIM_GetCapture1                          0x080020e5   Thumb Code     6  stm32f4xx_tim.o(.text)
    TIM_GetCapture2                          0x080020eb   Thumb Code     6  stm32f4xx_tim.o(.text)
    TIM_GetCapture3                          0x080020f1   Thumb Code     6  stm32f4xx_tim.o(.text)
    TIM_GetCapture4                          0x080020f7   Thumb Code     6  stm32f4xx_tim.o(.text)
    TIM_BDTRConfig                           0x080020fd   Thumb Code    32  stm32f4xx_tim.o(.text)
    TIM_BDTRStructInit                       0x0800211d   Thumb Code    18  stm32f4xx_tim.o(.text)
    TIM_CtrlPWMOutputs                       0x0800212f   Thumb Code    30  stm32f4xx_tim.o(.text)
    TIM_SelectCOM                            0x0800214d   Thumb Code    24  stm32f4xx_tim.o(.text)
    TIM_CCPreloadControl                     0x08002165   Thumb Code    24  stm32f4xx_tim.o(.text)
    TIM_ITConfig                             0x0800217d   Thumb Code    18  stm32f4xx_tim.o(.text)
    TIM_GenerateEvent                        0x0800218f   Thumb Code     4  stm32f4xx_tim.o(.text)
    TIM_GetFlagStatus                        0x08002193   Thumb Code    18  stm32f4xx_tim.o(.text)
    TIM_ClearFlag                            0x080021a5   Thumb Code     6  stm32f4xx_tim.o(.text)
    TIM_GetITStatus                          0x080021ab   Thumb Code    34  stm32f4xx_tim.o(.text)
    TIM_ClearITPendingBit                    0x080021cd   Thumb Code     6  stm32f4xx_tim.o(.text)
    TIM_DMAConfig                            0x080021d3   Thumb Code    10  stm32f4xx_tim.o(.text)
    TIM_DMACmd                               0x080021dd   Thumb Code    18  stm32f4xx_tim.o(.text)
    TIM_SelectCCDMA                          0x080021ef   Thumb Code    24  stm32f4xx_tim.o(.text)
    TIM_InternalClockConfig                  0x08002207   Thumb Code    12  stm32f4xx_tim.o(.text)
    TIM_SelectInputTrigger                   0x08002213   Thumb Code    18  stm32f4xx_tim.o(.text)
    TIM_ITRxExternalClockConfig              0x08002225   Thumb Code    24  stm32f4xx_tim.o(.text)
    TIM_TIxExternalClockConfig               0x0800223d   Thumb Code    62  stm32f4xx_tim.o(.text)
    TIM_ETRConfig                            0x0800227b   Thumb Code    28  stm32f4xx_tim.o(.text)
    TIM_ETRClockMode1Config                  0x08002297   Thumb Code    54  stm32f4xx_tim.o(.text)
    TIM_ETRClockMode2Config                  0x080022cd   Thumb Code    32  stm32f4xx_tim.o(.text)
    TIM_SelectOutputTrigger                  0x080022ed   Thumb Code    18  stm32f4xx_tim.o(.text)
    TIM_SelectSlaveMode                      0x080022ff   Thumb Code    18  stm32f4xx_tim.o(.text)
    TIM_SelectMasterSlaveMode                0x08002311   Thumb Code    18  stm32f4xx_tim.o(.text)
    TIM_EncoderInterfaceConfig               0x08002323   Thumb Code    66  stm32f4xx_tim.o(.text)
    TIM_SelectHallSensor                     0x08002365   Thumb Code    24  stm32f4xx_tim.o(.text)
    TIM_RemapConfig                          0x0800237d   Thumb Code     6  stm32f4xx_tim.o(.text)
    EXTI_DeInit                              0x08002385   Thumb Code    28  stm32f4xx_exti.o(.text)
    EXTI_Init                                0x080023a1   Thumb Code   142  stm32f4xx_exti.o(.text)
    EXTI_StructInit                          0x0800242f   Thumb Code    16  stm32f4xx_exti.o(.text)
    EXTI_GenerateSWInterrupt                 0x0800243f   Thumb Code    16  stm32f4xx_exti.o(.text)
    EXTI_GetFlagStatus                       0x0800244f   Thumb Code    22  stm32f4xx_exti.o(.text)
    EXTI_ClearFlag                           0x08002465   Thumb Code     8  stm32f4xx_exti.o(.text)
    EXTI_GetITStatus                         0x0800246d   Thumb Code    22  stm32f4xx_exti.o(.text)
    EXTI_ClearITPendingBit                   0x08002483   Thumb Code     8  stm32f4xx_exti.o(.text)
    ADC_DeInit                               0x08002495   Thumb Code    22  stm32f4xx_adc.o(.text)
    ADC_Init                                 0x080024ab   Thumb Code    74  stm32f4xx_adc.o(.text)
    ADC_StructInit                           0x080024f5   Thumb Code    20  stm32f4xx_adc.o(.text)
    ADC_CommonInit                           0x08002509   Thumb Code    34  stm32f4xx_adc.o(.text)
    ADC_CommonStructInit                     0x0800252b   Thumb Code    12  stm32f4xx_adc.o(.text)
    ADC_Cmd                                  0x08002537   Thumb Code    22  stm32f4xx_adc.o(.text)
    ADC_AnalogWatchdogCmd                    0x0800254d   Thumb Code    16  stm32f4xx_adc.o(.text)
    ADC_AnalogWatchdogThresholdsConfig       0x0800255d   Thumb Code     6  stm32f4xx_adc.o(.text)
    ADC_AnalogWatchdogSingleChannelConfig    0x08002563   Thumb Code    16  stm32f4xx_adc.o(.text)
    ADC_TempSensorVrefintCmd                 0x08002573   Thumb Code    34  stm32f4xx_adc.o(.text)
    ADC_VBATCmd                              0x08002595   Thumb Code    34  stm32f4xx_adc.o(.text)
    ADC_RegularChannelConfig                 0x080025b7   Thumb Code   184  stm32f4xx_adc.o(.text)
    ADC_SoftwareStartConv                    0x0800266f   Thumb Code    10  stm32f4xx_adc.o(.text)
    ADC_GetSoftwareStartConvStatus           0x08002679   Thumb Code    20  stm32f4xx_adc.o(.text)
    ADC_EOCOnEachRegularChannelCmd           0x0800268d   Thumb Code    22  stm32f4xx_adc.o(.text)
    ADC_ContinuousModeCmd                    0x080026a3   Thumb Code    22  stm32f4xx_adc.o(.text)
    ADC_DiscModeChannelCountConfig           0x080026b9   Thumb Code    24  stm32f4xx_adc.o(.text)
    ADC_DiscModeCmd                          0x080026d1   Thumb Code    22  stm32f4xx_adc.o(.text)
    ADC_GetConversionValue                   0x080026e7   Thumb Code     8  stm32f4xx_adc.o(.text)
    ADC_GetMultiModeConversionValue          0x080026ef   Thumb Code     8  stm32f4xx_adc.o(.text)
    ADC_DMACmd                               0x080026f7   Thumb Code    22  stm32f4xx_adc.o(.text)
    ADC_DMARequestAfterLastTransferCmd       0x0800270d   Thumb Code    22  stm32f4xx_adc.o(.text)
    ADC_MultiModeDMARequestAfterLastTransferCmd 0x08002723   Thumb Code    34  stm32f4xx_adc.o(.text)
    ADC_InjectedChannelConfig                0x08002745   Thumb Code   130  stm32f4xx_adc.o(.text)
    ADC_InjectedSequencerLengthConfig        0x080027c7   Thumb Code    24  stm32f4xx_adc.o(.text)
    ADC_SetInjectedOffset                    0x080027df   Thumb Code    20  stm32f4xx_adc.o(.text)
    ADC_ExternalTrigInjectedConvConfig       0x080027f3   Thumb Code    16  stm32f4xx_adc.o(.text)
    ADC_ExternalTrigInjectedConvEdgeConfig   0x08002803   Thumb Code    16  stm32f4xx_adc.o(.text)
    ADC_SoftwareStartInjectedConv            0x08002813   Thumb Code    10  stm32f4xx_adc.o(.text)
    ADC_GetSoftwareStartInjectedConvCmdStatus 0x0800281d   Thumb Code    20  stm32f4xx_adc.o(.text)
    ADC_AutoInjectedConvCmd                  0x08002831   Thumb Code    22  stm32f4xx_adc.o(.text)
    ADC_InjectedDiscModeCmd                  0x08002847   Thumb Code    22  stm32f4xx_adc.o(.text)
    ADC_GetInjectedConversionValue           0x0800285d   Thumb Code    28  stm32f4xx_adc.o(.text)
    ADC_ITConfig                             0x08002879   Thumb Code    56  stm32f4xx_adc.o(.text)
    ADC_GetFlagStatus                        0x080028b1   Thumb Code    18  stm32f4xx_adc.o(.text)
    ADC_ClearFlag                            0x080028c3   Thumb Code     6  stm32f4xx_adc.o(.text)
    ADC_GetITStatus                          0x080028c9   Thumb Code    38  stm32f4xx_adc.o(.text)
    ADC_ClearITPendingBit                    0x080028ef   Thumb Code    10  stm32f4xx_adc.o(.text)
    SysTick_Handler                          0x080028f9   Thumb Code    16  delay.o(.text)
    delay_init                               0x08002909   Thumb Code    58  delay.o(.text)
    delay_us                                 0x08002943   Thumb Code    68  delay.o(.text)
    delay_ms                                 0x08002987   Thumb Code    60  delay.o(.text)
    delay_xms                                0x080029c3   Thumb Code    24  delay.o(.text)
    LED_Init                                 0x080029e5   Thumb Code   112  led.o(.text)
    TIM1_PWM_SET                             0x08002a5d   Thumb Code    82  motor.o(.text)
    TIM1_Config                              0x08002aaf   Thumb Code    96  motor.o(.text)
    TIM1_PWM_Init                            0x08002b0f   Thumb Code   146  motor.o(.text)
    TIM8_PWM_SET                             0x08002ba1   Thumb Code    44  motor.o(.text)
    TIM8_Config                              0x08002bcd   Thumb Code    74  motor.o(.text)
    TIM8_PWM_Init                            0x08002c17   Thumb Code   140  motor.o(.text)
    Motor_Init                               0x08002ca3   Thumb Code    56  motor.o(.text)
    MoveDir                                  0x08002cdb   Thumb Code    44  motor.o(.text)
    MoveDown                                 0x08002d07   Thumb Code    12  motor.o(.text)
    MoveUp                                   0x08002d13   Thumb Code    12  motor.o(.text)
    EXTIX_Init                               0x08002d1f   Thumb Code    74  motor.o(.text)
    MotorFGInit                              0x08002d69   Thumb Code   184  motor.o(.text)
    EXTI15_10_IRQHandler                     0x08002e21   Thumb Code   226  motor.o(.text)
    EXTI9_5_IRQHandler                       0x08002f03   Thumb Code    44  motor.o(.text)
    MotorEnable                              0x08002f2f   Thumb Code    24  motor.o(.text)
    MotorReset                               0x08002f47   Thumb Code    42  motor.o(.text)
    MotorDisable                             0x08002f71   Thumb Code    24  motor.o(.text)
    Tim4IntInit                              0x08002fad   Thumb Code    80  timer4.o(.text)
    Tim4Enable                               0x08002ffd   Thumb Code    12  timer4.o(.text)
    Tim4Disable                              0x08003009   Thumb Code    12  timer4.o(.text)
    TIM4_IRQHandler                          0x08003015   Thumb Code    34  timer4.o(.text)
    TIM12_CH1_Cap_Init                       0x08003041   Thumb Code   182  timer12.o(.text)
    TIM8_BRK_TIM12_IRQHandler                0x080030f7   Thumb Code    92  timer12.o(.text)
    MotorInit                                0x08003169   Thumb Code    62  motor_ctrl.o(.text)
    Deceleration                             0x080031a7   Thumb Code    16  motor_ctrl.o(.text)
    Acceleration                             0x080031b7   Thumb Code    14  motor_ctrl.o(.text)
    SetSpeed                                 0x080031c5   Thumb Code    82  motor_ctrl.o(.text)
    StateCheck                               0x08003217   Thumb Code   140  motor_ctrl.o(.text)
    MotorVelCalc                             0x080032a3   Thumb Code    52  motor_ctrl.o(.text)
    MotorCtrlManual                          0x080032d7   Thumb Code   422  motor_ctrl.o(.text)
    MotorCtrlAuto                            0x0800347d   Thumb Code    10  motor_ctrl.o(.text)
    MotorInitConfig                          0x08003487   Thumb Code    16  motor_ctrl.o(.text)
    DeltaTurnCalc                            0x08003497   Thumb Code   210  motor_ctrl.o(.text)
    MotorSetCmdSpeed                         0x08003569   Thumb Code   204  motor_ctrl.o(.text)
    Tim13IntInit                             0x08003635   Thumb Code    80  timer13.o(.text)
    Tim13Enable                              0x08003685   Thumb Code    12  timer13.o(.text)
    Tim13Disable                             0x08003691   Thumb Code    12  timer13.o(.text)
    TIM8_UP_TIM13_IRQHandler                 0x0800369d   Thumb Code    40  timer13.o(.text)
    Tim5IntInit                              0x080036cd   Thumb Code    80  timer5.o(.text)
    Tim5Enable                               0x0800371d   Thumb Code    12  timer5.o(.text)
    Tim5Disable                              0x08003729   Thumb Code    12  timer5.o(.text)
    TIM5_IRQHandler                          0x08003735   Thumb Code    48  timer5.o(.text)
    Adc_Init                                 0x08003771   Thumb Code   124  adc.o(.text)
    Get_Adc                                  0x080037ed   Thumb Code    44  adc.o(.text)
    Get_Adc_Average                          0x08003819   Thumb Code    46  adc.o(.text)
    vListInitialise                          0x08003851   Thumb Code    26  list.o(.text)
    vListInitialiseItem                      0x0800386b   Thumb Code     6  list.o(.text)
    vListInsertEnd                           0x08003871   Thumb Code    24  list.o(.text)
    vListInsert                              0x08003889   Thumb Code    52  list.o(.text)
    uxListRemove                             0x080038bd   Thumb Code    40  list.o(.text)
    xQueueGenericReset                       0x080038e5   Thumb Code   146  queue.o(.text)
    xQueueGenericCreate                      0x080039a1   Thumb Code    90  queue.o(.text)
    xQueueGenericSend                        0x08003b15   Thumb Code   420  queue.o(.text)
    xQueueCreateMutex                        0x08003cd7   Thumb Code    34  queue.o(.text)
    xQueueGiveMutexRecursive                 0x08003cf9   Thumb Code    78  queue.o(.text)
    xQueueSemaphoreTake                      0x08003d75   Thumb Code   434  queue.o(.text)
    xQueueTakeMutexRecursive                 0x08003f27   Thumb Code    78  queue.o(.text)
    xQueueCreateCountingSemaphore            0x08003f75   Thumb Code    92  queue.o(.text)
    xQueueGenericSendFromISR                 0x08003fd1   Thumb Code   248  queue.o(.text)
    xQueueGiveFromISR                        0x080040c9   Thumb Code   224  queue.o(.text)
    xQueueReceive                            0x080041d3   Thumb Code   362  queue.o(.text)
    xQueuePeek                               0x0800433d   Thumb Code   362  queue.o(.text)
    xQueueReceiveFromISR                     0x080044a7   Thumb Code   202  queue.o(.text)
    xQueuePeekFromISR                        0x08004571   Thumb Code   176  queue.o(.text)
    uxQueueMessagesWaiting                   0x08004621   Thumb Code    42  queue.o(.text)
    uxQueueSpacesAvailable                   0x0800464b   Thumb Code    52  queue.o(.text)
    uxQueueMessagesWaitingFromISR            0x0800467f   Thumb Code    34  queue.o(.text)
    vQueueUnregisterQueue                    0x080046a1   Thumb Code    44  queue.o(.text)
    vQueueDelete                             0x080046cd   Thumb Code    44  queue.o(.text)
    uxQueueGetQueueNumber                    0x080046f9   Thumb Code     6  queue.o(.text)
    vQueueSetQueueNumber                     0x080046ff   Thumb Code     4  queue.o(.text)
    ucQueueGetQueueType                      0x08004703   Thumb Code     8  queue.o(.text)
    xQueueIsQueueEmptyFromISR                0x0800470b   Thumb Code    42  queue.o(.text)
    xQueueIsQueueFullFromISR                 0x08004735   Thumb Code    46  queue.o(.text)
    vQueueAddToRegistry                      0x08004763   Thumb Code    38  queue.o(.text)
    pcQueueGetName                           0x08004789   Thumb Code    38  queue.o(.text)
    vQueueWaitForMessageRestricted           0x080047af   Thumb Code    74  queue.o(.text)
    xTaskCreate                              0x080049ab   Thumb Code    96  tasks.o(.text)
    vTaskDelete                              0x08004a47   Thumb Code   202  tasks.o(.text)
    xTaskIncrementTick                       0x08004b11   Thumb Code   358  tasks.o(.text)
    xTaskResumeAll                           0x08004c77   Thumb Code   224  tasks.o(.text)
    vTaskSuspendAll                          0x08004dd3   Thumb Code    12  tasks.o(.text)
    vTaskDelayUntil                          0x08004ddf   Thumb Code   200  tasks.o(.text)
    vTaskDelay                               0x08004ea7   Thumb Code    82  tasks.o(.text)
    eTaskGetState                            0x08004ef9   Thumb Code   128  tasks.o(.text)
    uxTaskPriorityGet                        0x08004f79   Thumb Code    30  tasks.o(.text)
    uxTaskPriorityGetFromISR                 0x08004f97   Thumb Code    62  tasks.o(.text)
    vTaskPrioritySet                         0x08004fd5   Thumb Code   324  tasks.o(.text)
    vTaskSwitchContext                       0x08005119   Thumb Code   118  tasks.o(.text)
    vTaskSuspend                             0x0800518f   Thumb Code   210  tasks.o(.text)
    vTaskResume                              0x080052b1   Thumb Code   128  tasks.o(.text)
    xTaskResumeFromISR                       0x08005331   Thumb Code   158  tasks.o(.text)
    vTaskStartScheduler                      0x0800542b   Thumb Code   192  tasks.o(.text)
    vTaskEndScheduler                        0x080054eb   Thumb Code    32  tasks.o(.text)
    xTaskGetTickCount                        0x0800550b   Thumb Code     6  tasks.o(.text)
    xTaskGetTickCountFromISR                 0x08005511   Thumb Code    16  tasks.o(.text)
    uxTaskGetNumberOfTasks                   0x08005521   Thumb Code     6  tasks.o(.text)
    pcTaskGetName                            0x08005527   Thumb Code    44  tasks.o(.text)
    vTaskGetInfo                             0x08005569   Thumb Code   126  tasks.o(.text)
    uxTaskGetSystemState                     0x08005651   Thumb Code   152  tasks.o(.text)
    vTaskPlaceOnEventList                    0x080056e9   Thumb Code    52  tasks.o(.text)
    vTaskPlaceOnUnorderedEventList           0x0800571d   Thumb Code   100  tasks.o(.text)
    vTaskPlaceOnEventListRestricted          0x08005781   Thumb Code    60  tasks.o(.text)
    xTaskRemoveFromEventList                 0x080057bd   Thumb Code   128  tasks.o(.text)
    vTaskRemoveFromUnorderedEventList        0x0800583d   Thumb Code   142  tasks.o(.text)
    vTaskSetTimeOutState                     0x080058cb   Thumb Code   104  tasks.o(.text)
    vTaskInternalSetTimeOutState             0x08005933   Thumb Code    14  tasks.o(.text)
    xTaskCheckForTimeOut                     0x08005941   Thumb Code   132  tasks.o(.text)
    vTaskMissedYield                         0x080059c5   Thumb Code     8  tasks.o(.text)
    uxTaskGetTaskNumber                      0x080059cd   Thumb Code    14  tasks.o(.text)
    vTaskSetTaskNumber                       0x080059db   Thumb Code     8  tasks.o(.text)
    xTaskGetCurrentTaskHandle                0x080059e3   Thumb Code     6  tasks.o(.text)
    xTaskGetSchedulerState                   0x080059e9   Thumb Code    24  tasks.o(.text)
    xTaskPriorityInherit                     0x08005a01   Thumb Code   186  tasks.o(.text)
    xTaskPriorityDisinherit                  0x08005abb   Thumb Code   188  tasks.o(.text)
    vTaskPriorityDisinheritAfterTimeout      0x08005b77   Thumb Code   230  tasks.o(.text)
    uxTaskResetEventItemValue                0x08005c5d   Thumb Code    24  tasks.o(.text)
    pvTaskIncrementMutexHeldCount            0x08005c75   Thumb Code    26  tasks.o(.text)
    ulTaskNotifyTake                         0x08005c8f   Thumb Code   108  tasks.o(.text)
    xTaskNotifyWait                          0x08005cfb   Thumb Code   188  tasks.o(.text)
    xTaskGenericNotify                       0x08005db7   Thumb Code   280  tasks.o(.text)
    xTaskGenericNotifyFromISR                0x08005ecf   Thumb Code   334  tasks.o(.text)
    vTaskNotifyGiveFromISR                   0x0800601d   Thumb Code   214  tasks.o(.text)
    xTaskNotifyStateClear                    0x080060f3   Thumb Code    48  tasks.o(.text)
    xTimerGenericCommand                     0x08006191   Thumb Code   126  timers.o(.text)
    xTimerCreateTimerTask                    0x08006507   Thumb Code   118  timers.o(.text)
    xTimerCreate                             0x080065cb   Thumb Code    48  timers.o(.text)
    xTimerGetTimerDaemonTaskHandle           0x080065fb   Thumb Code    42  timers.o(.text)
    xTimerGetPeriod                          0x08006625   Thumb Code    32  timers.o(.text)
    xTimerGetExpiryTime                      0x08006645   Thumb Code    34  timers.o(.text)
    pcTimerGetName                           0x08006667   Thumb Code    32  timers.o(.text)
    xTimerIsTimerActive                      0x08006687   Thumb Code    62  timers.o(.text)
    pvTimerGetTimerID                        0x080066c5   Thumb Code    44  timers.o(.text)
    vTimerSetTimerID                         0x080066f1   Thumb Code    44  timers.o(.text)
    uxTimerGetTimerNumber                    0x0800671d   Thumb Code     6  timers.o(.text)
    vTimerSetTimerNumber                     0x08006723   Thumb Code     4  timers.o(.text)
    pxPortInitialiseStack                    0x08006769   Thumb Code    38  port.o(.text)
    vPortSetupTimerInterrupt                 0x0800678f   Thumb Code    36  port.o(.text)
    xPortStartScheduler                      0x080067b3   Thumb Code   330  port.o(.text)
    vPortEndScheduler                        0x080068fd   Thumb Code    42  port.o(.text)
    vPortEnterCritical                       0x08006927   Thumb Code    78  port.o(.text)
    vPortExitCritical                        0x08006975   Thumb Code    56  port.o(.text)
    xPortSysTickHandler                      0x080069ad   Thumb Code    48  port.o(.text)
    vPortValidateInterruptPriority           0x080069dd   Thumb Code   108  port.o(.text)
    pvPortMalloc                             0x08006b2f   Thumb Code   296  heap_4.o(.text)
    vPortFree                                0x08006c57   Thumb Code   140  heap_4.o(.text)
    xPortGetFreeHeapSize                     0x08006ce3   Thumb Code     6  heap_4.o(.text)
    xPortGetMinimumEverFreeHeapSize          0x08006ce9   Thumb Code     6  heap_4.o(.text)
    vPortInitialiseBlocks                    0x08006cef   Thumb Code     2  heap_4.o(.text)
    xMBPortEventInit                         0x08006d09   Thumb Code    10  portevent.o(.text)
    xMBPortEventPost                         0x08006d13   Thumb Code    16  portevent.o(.text)
    xMBPortEventGet                          0x08006d23   Thumb Code    26  portevent.o(.text)
    vMBPortSerialEnable                      0x08006d45   Thumb Code    64  portserial.o(.text)
    xMBPortSerialInit                        0x08006d85   Thumb Code   170  portserial.o(.text)
    xMBPortSerialPutByte                     0x08006e2f   Thumb Code    16  portserial.o(.text)
    xMBPortSerialGetByte                     0x08006e3f   Thumb Code    16  portserial.o(.text)
    USART1_IRQHandler                        0x08006e63   Thumb Code    60  portserial.o(.text)
    xMBPortTimersInit                        0x08006eb1   Thumb Code   112  porttimer.o(.text)
    vMBPortTimersEnable                      0x08006f21   Thumb Code    38  porttimer.o(.text)
    vMBPortTimersDisable                     0x08006f47   Thumb Code    38  porttimer.o(.text)
    TIM3_IRQHandler                          0x08006f77   Thumb Code    26  porttimer.o(.text)
    eMBInit                                  0x08006f99   Thumb Code   222  mb.o(.text)
    eMBRegisterCB                            0x08007077   Thumb Code   138  mb.o(.text)
    eMBClose                                 0x08007101   Thumb Code    32  mb.o(.text)
    eMBEnable                                0x08007121   Thumb Code    32  mb.o(.text)
    eMBDisable                               0x08007141   Thumb Code    42  mb.o(.text)
    eMBPoll                                  0x0800716b   Thumb Code   268  mb.o(.text)
    usMBCRC16                                0x080072f5   Thumb Code    48  mbcrc.o(.text)
    eMBRTUInit                               0x0800732d   Thumb Code    84  mbrtu.o(.text)
    eMBRTUStart                              0x08007381   Thumb Code    30  mbrtu.o(.text)
    eMBRTUStop                               0x0800739f   Thumb Code    24  mbrtu.o(.text)
    eMBRTUReceive                            0x080073b7   Thumb Code    98  mbrtu.o(.text)
    eMBRTUSend                               0x08007419   Thumb Code   154  mbrtu.o(.text)
    xMBRTUReceiveFSM                         0x080074b3   Thumb Code   140  mbrtu.o(.text)
    xMBRTUTransmitFSM                        0x0800753f   Thumb Code   116  mbrtu.o(.text)
    xMBRTUTimerT35Expired                    0x080075b3   Thumb Code    96  mbrtu.o(.text)
    eMBASCIIInit                             0x080076b9   Thumb Code    68  mbascii.o(.text)
    eMBASCIIStart                            0x080076fd   Thumb Code    32  mbascii.o(.text)
    eMBASCIIStop                             0x0800771d   Thumb Code    24  mbascii.o(.text)
    eMBASCIIReceive                          0x08007755   Thumb Code    96  mbascii.o(.text)
    eMBASCIISend                             0x080077b5   Thumb Code   110  mbascii.o(.text)
    xMBASCIIReceiveFSM                       0x08007849   Thumb Code   296  mbascii.o(.text)
    xMBASCIITransmitFSM                      0x0800799d   Thumb Code   240  mbascii.o(.text)
    xMBASCIITimerT1SExpired                  0x08007a8d   Thumb Code   242  mbascii.o(.text)
    eMBFuncReadCoils                         0x08007b85   Thumb Code   166  mbfunccoils.o(.text)
    eMBFuncWriteCoil                         0x08007c2b   Thumb Code   108  mbfunccoils.o(.text)
    eMBFuncWriteMultipleCoils                0x08007c97   Thumb Code   142  mbfunccoils.o(.text)
    eMBFuncReadDiscreteInputs                0x08007d25   Thumb Code   164  mbfuncdisc.o(.text)
    eMBFuncWriteHoldingRegister              0x08007dc9   Thumb Code    62  mbfuncholding.o(.text)
    eMBFuncWriteMultipleHoldingRegister      0x08007e07   Thumb Code   106  mbfuncholding.o(.text)
    eMBFuncReadHoldingRegister               0x08007e71   Thumb Code   132  mbfuncholding.o(.text)
    eMBFuncReadWriteMultipleHoldingRegister  0x08007ef5   Thumb Code   212  mbfuncholding.o(.text)
    eMBFuncReadInputRegister                 0x08007fc9   Thumb Code   132  mbfuncinput.o(.text)
    eMBSetSlaveID                            0x0800804d   Thumb Code   110  mbfuncother.o(.text)
    eMBFuncReportSlaveID                     0x080080bb   Thumb Code    30  mbfuncother.o(.text)
    xMBUtilSetBits                           0x080080e1   Thumb Code   104  mbutils.o(.text)
    xMBUtilGetBits                           0x08008149   Thumb Code    42  mbutils.o(.text)
    prveMBError2Exception                    0x08008173   Thumb Code    34  mbutils.o(.text)
    eMBRegInputCB                            0x080081d1   Thumb Code    68  freemodbus.o(.text)
    eMBRegHoldingCB                          0x08008215   Thumb Code   124  freemodbus.o(.text)
    eMBRegCoilsCB                            0x08008291   Thumb Code   146  freemodbus.o(.text)
    eMBRegDiscreteCB                         0x08008323   Thumb Code    90  freemodbus.o(.text)
    pid_Init                                 0x08008395   Thumb Code    42  pid.o(.text)
    pid_Controller                           0x080083bf   Thumb Code   146  pid.o(.text)
    pid_Reset_Integrator                     0x08008451   Thumb Code     6  pid.o(.text)
    RobotAlarmEnable                         0x08008903   Thumb Code     8  robot.o(.text)
    RobotAlarmDisable                        0x0800890b   Thumb Code     8  robot.o(.text)
    RobotNew                                 0x08008913   Thumb Code    40  robot.o(.text)
    __aeabi_assert                           0x0800895d   Thumb Code    84  assert.o(.text)
    __assert                                 0x0800895d   Thumb Code     0  assert.o(.text)
    __aeabi_memcpy                           0x080089d9   Thumb Code     0  rt_memcpy_v6.o(.text)
    __rt_memcpy                              0x080089d9   Thumb Code   138  rt_memcpy_v6.o(.text)
    _memcpy_lastbytes                        0x08008a3f   Thumb Code     0  rt_memcpy_v6.o(.text)
    __aeabi_memset                           0x08008a63   Thumb Code    16  aeabi_memset.o(.text)
    __use_two_region_memory                  0x08008a73   Thumb Code     2  heapauxi.o(.text)
    __rt_heap_escrow$2region                 0x08008a75   Thumb Code     2  heapauxi.o(.text)
    __rt_heap_expand$2region                 0x08008a77   Thumb Code     2  heapauxi.o(.text)
    abort                                    0x08008a79   Thumb Code    16  abort.o(.text)
    __assert_puts                            0x08008a89   Thumb Code    20  assert_puts.o(.text)
    __aeabi_memcpy4                          0x08008a9d   Thumb Code     0  rt_memcpy_w.o(.text)
    __aeabi_memcpy8                          0x08008a9d   Thumb Code     0  rt_memcpy_w.o(.text)
    __rt_memcpy_w                            0x08008a9d   Thumb Code   100  rt_memcpy_w.o(.text)
    _memcpy_lastbytes_aligned                0x08008ae5   Thumb Code     0  rt_memcpy_w.o(.text)
    __aeabi_memclr                           0x08008b01   Thumb Code     0  rt_memclr.o(.text)
    __rt_memclr                              0x08008b01   Thumb Code    68  rt_memclr.o(.text)
    _memset                                  0x08008b05   Thumb Code     0  rt_memclr.o(.text)
    _ttywrch                                 0x08008b45   Thumb Code    14  sys_wrch.o(.text)
    _sys_exit                                0x08008b55   Thumb Code     8  sys_exit.o(.text)
    __rt_SIGABRT                             0x08008b61   Thumb Code    14  defsig_abrt_outer.o(.text)
    __aeabi_memclr4                          0x08008b6f   Thumb Code     0  rt_memclr_w.o(.text)
    __aeabi_memclr8                          0x08008b6f   Thumb Code     0  rt_memclr_w.o(.text)
    __rt_memclr_w                            0x08008b6f   Thumb Code    78  rt_memclr_w.o(.text)
    _memset_w                                0x08008b73   Thumb Code     0  rt_memclr_w.o(.text)
    __I$use$semihosting                      0x08008bbd   Thumb Code     0  use_no_semi.o(.text)
    __use_no_semihosting_swi                 0x08008bbd   Thumb Code     2  use_no_semi.o(.text)
    __semihosting_library_function           0x08008bbf   Thumb Code     0  indicate_semi.o(.text)
    __user_setup_stackheap                   0x08008bbf   Thumb Code    74  sys_stackheap_outer.o(.text)
    exit                                     0x08008c09   Thumb Code    12  exit.o(.text)
    __sig_exit                               0x08008c15   Thumb Code    10  defsig_exit.o(.text)
    __rt_SIGABRT_inner                       0x08008c21   Thumb Code    14  defsig_abrt_inner.o(.text)
    __user_libspace                          0x08008c51   Thumb Code     8  libspace.o(.text)
    __user_perproc_libspace                  0x08008c51   Thumb Code     0  libspace.o(.text)
    __user_perthread_libspace                0x08008c51   Thumb Code     0  libspace.o(.text)
    __default_signal_display                 0x08008c59   Thumb Code    50  defsig_general.o(.text)
    __aeabi_d2f                              0x08008c8d   Thumb Code     0  d2f.o(x$fpl$d2f)
    _d2f                                     0x08008c8d   Thumb Code    98  d2f.o(x$fpl$d2f)
    __aeabi_d2uiz                            0x08008cf1   Thumb Code     0  dfixu.o(x$fpl$dfixu)
    _dfixu                                   0x08008cf1   Thumb Code    90  dfixu.o(x$fpl$dfixu)
    __aeabi_i2d                              0x08008d4b   Thumb Code     0  dflt_clz.o(x$fpl$dflt)
    _dflt                                    0x08008d4b   Thumb Code    46  dflt_clz.o(x$fpl$dflt)
    __aeabi_ui2d                             0x08008d79   Thumb Code     0  dflt_clz.o(x$fpl$dfltu)
    _dfltu                                   0x08008d79   Thumb Code    38  dflt_clz.o(x$fpl$dfltu)
    __aeabi_dmul                             0x08008da1   Thumb Code     0  dmul.o(x$fpl$dmul)
    _dmul                                    0x08008da1   Thumb Code   332  dmul.o(x$fpl$dmul)
    __fpl_dnaninf                            0x08008ef5   Thumb Code   156  dnaninf.o(x$fpl$dnaninf)
    __fpl_dretinf                            0x08008f91   Thumb Code    12  dretinf.o(x$fpl$dretinf)
    __aeabi_f2d                              0x08008f9d   Thumb Code     0  f2d.o(x$fpl$f2d)
    _f2d                                     0x08008f9d   Thumb Code    86  f2d.o(x$fpl$f2d)
    __fpl_fnaninf                            0x08008ff3   Thumb Code   140  fnaninf.o(x$fpl$fnaninf)
    _fp_init                                 0x0800907f   Thumb Code    10  fpinit.o(x$fpl$fpinit)
    __fplib_config_fpu_vfp                   0x08009087   Thumb Code     0  fpinit.o(x$fpl$fpinit)
    __fplib_config_pureend_doubles           0x08009087   Thumb Code     0  fpinit.o(x$fpl$fpinit)
    __fpl_fretinf                            0x08009089   Thumb Code    10  fretinf.o(x$fpl$fretinf)
    __I$use$fp                               0x08009092   Number         0  usenofp.o(x$fpl$usenofp)
    kDirUp                                   0x08009294   Data           1  robot.o(.constdata)
    kDirDown                                 0x08009295   Data           1  robot.o(.constdata)
    kIdle                                    0x08009296   Data           1  robot.o(.constdata)
    kCounterCheck                            0x08009297   Data           1  robot.o(.constdata)
    kChangeDir                               0x08009298   Data           1  robot.o(.constdata)
    kFirstCheck                              0x08009299   Data           1  robot.o(.constdata)
    kMotion                                  0x0800929a   Data           1  robot.o(.constdata)
    kStop                                    0x0800929b   Data           1  robot.o(.constdata)
    kDone                                    0x0800929c   Data           1  robot.o(.constdata)
    stop_speed                               0x080092a0   Data           4  robot.o(.constdata)
    Region$$Table$$Base                      0x0800934c   Number         0  anon$$obj.o(Region$$Table)
    Region$$Table$$Limit                     0x0800936c   Number         0  anon$$obj.o(Region$$Table)
    StartTask_Handler                        0x20000000   Data           4  main.o(.data)
    ModbusTask_Handler                       0x20000004   Data           4  main.o(.data)
    RobotStateTask_Handler                   0x20000008   Data           4  main.o(.data)
    ADCTask_Handler                          0x2000000c   Data           4  main.o(.data)
    RobotTask_Handler                        0x20000010   Data           4  main.o(.data)
    SystemCoreClock                          0x20000018   Data           4  system_stm32f4xx.o(.data)
    AHBPrescTable                            0x2000001c   Data          16  system_stm32f4xx.o(.data)
    timer5_enabled                           0x20000040   Data           1  motor.o(.data)
    cmd_speed_last_time                      0x20000054   Data           4  motor_ctrl.o(.data)
    cmd_speed_this_time                      0x20000058   Data           4  motor_ctrl.o(.data)
    constant_speed                           0x2000005c   Data           4  motor_ctrl.o(.data)
    constant_speed_setflag                   0x20000060   Data           1  motor_ctrl.o(.data)
    stage_num                                0x20000062   Data           1  motor_ctrl.o(.data)
    pxCurrentTCB                             0x20000064   Data           4  tasks.o(.data)
    pxMBFrameCBByteReceived                  0x200000f4   Data           4  mb.o(.data)
    pxMBFrameCBTransmitterEmpty              0x200000f8   Data           4  mb.o(.data)
    pxMBPortCBTimerExpired                   0x200000fc   Data           4  mb.o(.data)
    pxMBFrameCBReceiveFSMCur                 0x20000100   Data           4  mb.o(.data)
    pxMBFrameCBTransmitFSMCur                0x20000104   Data           4  mb.o(.data)
    usRegInputBuf                            0x200001b6   Data          32  freemodbus.o(.data)
    usRegInputStart                          0x200001d6   Data           2  freemodbus.o(.data)
    usRegHoldingStart                        0x200001d8   Data           2  freemodbus.o(.data)
    ucRegCoilsBuf                            0x200001da   Data           2  freemodbus.o(.data)
    ucRegDiscreteBuf                         0x200001dc   Data           2  freemodbus.o(.data)
    cycle_counter                            0x200001e0   Data           4  robot.o(.data)
    cycle_odometer_last_time                 0x200001e4   Data           4  robot.o(.data)
    cycle_odometer_this_time                 0x200001e8   Data           4  robot.o(.data)
    decel_odom                               0x200001ec   Data           4  robot.o(.data)
    dis_up_start                             0x200001f0   Data           4  robot.o(.data)
    dis_up_end                               0x200001f4   Data           4  robot.o(.data)
    dis_up                                   0x200001f8   Data           4  robot.o(.data)
    dis_down_start                           0x200001fc   Data           4  robot.o(.data)
    dis_down_end                             0x20000200   Data           4  robot.o(.data)
    dis_down                                 0x20000204   Data           4  robot.o(.data)
    offset_correct                           0x20000208   Data           4  robot.o(.data)
    motor_turn                               0x20000210   Data          24  motor.o(.bss)
    delta_turn                               0x20000228   Data          24  motor_ctrl.o(.bss)
    MotorSpeed                               0x20000240   Data          24  motor_ctrl.o(.bss)
    odometer                                 0x20000288   Data          24  motor_ctrl.o(.bss)
    xQueueRegistry                           0x200002a0   Data          64  queue.o(.bss)
    ucRTUBuf                                 0x20012fd0   Data         256  mbrtu.o(.bss)
    usRegHoldingBuf                          0x200130f0   Data         512  freemodbus.o(.bss)
    __libspace_start                         0x20013428   Data          96  libspace.o(.bss)
    __temporary_stack_top$libspace           0x20013488   Data           0  libspace.o(.bss)



==============================================================================

Memory Map of the image

  Image Entry point : 0x08000189

  Load Region LR_IROM1 (Base: 0x08000000, Size: 0x0000957c, Max: 0x00080000, ABSOLUTE, COMPRESSED[0x000093e8])

    Execution Region ER_IROM1 (Base: 0x08000000, Size: 0x0000936c, Max: 0x00080000, ABSOLUTE)

    Base Addr    Size         Type   Attr      Idx    E Section Name        Object

    0x08000000   0x00000188   Data   RO          292    RESET               startup_stm32f40_41xxx.o
    0x08000188   0x00000008   Code   RO         1327  * !!!main             c_w.l(__main.o)
    0x08000190   0x00000034   Code   RO         1522    !!!scatter          c_w.l(__scatter.o)
    0x080001c4   0x0000005a   Code   RO         1520    !!dczerorl2         c_w.l(__dczerorl2.o)
    0x0800021e   0x00000002   PAD
    0x08000220   0x0000001c   Code   RO         1524    !!handler_zi        c_w.l(__scatter_zi.o)
    0x0800023c   0x00000002   Code   RO         1406    .ARM.Collect$$libinit$$00000000  c_w.l(libinit.o)
    0x0800023e   0x00000004   Code   RO         1416    .ARM.Collect$$libinit$$00000001  c_w.l(libinit2.o)
    0x08000242   0x00000000   Code   RO         1420    .ARM.Collect$$libinit$$00000008  c_w.l(libinit2.o)
    0x08000242   0x00000000   Code   RO         1422    .ARM.Collect$$libinit$$0000000A  c_w.l(libinit2.o)
    0x08000242   0x00000000   Code   RO         1424    .ARM.Collect$$libinit$$0000000C  c_w.l(libinit2.o)
    0x08000242   0x00000000   Code   RO         1427    .ARM.Collect$$libinit$$0000000F  c_w.l(libinit2.o)
    0x08000242   0x00000000   Code   RO         1429    .ARM.Collect$$libinit$$00000011  c_w.l(libinit2.o)
    0x08000242   0x00000000   Code   RO         1431    .ARM.Collect$$libinit$$00000013  c_w.l(libinit2.o)
    0x08000242   0x00000000   Code   RO         1433    .ARM.Collect$$libinit$$00000015  c_w.l(libinit2.o)
    0x08000242   0x00000000   Code   RO         1435    .ARM.Collect$$libinit$$00000017  c_w.l(libinit2.o)
    0x08000242   0x00000000   Code   RO         1437    .ARM.Collect$$libinit$$00000019  c_w.l(libinit2.o)
    0x08000242   0x00000000   Code   RO         1439    .ARM.Collect$$libinit$$0000001B  c_w.l(libinit2.o)
    0x08000242   0x00000000   Code   RO         1441    .ARM.Collect$$libinit$$0000001D  c_w.l(libinit2.o)
    0x08000242   0x00000000   Code   RO         1443    .ARM.Collect$$libinit$$0000001F  c_w.l(libinit2.o)
    0x08000242   0x00000000   Code   RO         1445    .ARM.Collect$$libinit$$00000021  c_w.l(libinit2.o)
    0x08000242   0x00000000   Code   RO         1447    .ARM.Collect$$libinit$$00000023  c_w.l(libinit2.o)
    0x08000242   0x00000000   Code   RO         1451    .ARM.Collect$$libinit$$0000002A  c_w.l(libinit2.o)
    0x08000242   0x00000000   Code   RO         1453    .ARM.Collect$$libinit$$0000002C  c_w.l(libinit2.o)
    0x08000242   0x00000000   Code   RO         1455    .ARM.Collect$$libinit$$0000002E  c_w.l(libinit2.o)
    0x08000242   0x00000000   Code   RO         1457    .ARM.Collect$$libinit$$00000030  c_w.l(libinit2.o)
    0x08000242   0x00000002   Code   RO         1458    .ARM.Collect$$libinit$$00000031  c_w.l(libinit2.o)
    0x08000244   0x00000002   Code   RO         1494    .ARM.Collect$$libshutdown$$00000000  c_w.l(libshutdown.o)
    0x08000246   0x00000000   Code   RO         1505    .ARM.Collect$$libshutdown$$00000003  c_w.l(libshutdown2.o)
    0x08000246   0x00000000   Code   RO         1508    .ARM.Collect$$libshutdown$$00000006  c_w.l(libshutdown2.o)
    0x08000246   0x00000000   Code   RO         1511    .ARM.Collect$$libshutdown$$00000009  c_w.l(libshutdown2.o)
    0x08000246   0x00000000   Code   RO         1513    .ARM.Collect$$libshutdown$$0000000B  c_w.l(libshutdown2.o)
    0x08000246   0x00000000   Code   RO         1516    .ARM.Collect$$libshutdown$$0000000E  c_w.l(libshutdown2.o)
    0x08000246   0x00000002   Code   RO         1517    .ARM.Collect$$libshutdown$$0000000F  c_w.l(libshutdown2.o)
    0x08000248   0x00000000   Code   RO         1345    .ARM.Collect$$rtentry$$00000000  c_w.l(rtentry.o)
    0x08000248   0x00000000   Code   RO         1368    .ARM.Collect$$rtentry$$00000002  c_w.l(rtentry2.o)
    0x08000248   0x00000006   Code   RO         1380    .ARM.Collect$$rtentry$$00000004  c_w.l(rtentry4.o)
    0x0800024e   0x00000000   Code   RO         1370    .ARM.Collect$$rtentry$$00000009  c_w.l(rtentry2.o)
    0x0800024e   0x00000004   Code   RO         1371    .ARM.Collect$$rtentry$$0000000A  c_w.l(rtentry2.o)
    0x08000252   0x00000000   Code   RO         1373    .ARM.Collect$$rtentry$$0000000C  c_w.l(rtentry2.o)
    0x08000252   0x00000008   Code   RO         1374    .ARM.Collect$$rtentry$$0000000D  c_w.l(rtentry2.o)
    0x0800025a   0x00000002   Code   RO         1410    .ARM.Collect$$rtexit$$00000000  c_w.l(rtexit.o)
    0x0800025c   0x00000000   Code   RO         1460    .ARM.Collect$$rtexit$$00000002  c_w.l(rtexit2.o)
    0x0800025c   0x00000004   Code   RO         1461    .ARM.Collect$$rtexit$$00000003  c_w.l(rtexit2.o)
    0x08000260   0x00000006   Code   RO         1462    .ARM.Collect$$rtexit$$00000004  c_w.l(rtexit2.o)
    0x08000266   0x00000002   PAD
    0x08000268   0x00000010   Code   RO          503    .emb_text           sys.o
    0x08000278   0x000000be   Code   RO          887    .emb_text           port.o
    0x08000336   0x00000002   PAD
    0x08000338   0x0000028c   Code   RO            3    .text               main.o
    0x080005c4   0x00000014   Code   RO          217    .text               stm32f4xx_it.o
    0x080005d8   0x00000210   Code   RO          266    .text               system_stm32f4xx.o
    0x080007e8   0x00000040   Code   RO          293    .text               startup_stm32f40_41xxx.o
    0x08000828   0x000000e0   Code   RO          299    .text               misc.o
    0x08000908   0x00000294   Code   RO          319    .text               stm32f4xx_gpio.o
    0x08000b9c   0x0000065c   Code   RO          339    .text               stm32f4xx_rcc.o
    0x080011f8   0x00000094   Code   RO          361    .text               stm32f4xx_syscfg.o
    0x0800128c   0x00000454   Code   RO          381    .text               stm32f4xx_usart.o
    0x080016e0   0x00000ca2   Code   RO          401    .text               stm32f4xx_tim.o
    0x08002382   0x00000002   PAD
    0x08002384   0x00000110   Code   RO          441    .text               stm32f4xx_exti.o
    0x08002494   0x00000464   Code   RO          461    .text               stm32f4xx_adc.o
    0x080028f8   0x000000ec   Code   RO          481    .text               delay.o
    0x080029e4   0x00000078   Code   RO          521    .text               led.o
    0x08002a5c   0x00000550   Code   RO          541    .text               motor.o
    0x08002fac   0x00000094   Code   RO          605    .text               timer4.o
    0x08003040   0x00000128   Code   RO          636    .text               timer12.o
    0x08003168   0x000004cc   Code   RO          659    .text               motor_ctrl.o
    0x08003634   0x00000098   Code   RO          685    .text               timer13.o
    0x080036cc   0x000000a4   Code   RO          705    .text               timer5.o
    0x08003770   0x000000e0   Code   RO          726    .text               adc.o
    0x08003850   0x00000094   Code   RO          796    .text               list.o
    0x080038e4   0x00000f18   Code   RO          811    .text               queue.o
    0x080047fc   0x00001944   Code   RO          832    .text               tasks.o
    0x08006140   0x000005ec   Code   RO          854    .text               timers.o
    0x0800672c   0x00000340   Code   RO          888    .text               port.o
    0x08006a6c   0x0000029c   Code   RO          917    .text               heap_4.o
    0x08006d08   0x0000003c   Code   RO          934    .text               portevent.o
    0x08006d44   0x0000016c   Code   RO          956    .text               portserial.o
    0x08006eb0   0x000000e8   Code   RO          982    .text               porttimer.o
    0x08006f98   0x0000035c   Code   RO         1002    .text               mb.o
    0x080072f4   0x00000038   Code   RO         1046    .text               mbcrc.o
    0x0800732c   0x0000038c   Code   RO         1068    .text               mbrtu.o
    0x080076b8   0x000004cc   Code   RO         1096    .text               mbascii.o
    0x08007b84   0x000001a0   Code   RO         1120    .text               mbfunccoils.o
    0x08007d24   0x000000a4   Code   RO         1143    .text               mbfuncdisc.o
    0x08007dc8   0x00000200   Code   RO         1163    .text               mbfuncholding.o
    0x08007fc8   0x00000084   Code   RO         1183    .text               mbfuncinput.o
    0x0800804c   0x00000094   Code   RO         1203    .text               mbfuncother.o
    0x080080e0   0x000000f0   Code   RO         1226    .text               mbutils.o
    0x080081d0   0x000001c4   Code   RO         1246    .text               freemodbus.o
    0x08008394   0x000000c8   Code   RO         1270    .text               pid.o
    0x0800845c   0x00000500   Code   RO         1293    .text               robot.o
    0x0800895c   0x0000007c   Code   RO         1319    .text               c_w.l(assert.o)
    0x080089d8   0x0000008a   Code   RO         1321    .text               c_w.l(rt_memcpy_v6.o)
    0x08008a62   0x00000010   Code   RO         1323    .text               c_w.l(aeabi_memset.o)
    0x08008a72   0x00000006   Code   RO         1325    .text               c_w.l(heapauxi.o)
    0x08008a78   0x00000010   Code   RO         1346    .text               c_w.l(abort.o)
    0x08008a88   0x00000014   Code   RO         1348    .text               c_w.l(assert_puts.o)
    0x08008a9c   0x00000064   Code   RO         1350    .text               c_w.l(rt_memcpy_w.o)
    0x08008b00   0x00000044   Code   RO         1352    .text               c_w.l(rt_memclr.o)
    0x08008b44   0x0000000e   Code   RO         1363    .text               c_w.l(sys_wrch.o)
    0x08008b52   0x00000002   PAD
    0x08008b54   0x0000000c   Code   RO         1365    .text               c_w.l(sys_exit.o)
    0x08008b60   0x0000000e   Code   RO         1382    .text               c_w.l(defsig_abrt_outer.o)
    0x08008b6e   0x0000004e   Code   RO         1386    .text               c_w.l(rt_memclr_w.o)
    0x08008bbc   0x00000002   Code   RO         1388    .text               c_w.l(use_no_semi.o)
    0x08008bbe   0x00000000   Code   RO         1390    .text               c_w.l(indicate_semi.o)
    0x08008bbe   0x0000004a   Code   RO         1391    .text               c_w.l(sys_stackheap_outer.o)
    0x08008c08   0x0000000c   Code   RO         1395    .text               c_w.l(exit.o)
    0x08008c14   0x0000000a   Code   RO         1397    .text               c_w.l(defsig_exit.o)
    0x08008c1e   0x00000002   PAD
    0x08008c20   0x00000030   Code   RO         1399    .text               c_w.l(defsig_abrt_inner.o)
    0x08008c50   0x00000008   Code   RO         1407    .text               c_w.l(libspace.o)
    0x08008c58   0x00000032   Code   RO         1414    .text               c_w.l(defsig_general.o)
    0x08008c8a   0x00000002   PAD
    0x08008c8c   0x00000062   Code   RO         1329    x$fpl$d2f           fz_wm.l(d2f.o)
    0x08008cee   0x00000002   PAD
    0x08008cf0   0x0000005a   Code   RO         1331    x$fpl$dfixu         fz_wm.l(dfixu.o)
    0x08008d4a   0x0000002e   Code   RO         1336    x$fpl$dflt          fz_wm.l(dflt_clz.o)
    0x08008d78   0x00000026   Code   RO         1335    x$fpl$dfltu         fz_wm.l(dflt_clz.o)
    0x08008d9e   0x00000002   PAD
    0x08008da0   0x00000154   Code   RO         1341    x$fpl$dmul          fz_wm.l(dmul.o)
    0x08008ef4   0x0000009c   Code   RO         1354    x$fpl$dnaninf       fz_wm.l(dnaninf.o)
    0x08008f90   0x0000000c   Code   RO         1356    x$fpl$dretinf       fz_wm.l(dretinf.o)
    0x08008f9c   0x00000056   Code   RO         1343    x$fpl$f2d           fz_wm.l(f2d.o)
    0x08008ff2   0x0000008c   Code   RO         1358    x$fpl$fnaninf       fz_wm.l(fnaninf.o)
    0x0800907e   0x0000000a   Code   RO         1470    x$fpl$fpinit        fz_wm.l(fpinit.o)
    0x08009088   0x0000000a   Code   RO         1360    x$fpl$fretinf       fz_wm.l(fretinf.o)
    0x08009092   0x00000000   Code   RO         1362    x$fpl$usenofp       fz_wm.l(usenofp.o)
    0x08009092   0x00000200   Data   RO         1047    .constdata          mbcrc.o
    0x08009292   0x00000002   PAD
    0x08009294   0x00000010   Data   RO         1295    .constdata          robot.o
    0x080092a4   0x00000063   Data   RO         1070    .conststring        mbrtu.o
    0x08009307   0x00000001   PAD
    0x08009308   0x00000044   Data   RO         1097    .conststring        mbascii.o
    0x0800934c   0x00000020   Data   RO         1518    Region$$Table       anon$$obj.o


    Execution Region RW_IRAM1 (Base: 0x20000000, Size: 0x00013a88, Max: 0x00020000, ABSOLUTE, COMPRESSED[0x0000007c])

    Base Addr    Size         Type   Attr      Idx    E Section Name        Object

    0x20000000   0x00000016   Data   RW            4    .data               main.o
    0x20000016   0x00000002   PAD
    0x20000018   0x00000014   Data   RW          267    .data               system_stm32f4xx.o
    0x2000002c   0x00000010   Data   RW          340    .data               stm32f4xx_rcc.o
    0x2000003c   0x00000004   Data   RW          482    .data               delay.o
    0x20000040   0x00000006   Data   RW          543    .data               motor.o
    0x20000046   0x00000001   Data   RW          637    .data               timer12.o
    0x20000047   0x00000001   PAD
    0x20000048   0x0000001b   Data   RW          662    .data               motor_ctrl.o
    0x20000063   0x00000001   PAD
    0x20000064   0x0000003c   Data   RW          834    .data               tasks.o
    0x200000a0   0x00000014   Data   RW          856    .data               timers.o
    0x200000b4   0x0000000c   Data   RW          889    .data               port.o
    0x200000c0   0x00000018   Data   RW          919    .data               heap_4.o
    0x200000d8   0x00000002   Data   RW          935    .data               portevent.o
    0x200000da   0x00000002   PAD
    0x200000dc   0x000000b5   Data   RW         1003    .data               mb.o
    0x20000191   0x00000003   PAD
    0x20000194   0x0000000c   Data   RW         1071    .data               mbrtu.o
    0x200001a0   0x00000014   Data   RW         1098    .data               mbascii.o
    0x200001b4   0x00000002   Data   RW         1205    .data               mbfuncother.o
    0x200001b6   0x00000028   Data   RW         1248    .data               freemodbus.o
    0x200001de   0x00000002   PAD
    0x200001e0   0x0000002d   Data   RW         1296    .data               robot.o
    0x2000020d   0x00000003   PAD
    0x20000210   0x00000018   Zero   RW          542    .bss                motor.o
    0x20000228   0x00000078   Zero   RW          660    .bss                motor_ctrl.o
    0x200002a0   0x00000040   Zero   RW          812    .bss                queue.o
    0x200002e0   0x000000c8   Zero   RW          833    .bss                tasks.o
    0x200003a8   0x00000028   Zero   RW          855    .bss                timers.o
    0x200003d0   0x00012c00   Zero   RW          918    .bss                heap_4.o
    0x20012fd0   0x00000100   Zero   RW         1069    .bss                mbrtu.o
    0x200130d0   0x00000020   Zero   RW         1204    .bss                mbfuncother.o
    0x200130f0   0x00000200   Zero   RW         1247    .bss                freemodbus.o
    0x200132f0   0x00000138   Zero   RW         1294    .bss                robot.o
    0x20013428   0x00000060   Zero   RW         1408    .bss                c_w.l(libspace.o)
    0x20013488   0x00000200   Zero   RW          291    HEAP                startup_stm32f40_41xxx.o
    0x20013688   0x00000400   Zero   RW          290    STACK               startup_stm32f40_41xxx.o


==============================================================================

Image component sizes


      Code (inc. data)   RO Data    RW Data    ZI Data      Debug   Object Name

       224         10          0          0          0       1151   adc.o
       236         10          0          4          0       1653   delay.o
         0          0          0          0          0       9380   event_groups.o
       452         24          0         40        512       3012   freemodbus.o
       668         24          0         24      76800       3756   heap_4.o
       120          8          0          0          0        579   led.o
       148          0          0          0          0       1958   list.o
       652        116          0         22          0     311707   main.o
       860        126          0        181          0       4894   mb.o
      1228        184         68         20          0       4869   mbascii.o
        56          8        512          0          0       1264   mbcrc.o
       416          0          0          0          0       3034   mbfunccoils.o
       164          0          0          0          0       1644   mbfuncdisc.o
       512          0          0          0          0       3865   mbfuncholding.o
       132          0          0          0          0       1599   mbfuncinput.o
       148          8          0          2         32       1821   mbfuncother.o
       908        166         99         12        256       3785   mbrtu.o
       240         60          0          0          0       2098   mbutils.o
       224         20          0          0          0       1845   misc.o
      1360         74          0          6         24      33532   motor.o
      1228         88          0         27        120       6146   motor_ctrl.o
       200          6          0          0          0       2327   pid.o
      1022         52          0         12          0       8963   port.o
        60          8          0          2          0       1648   portevent.o
       364         18          0          0          0       2348   portserial.o
       232          8          0          0          0       1289   porttimer.o
      3864         20          0          0         64      20656   queue.o
      1280        112         16         45        312       4114   robot.o
        64         26        392          0       1536        852   startup_stm32f40_41xxx.o
      1124         24          0          0          0      10522   stm32f4xx_adc.o
       272         10          0          0          0       2291   stm32f4xx_exti.o
       660         44          0          0          0       4121   stm32f4xx_gpio.o
        20          0          0          0          0        959   stm32f4xx_it.o
      1628         52          0         16          0      12924   stm32f4xx_rcc.o
       148         12          0          0          0       1857   stm32f4xx_syscfg.o
      3234         60          0          0          0      22328   stm32f4xx_tim.o
      1108         34          0          0          0       7824   stm32f4xx_usart.o
        16          0          0          0          0        504   sys.o
       528         46          0         20          0       1819   system_stm32f4xx.o
      6468        340          0         60        200      29231   tasks.o
       296         22          0          1          0       1239   timer12.o
       152          8          0          0          0       1069   timer13.o
       148         10          0          0          0       3734   timer4.o
       164         12          0          0          0       1049   timer5.o
      1516         68          0         20         40      21654   timers.o

    ----------------------------------------------------------------------
     34548       1918       1122        528      79896     568914   Object Totals
         0          0         32          0          0          0   (incl. Generated)
         4          0          3         14          0          0   (incl. Padding)

    ----------------------------------------------------------------------

      Code (inc. data)   RO Data    RW Data    ZI Data      Debug   Library Member Name

        90          0          0          0          0          0   __dczerorl2.o
         8          0          0          0          0         68   __main.o
        52          8          0          0          0          0   __scatter.o
        28          0          0          0          0          0   __scatter_zi.o
        16          0          0          0          0         72   abort.o
        16          0          0          0          0         68   aeabi_memset.o
       124         40          0          0          0         76   assert.o
        20          0          0          0          0         76   assert_puts.o
        48         34          0          0          0         76   defsig_abrt_inner.o
        14          0          0          0          0         80   defsig_abrt_outer.o
        10          0          0          0          0         68   defsig_exit.o
        50          0          0          0          0         88   defsig_general.o
        12          0          0          0          0         72   exit.o
         6          0          0          0          0        152   heapauxi.o
         0          0          0          0          0          0   indicate_semi.o
         2          0          0          0          0          0   libinit.o
         6          0          0          0          0          0   libinit2.o
         2          0          0          0          0          0   libshutdown.o
         2          0          0          0          0          0   libshutdown2.o
         8          4          0          0         96         68   libspace.o
        68          0          0          0          0         68   rt_memclr.o
        78          0          0          0          0         80   rt_memclr_w.o
       138          0          0          0          0         68   rt_memcpy_v6.o
       100          0          0          0          0         80   rt_memcpy_w.o
         0          0          0          0          0          0   rtentry.o
        12          0          0          0          0          0   rtentry2.o
         6          0          0          0          0          0   rtentry4.o
         2          0          0          0          0          0   rtexit.o
        10          0          0          0          0          0   rtexit2.o
        12          4          0          0          0         68   sys_exit.o
        74          0          0          0          0         80   sys_stackheap_outer.o
        14          0          0          0          0         76   sys_wrch.o
         2          0          0          0          0         68   use_no_semi.o
        98          4          0          0          0        140   d2f.o
        90          4          0          0          0        140   dfixu.o
        84          0          0          0          0        232   dflt_clz.o
       340         12          0          0          0        152   dmul.o
       156          4          0          0          0        140   dnaninf.o
        12          0          0          0          0        116   dretinf.o
        86          4          0          0          0        132   f2d.o
       140          4          0          0          0        132   fnaninf.o
        10          0          0          0          0        116   fpinit.o
        10          0          0          0          0        116   fretinf.o
         0          0          0          0          0          0   usenofp.o

    ----------------------------------------------------------------------
      2070        122          0          0         96       2968   Library Totals
        14          0          0          0          0          0   (incl. Padding)

    ----------------------------------------------------------------------

      Code (inc. data)   RO Data    RW Data    ZI Data      Debug   Library Name

      1030         90          0          0         96       1552   c_w.l
      1026         32          0          0          0       1416   fz_wm.l

    ----------------------------------------------------------------------
      2070        122          0          0         96       2968   Library Totals

    ----------------------------------------------------------------------

==============================================================================


      Code (inc. data)   RO Data    RW Data    ZI Data      Debug   

     36618       2040       1122        528      79992     561450   Grand Totals
     36618       2040       1122        124      79992     561450   ELF Image Totals (compressed)
     36618       2040       1122        124          0          0   ROM Totals

==============================================================================

    Total RO  Size (Code + RO Data)                37740 (  36.86kB)
    Total RW  Size (RW Data + ZI Data)             80520 (  78.63kB)
    Total ROM Size (Code + RO Data + RW Data)      37864 (  36.98kB)

==============================================================================

