Product: MDK-ARM Professional 5.10
Component: ARM Compiler 5.04 update 1 (build 49)
Tool: armlink [5040049]

==============================================================================

Section Cross References

    main.o(.text) refers to mb.o(.text) for eMBInit
    main.o(.text) refers to tasks.o(.text) for vTaskDelay
    main.o(.text) refers to robot.o(.text) for RobotNew
    main.o(.text) refers to adc.o(.text) for Adc_Init
    main.o(.text) refers to f2d.o(x$fpl$f2d) for __aeabi_f2d
    main.o(.text) refers to dmul.o(x$fpl$dmul) for __aeabi_dmul
    main.o(.text) refers to d2f.o(x$fpl$d2f) for __aeabi_d2f
    main.o(.text) refers to port.o(.text) for vPortEnterCritical
    main.o(.text) refers to misc.o(.text) for NVIC_PriorityGroupConfig
    main.o(.text) refers to delay.o(.text) for delay_init
    main.o(.text) refers to led.o(.text) for LED_Init
    main.o(.text) refers to freemodbus.o(.bss) for usRegHoldingBuf
    main.o(.text) refers to robot.o(.constdata) for kIdle
    main.o(.text) refers to main.o(.data) for ADCTask_Handler
    system_stm32f4xx.o(.text) refers to system_stm32f4xx.o(.data) for SystemCoreClock
    startup_stm32f40_41xxx.o(STACK) refers (Special) to heapauxi.o(.text) for __use_two_region_memory
    startup_stm32f40_41xxx.o(HEAP) refers (Special) to heapauxi.o(.text) for __use_two_region_memory
    startup_stm32f40_41xxx.o(RESET) refers (Special) to heapauxi.o(.text) for __use_two_region_memory
    startup_stm32f40_41xxx.o(RESET) refers to startup_stm32f40_41xxx.o(STACK) for __initial_sp
    startup_stm32f40_41xxx.o(RESET) refers to startup_stm32f40_41xxx.o(.text) for Reset_Handler
    startup_stm32f40_41xxx.o(RESET) refers to stm32f4xx_it.o(.text) for NMI_Handler
    startup_stm32f40_41xxx.o(RESET) refers to port.o(.emb_text) for SVC_Handler
    startup_stm32f40_41xxx.o(RESET) refers to delay.o(.text) for SysTick_Handler
    startup_stm32f40_41xxx.o(RESET) refers to motor.o(.text) for EXTI9_5_IRQHandler
    startup_stm32f40_41xxx.o(RESET) refers to porttimer.o(.text) for TIM3_IRQHandler
    startup_stm32f40_41xxx.o(RESET) refers to timer4.o(.text) for TIM4_IRQHandler
    startup_stm32f40_41xxx.o(RESET) refers to portserial.o(.text) for USART1_IRQHandler
    startup_stm32f40_41xxx.o(RESET) refers to timer12.o(.text) for TIM8_BRK_TIM12_IRQHandler
    startup_stm32f40_41xxx.o(RESET) refers to timer13.o(.text) for TIM8_UP_TIM13_IRQHandler
    startup_stm32f40_41xxx.o(RESET) refers to timer5.o(.text) for TIM5_IRQHandler
    startup_stm32f40_41xxx.o(.text) refers (Special) to heapauxi.o(.text) for __use_two_region_memory
    startup_stm32f40_41xxx.o(.text) refers to system_stm32f4xx.o(.text) for SystemInit
    startup_stm32f40_41xxx.o(.text) refers to __main.o(!!!main) for __main
    startup_stm32f40_41xxx.o(.text) refers to startup_stm32f40_41xxx.o(HEAP) for Heap_Mem
    startup_stm32f40_41xxx.o(.text) refers to startup_stm32f40_41xxx.o(STACK) for Stack_Mem
    stm32f4xx_gpio.o(.text) refers to stm32f4xx_rcc.o(.text) for RCC_AHB1PeriphResetCmd
    stm32f4xx_rcc.o(.text) refers to stm32f4xx_rcc.o(.data) for APBAHBPrescTable
    stm32f4xx_syscfg.o(.text) refers to stm32f4xx_rcc.o(.text) for RCC_APB2PeriphResetCmd
    stm32f4xx_usart.o(.text) refers to stm32f4xx_rcc.o(.text) for RCC_APB2PeriphResetCmd
    stm32f4xx_tim.o(.text) refers to stm32f4xx_rcc.o(.text) for RCC_APB2PeriphResetCmd
    stm32f4xx_can.o(.text) refers to stm32f4xx_rcc.o(.text) for RCC_APB1PeriphResetCmd
    stm32f4xx_adc.o(.text) refers to stm32f4xx_rcc.o(.text) for RCC_APB2PeriphResetCmd
    delay.o(.text) refers to tasks.o(.text) for xTaskGetSchedulerState
    delay.o(.text) refers to port.o(.text) for xPortSysTickHandler
    delay.o(.text) refers to misc.o(.text) for SysTick_CLKSourceConfig
    delay.o(.text) refers to delay.o(.data) for fac_us
    led.o(.text) refers to stm32f4xx_rcc.o(.text) for RCC_AHB1PeriphClockCmd
    led.o(.text) refers to stm32f4xx_gpio.o(.text) for GPIO_Init
    motor.o(.text) refers to stm32f4xx_rcc.o(.text) for RCC_AHB1PeriphClockCmd
    motor.o(.text) refers to stm32f4xx_gpio.o(.text) for GPIO_Init
    motor.o(.text) refers to stm32f4xx_tim.o(.text) for TIM_TimeBaseInit
    motor.o(.text) refers to timer12.o(.text) for TIM12_CH1_Cap_Init
    motor.o(.text) refers to stm32f4xx_syscfg.o(.text) for SYSCFG_EXTILineConfig
    motor.o(.text) refers to stm32f4xx_exti.o(.text) for EXTI_Init
    motor.o(.text) refers to misc.o(.text) for NVIC_Init
    motor.o(.text) refers to motor.o(.data) for exit_int_time_motor3
    motor.o(.text) refers to motor.o(.bss) for motor_turn
    motor.o(.text) refers to timer5.o(.text) for Tim5Enable
    can.o(.text) refers to stm32f4xx_rcc.o(.text) for RCC_AHB1PeriphClockCmd
    can.o(.text) refers to stm32f4xx_gpio.o(.text) for GPIO_Init
    can.o(.text) refers to stm32f4xx_can.o(.text) for CAN_Init
    timer4.o(.text) refers to stm32f4xx_rcc.o(.text) for RCC_APB1PeriphClockCmd
[...]
    __rt_lib_init_alloca_1                   0x08000243   Thumb Code     0  libinit2.o(.ARM.Collect$$libinit$$0000002C)
    __rt_lib_init_argv_1                     0x08000243   Thumb Code     0  libinit2.o(.ARM.Collect$$libinit$$0000002A)
    __rt_lib_init_atexit_1                   0x08000243   Thumb Code     0  libinit2.o(.ARM.Collect$$libinit$$00000019)
    __rt_lib_init_clock_1                    0x08000243   Thumb Code     0  libinit2.o(.ARM.Collect$$libinit$$0000001F)
    __rt_lib_init_cpp_1                      0x08000243   Thumb Code     0  libinit2.o(.ARM.Collect$$libinit$$00000030)
    __rt_lib_init_exceptions_1               0x08000243   Thumb Code     0  libinit2.o(.ARM.Collect$$libinit$$0000002E)
    __rt_lib_init_fp_trap_1                  0x08000243   Thumb Code     0  libinit2.o(.ARM.Collect$$libinit$$0000001D)
    __rt_lib_init_getenv_1                   0x08000243   Thumb Code     0  libinit2.o(.ARM.Collect$$libinit$$00000021)
    __rt_lib_init_heap_1                     0x08000243   Thumb Code     0  libinit2.o(.ARM.Collect$$libinit$$00000008)
    __rt_lib_init_lc_collate_1               0x08000243   Thumb Code     0  libinit2.o(.ARM.Collect$$libinit$$0000000F)
    __rt_lib_init_lc_ctype_1                 0x08000243   Thumb Code     0  libinit2.o(.ARM.Collect$$libinit$$00000011)
    __rt_lib_init_lc_monetary_1              0x08000243   Thumb Code     0  libinit2.o(.ARM.Collect$$libinit$$00000013)
    __rt_lib_init_lc_numeric_1               0x08000243   Thumb Code     0  libinit2.o(.ARM.Collect$$libinit$$00000015)
    __rt_lib_init_lc_time_1                  0x08000243   Thumb Code     0  libinit2.o(.ARM.Collect$$libinit$$00000017)
    __rt_lib_init_rand_1                     0x08000243   Thumb Code     0  libinit2.o(.ARM.Collect$$libinit$$0000000C)
    __rt_lib_init_return                     0x08000243   Thumb Code     0  libinit2.o(.ARM.Collect$$libinit$$00000031)
    __rt_lib_init_signal_1                   0x08000243   Thumb Code     0  libinit2.o(.ARM.Collect$$libinit$$0000001B)
    __rt_lib_init_stdio_1                    0x08000243   Thumb Code     0  libinit2.o(.ARM.Collect$$libinit$$00000023)
    __rt_lib_init_user_alloc_1               0x08000243   Thumb Code     0  libinit2.o(.ARM.Collect$$libinit$$0000000A)
    __rt_lib_shutdown                        0x08000245   Thumb Code     0  libshutdown.o(.ARM.Collect$$libshutdown$$00000000)
    __rt_lib_shutdown_fp_trap_1              0x08000247   Thumb Code     0  libshutdown2.o(.ARM.Collect$$libshutdown$$00000006)
    __rt_lib_shutdown_heap_1                 0x08000247   Thumb Code     0  libshutdown2.o(.ARM.Collect$$libshutdown$$0000000E)
    __rt_lib_shutdown_return                 0x08000247   Thumb Code     0  libshutdown2.o(.ARM.Collect$$libshutdown$$0000000F)
    __rt_lib_shutdown_signal_1               0x08000247   Thumb Code     0  libshutdown2.o(.ARM.Collect$$libshutdown$$00000009)
    __rt_lib_shutdown_stdio_1                0x08000247   Thumb Code     0  libshutdown2.o(.ARM.Collect$$libshutdown$$00000003)
    __rt_lib_shutdown_user_alloc_1           0x08000247   Thumb Code     0  libshutdown2.o(.ARM.Collect$$libshutdown$$0000000B)
    __rt_entry                               0x08000249   Thumb Code     0  rtentry.o(.ARM.Collect$$rtentry$$00000000)
    __rt_entry_presh_1                       0x08000249   Thumb Code     0  rtentry2.o(.ARM.Collect$$rtentry$$00000002)
    __rt_entry_sh                            0x08000249   Thumb Code     0  rtentry4.o(.ARM.Collect$$rtentry$$00000004)
    __rt_entry_li                            0x0800024f   Thumb Code     0  rtentry2.o(.ARM.Collect$$rtentry$$0000000A)
    __rt_entry_postsh_1                      0x0800024f   Thumb Code     0  rtentry2.o(.ARM.Collect$$rtentry$$00000009)
    __rt_entry_main                          0x08000253   Thumb Code     0  rtentry2.o(.ARM.Collect$$rtentry$$0000000D)
    __rt_entry_postli_1                      0x08000253   Thumb Code     0  rtentry2.o(.ARM.Collect$$rtentry$$0000000C)
    __rt_exit                                0x0800025b   Thumb Code     0  rtexit.o(.ARM.Collect$$rtexit$$00000000)
    __rt_exit_ls                             0x0800025d   Thumb Code     0  rtexit2.o(.ARM.Collect$$rtexit$$00000003)
    __rt_exit_prels_1                        0x0800025d   Thumb Code     0  rtexit2.o(.ARM.Collect$$rtexit$$00000002)
    __rt_exit_exit                           0x08000261   Thumb Code     0  rtexit2.o(.ARM.Collect$$rtexit$$00000004)
    WFI_SET                                  0x08000269   Thumb Code     2  sys.o(.emb_text)
    INTX_DISABLE                             0x0800026b   Thumb Code     4  sys.o(.emb_text)
    INTX_ENABLE                              0x0800026f   Thumb Code     4  sys.o(.emb_text)
    MSR_MSP                                  0x08000273   Thumb Code     6  sys.o(.emb_text)
    SVC_Handler                              0x08000279   Thumb Code    28  port.o(.emb_text)
    __asm___6_port_c_39a90d8d__prvStartFirstTask 0x08000299   Thumb Code    36  port.o(.emb_text)
    __asm___6_port_c_39a90d8d__prvEnableVFP  0x080002c1   Thumb Code    16  port.o(.emb_text)
    PendSV_Handler                           0x080002d5   Thumb Code    88  port.o(.emb_text)
    vPortGetIPSR                             0x08000331   Thumb Code     6  port.o(.emb_text)
    main                                     0x080004e9   Thumb Code    48  main.o(.text)
    NMI_Handler                              0x08000595   Thumb Code     2  stm32f4xx_it.o(.text)
    HardFault_Handler                        0x08000597   Thumb Code     4  stm32f4xx_it.o(.text)
    MemManage_Handler                        0x0800059b   Thumb Code     4  stm32f4xx_it.o(.text)
    BusFault_Handler                         0x0800059f   Thumb Code     4  stm32f4xx_it.o(.text)
    UsageFault_Handler                       0x080005a3   Thumb Code     4  stm32f4xx_it.o(.text)
    DebugMon_Handler                         0x080005a7   Thumb Code     2  stm32f4xx_it.o(.text)
    SystemInit                               0x08000685   Thumb Code    88  system_stm32f4xx.o(.text)
    SystemCoreClockUpdate                    0x080006dd   Thumb Code   174  system_stm32f4xx.o(.text)
    Reset_Handler                            0x080007b9   Thumb Code     8  startup_stm32f40_41xxx.o(.text)
    ADC_IRQHandler                           0x080007d3   Thumb Code     0  startup_stm32f40_41xxx.o(.text)
    CAN1_RX0_IRQHandler                      0x080007d3   Thumb Code     0  startup_stm32f40_41xxx.o(.text)
    CAN1_RX1_IRQHandler                      0x080007d3   Thumb Code     0  startup_stm32f40_41xxx.o(.text)
    CAN1_SCE_IRQHandler                      0x080007d3   Thumb Code     0  startup_stm32f40_41xxx.o(.text)
    CAN1_TX_IRQHandler                       0x080007d3   Thumb Code     0  startup_stm32f40_41xxx.o(.text)
    CAN2_RX0_IRQHandler                      0x080007d3   Thumb Code     0  startup_stm32f40_41xxx.o(.text)
    CAN2_RX1_IRQHandler                      0x080007d3   Thumb Code     0  startup_stm32f40_41xxx.o(.text)
    CAN2_SCE_IRQHandler                      0x080007d3   Thumb Code     0  startup_stm32f40_41xxx.o(.text)
    CAN2_TX_IRQHandler                       0x080007d3   Thumb Code     0  startup_stm32f40_41xxx.o(.text)
    CRYP_IRQHandler                          0x080007d3   Thumb Code     0  startup_stm32f40_41xxx.o(.text)
    DCMI_IRQHandler                          0x080007d3   Thumb Code     0  startup_stm32f40_41xxx.o(.text)
    DMA1_Stream0_IRQHandler                  0x080007d3   Thumb Code     0  startup_stm32f40_41xxx.o(.text)
    DMA1_Stream1_IRQHandler                  0x080007d3   Thumb Code     0  startup_stm32f40_41xxx.o(.text)
    DMA1_Stream2_IRQHandler                  0x080007d3   Thumb Code     0  startup_stm32f40_41xxx.o(.text)
    DMA1_Stream3_IRQHandler                  0x080007d3   Thumb Code     0  startup_stm32f40_41xxx.o(.text)
    DMA1_Stream4_IRQHandler                  0x080007d3   Thumb Code     0  startup_stm32f40_41xxx.o(.text)
    DMA1_Stream5_IRQHandler                  0x080007d3   Thumb Code     0  startup_stm32f40_41xxx.o(.text)
    DMA1_Stream6_IRQHandler                  0x080007d3   Thumb Code     0  startup_stm32f40_41xxx.o(.text)
    DMA1_Stream7_IRQHandler                  0x080007d3   Thumb Code     0  startup_stm32f40_41xxx.o(.text)
    DMA2_Stream0_IRQHandler                  0x080007d3   Thumb Code     0  startup_stm32f40_41xxx.o(.text)
    DMA2_Stream1_IRQHandler                  0x080007d3   Thumb Code     0  startup_stm32f40_41xxx.o(.text)
    DMA2_Stream2_IRQHandler                  0x080007d3   Thumb Code     0  startup_stm32f40_41xxx.o(.text)
    DMA2_Stream3_IRQHandler                  0x080007d3   Thumb Code     0  startup_stm32f40_41xxx.o(.text)
    DMA2_Stream4_IRQHandler                  0x080007d3   Thumb Code     0  startup_stm32f40_41xxx.o(.text)
    DMA2_Stream5_IRQHandler                  0x080007d3   Thumb Code     0  startup_stm32f40_41xxx.o(.text)
    DMA2_Stream6_IRQHandler                  0x080007d3   Thumb Code     0  startup_stm32f40_41xxx.o(.text)
    DMA2_Stream7_IRQHandler                  0x080007d3   Thumb Code     0  startup_stm32f40_41xxx.o(.text)
    ETH_IRQHandler                           0x080007d3   Thumb Code     0  startup_stm32f40_41xxx.o(.text)
    ETH_WKUP_IRQHandler                      0x080007d3   Thumb Code     0  startup_stm32f40_41xxx.o(.text)
    EXTI0_IRQHandler                         0x080007d3   Thumb Code     0  startup_stm32f40_41xxx.o(.text)
    EXTI1_IRQHandler                         0x080007d3   Thumb Code     0  startup_stm32f40_41xxx.o(.text)
    EXTI2_IRQHandler                         0x080007d3   Thumb Code     0  startup_stm32f40_41xxx.o(.text)
    EXTI3_IRQHandler                         0x080007d3   Thumb Code     0  startup_stm32f40_41xxx.o(.text)
    EXTI4_IRQHandler                         0x080007d3   Thumb Code     0  startup_stm32f40_41xxx.o(.text)
    FLASH_IRQHandler                         0x080007d3   Thumb Code     0  startup_stm32f40_41xxx.o(.text)
    FPU_IRQHandler                           0x080007d3   Thumb Code     0  startup_stm32f40_41xxx.o(.text)
    FSMC_IRQHandler                          0x080007d3   Thumb Code     0  startup_stm32f40_41xxx.o(.text)
    HASH_RNG_IRQHandler                      0x080007d3   Thumb Code     0  startup_stm32f40_41xxx.o(.text)
    I2C1_ER_IRQHandler                       0x080007d3   Thumb Code     0  startup_stm32f40_41xxx.o(.text)
    I2C1_EV_IRQHandler                       0x080007d3   Thumb Code     0  startup_stm32f40_41xxx.o(.text)
    I2C2_ER_IRQHandler                       0x080007d3   Thumb Code     0  startup_stm32f40_41xxx.o(.text)
    I2C2_EV_IRQHandler                       0x080007d3   Thumb Code     0  startup_stm32f40_41xxx.o(.text)
    I2C3_ER_IRQHandler                       0x080007d3   Thumb Code     0  startup_stm32f40_41xxx.o(.text)
    I2C3_EV_IRQHandler                       0x080007d3   Thumb Code     0  startup_stm32f40_41xxx.o(.text)
    OTG_FS_IRQHandler                        0x080007d3   Thumb Code     0  startup_stm32f40_41xxx.o(.text)
    OTG_FS_WKUP_IRQHandler                   0x080007d3   Thumb Code     0  startup_stm32f40_41xxx.o(.text)
    OTG_HS_EP1_IN_IRQHandler                 0x080007d3   Thumb Code     0  startup_stm32f40_41xxx.o(.text)
    OTG_HS_EP1_OUT_IRQHandler                0x080007d3   Thumb Code     0  startup_stm32f40_41xxx.o(.text)
    OTG_HS_IRQHandler                        0x080007d3   Thumb Code     0  startup_stm32f40_41xxx.o(.text)
    OTG_HS_WKUP_IRQHandler                   0x080007d3   Thumb Code     0  startup_stm32f40_41xxx.o(.text)
    PVD_IRQHandler                           0x080007d3   Thumb Code     0  startup_stm32f40_41xxx.o(.text)
    RCC_IRQHandler                           0x080007d3   Thumb Code     0  startup_stm32f40_41xxx.o(.text)
    RTC_Alarm_IRQHandler                     0x080007d3   Thumb Code     0  startup_stm32f40_41xxx.o(.text)
    RTC_WKUP_IRQHandler                      0x080007d3   Thumb Code     0  startup_stm32f40_41xxx.o(.text)
    SDIO_IRQHandler                          0x080007d3   Thumb Code     0  startup_stm32f40_41xxx.o(.text)
    SPI1_IRQHandler                          0x080007d3   Thumb Code     0  startup_stm32f40_41xxx.o(.text)
    SPI2_IRQHandler                          0x080007d3   Thumb Code     0  startup_stm32f40_41xxx.o(.text)
    SPI3_IRQHandler                          0x080007d3   Thumb Code     0  startup_stm32f40_41xxx.o(.text)
    TAMP_STAMP_IRQHandler                    0x080007d3   Thumb Code     0  startup_stm32f40_41xxx.o(.text)
    TIM1_BRK_TIM9_IRQHandler                 0x080007d3   Thumb Code     0  startup_stm32f40_41xxx.o(.text)
    TIM1_CC_IRQHandler                       0x080007d3   Thumb Code     0  startup_stm32f40_41xxx.o(.text)
    TIM1_TRG_COM_TIM11_IRQHandler            0x080007d3   Thumb Code     0  startup_stm32f40_41xxx.o(.text)
    TIM1_UP_TIM10_IRQHandler                 0x080007d3   Thumb Code     0  startup_stm32f40_41xxx.o(.text)
    TIM2_IRQHandler                          0x080007d3   Thumb Code     0  startup_stm32f40_41xxx.o(.text)
    TIM6_DAC_IRQHandler                      0x080007d3   Thumb Code     0  startup_stm32f40_41xxx.o(.text)
    TIM7_IRQHandler                          0x080007d3   Thumb Code     0  startup_stm32f40_41xxx.o(.text)
    TIM8_CC_IRQHandler                       0x080007d3   Thumb Code     0  startup_stm32f40_41xxx.o(.text)
    TIM8_TRG_COM_TIM14_IRQHandler            0x080007d3   Thumb Code     0  startup_stm32f40_41xxx.o(.text)
    UART4_IRQHandler                         0x080007d3   Thumb Code     0  startup_stm32f40_41xxx.o(.text)
    UART5_IRQHandler                         0x080007d3   Thumb Code     0  startup_stm32f40_41xxx.o(.text)
    USART2_IRQHandler                        0x080007d3   Thumb Code     0  startup_stm32f40_41xxx.o(.text)
    USART3_IRQHandler                        0x080007d3   Thumb Code     0  startup_stm32f40_41xxx.o(.text)
    USART6_IRQHandler                        0x080007d3   Thumb Code     0  startup_stm32f40_41xxx.o(.text)
    WWDG_IRQHandler                          0x080007d3   Thumb Code     0  startup_stm32f40_41xxx.o(.text)
    __user_initial_stackheap                 0x080007d5   Thumb Code     0  startup_stm32f40_41xxx.o(.text)
    NVIC_PriorityGroupConfig                 0x080007f9   Thumb Code    10  misc.o(.text)
    NVIC_Init                                0x08000803   Thumb Code   106  misc.o(.text)
    NVIC_SetVectorTable                      0x0800086d   Thumb Code    14  misc.o(.text)
    NVIC_SystemLPConfig                      0x0800087b   Thumb Code    34  misc.o(.text)
    SysTick_CLKSourceConfig                  0x0800089d   Thumb Code    40  misc.o(.text)
    GPIO_DeInit                              0x080008d9   Thumb Code   268  stm32f4xx_gpio.o(.text)
    GPIO_Init                                0x080009e5   Thumb Code   144  stm32f4xx_gpio.o(.text)
    GPIO_StructInit                          0x08000a75   Thumb Code    18  stm32f4xx_gpio.o(.text)
    GPIO_PinLockConfig                       0x08000a87   Thumb Code    34  stm32f4xx_gpio.o(.text)
    GPIO_ReadInputDataBit                    0x08000aa9   Thumb Code    18  stm32f4xx_gpio.o(.text)
    GPIO_ReadInputData                       0x08000abb   Thumb Code     8  stm32f4xx_gpio.o(.text)
    GPIO_ReadOutputDataBit                   0x08000ac3   Thumb Code    18  stm32f4xx_gpio.o(.text)
    GPIO_ReadOutputData                      0x08000ad5   Thumb Code     8  stm32f4xx_gpio.o(.text)
    GPIO_SetBits                             0x08000add   Thumb Code     4  stm32f4xx_gpio.o(.text)
    GPIO_ResetBits                           0x08000ae1   Thumb Code     4  stm32f4xx_gpio.o(.text)
    GPIO_WriteBit                            0x08000ae5   Thumb Code    10  stm32f4xx_gpio.o(.text)
    GPIO_Write                               0x08000aef   Thumb Code     4  stm32f4xx_gpio.o(.text)
    GPIO_ToggleBits                          0x08000af3   Thumb Code     8  stm32f4xx_gpio.o(.text)
    GPIO_PinAFConfig                         0x08000afb   Thumb Code    70  stm32f4xx_gpio.o(.text)
    RCC_DeInit                               0x08000b6d   Thumb Code    82  stm32f4xx_rcc.o(.text)
    RCC_HSEConfig                            0x08000bbf   Thumb Code    14  stm32f4xx_rcc.o(.text)
    RCC_GetFlagStatus                        0x08000bcd   Thumb Code    60  stm32f4xx_rcc.o(.text)
    RCC_WaitForHSEStartUp                    0x08000c09   Thumb Code    56  stm32f4xx_rcc.o(.text)
    RCC_AdjustHSICalibrationValue            0x08000c41   Thumb Code    20  stm32f4xx_rcc.o(.text)
    RCC_HSICmd                               0x08000c55   Thumb Code     6  stm32f4xx_rcc.o(.text)
    RCC_LSEConfig                            0x08000c5b   Thumb Code    46  stm32f4xx_rcc.o(.text)
    RCC_LSICmd                               0x08000c89   Thumb Code     6  stm32f4xx_rcc.o(.text)
    RCC_PLLConfig                            0x08000c8f   Thumb Code    32  stm32f4xx_rcc.o(.text)
    RCC_PLLCmd                               0x08000caf   Thumb Code     6  stm32f4xx_rcc.o(.text)
    RCC_PLLI2SConfig                         0x08000cb5   Thumb Code    14  stm32f4xx_rcc.o(.text)
    RCC_PLLI2SCmd                            0x08000cc3   Thumb Code     6  stm32f4xx_rcc.o(.text)
    RCC_PLLSAIConfig                         0x08000cc9   Thumb Code    20  stm32f4xx_rcc.o(.text)
    RCC_PLLSAICmd                            0x08000cdd   Thumb Code     6  stm32f4xx_rcc.o(.text)
    RCC_ClockSecuritySystemCmd               0x08000ce3   Thumb Code     6  stm32f4xx_rcc.o(.text)
    RCC_MCO1Config                           0x08000ce9   Thumb Code    28  stm32f4xx_rcc.o(.text)
    RCC_MCO2Config                           0x08000d05   Thumb Code    28  stm32f4xx_rcc.o(.text)
    RCC_SYSCLKConfig                         0x08000d21   Thumb Code    20  stm32f4xx_rcc.o(.text)
    RCC_GetSYSCLKSource                      0x08000d35   Thumb Code    12  stm32f4xx_rcc.o(.text)
    RCC_HCLKConfig                           0x08000d41   Thumb Code    20  stm32f4xx_rcc.o(.text)
    RCC_PCLK1Config                          0x08000d55   Thumb Code    20  stm32f4xx_rcc.o(.text)
    RCC_PCLK2Config                          0x08000d69   Thumb Code    22  stm32f4xx_rcc.o(.text)
    RCC_GetClocksFreq                        0x08000d7f   Thumb Code   222  stm32f4xx_rcc.o(.text)
    RCC_RTCCLKConfig                         0x08000e5d   Thumb Code    54  stm32f4xx_rcc.o(.text)
    RCC_RTCCLKCmd                            0x08000e93   Thumb Code     8  stm32f4xx_rcc.o(.text)
    RCC_BackupResetCmd                       0x08000e9b   Thumb Code     8  stm32f4xx_rcc.o(.text)
    RCC_I2SCLKConfig                         0x08000ea3   Thumb Code     6  stm32f4xx_rcc.o(.text)
    RCC_SAIPLLI2SClkDivConfig                0x08000ea9   Thumb Code    26  stm32f4xx_rcc.o(.text)
    RCC_SAIPLLSAIClkDivConfig                0x08000ec3   Thumb Code    28  stm32f4xx_rcc.o(.text)
    RCC_SAIBlockACLKConfig                   0x08000edf   Thumb Code    20  stm32f4xx_rcc.o(.text)
    RCC_SAIBlockBCLKConfig                   0x08000ef3   Thumb Code    20  stm32f4xx_rcc.o(.text)
    RCC_LTDCCLKDivConfig                     0x08000f07   Thumb Code    20  stm32f4xx_rcc.o(.text)
    RCC_TIMCLKPresConfig                     0x08000f1b   Thumb Code     6  stm32f4xx_rcc.o(.text)
    RCC_AHB1PeriphClockCmd                   0x08000f21   Thumb Code    34  stm32f4xx_rcc.o(.text)
    RCC_AHB2PeriphClockCmd                   0x08000f43   Thumb Code    78  stm32f4xx_rcc.o(.text)
    RCC_AHB3PeriphClockCmd                   0x08000f91   Thumb Code    34  stm32f4xx_rcc.o(.text)
    RCC_APB1PeriphClockCmd                   0x08000fb3   Thumb Code    34  stm32f4xx_rcc.o(.text)
    RCC_APB2PeriphClockCmd                   0x08000fd5   Thumb Code    34  stm32f4xx_rcc.o(.text)
    RCC_AHB1PeriphResetCmd                   0x08000ff7   Thumb Code    34  stm32f4xx_rcc.o(.text)
    RCC_AHB2PeriphResetCmd                   0x08001019   Thumb Code    34  stm32f4xx_rcc.o(.text)
    RCC_AHB3PeriphResetCmd                   0x0800103b   Thumb Code    34  stm32f4xx_rcc.o(.text)
    RCC_APB1PeriphResetCmd                   0x0800105d   Thumb Code    34  stm32f4xx_rcc.o(.text)
    RCC_APB2PeriphResetCmd                   0x0800107f   Thumb Code    34  stm32f4xx_rcc.o(.text)
    RCC_AHB1PeriphClockLPModeCmd             0x080010a1   Thumb Code    34  stm32f4xx_rcc.o(.text)
    RCC_AHB2PeriphClockLPModeCmd             0x080010c3   Thumb Code    34  stm32f4xx_rcc.o(.text)
    RCC_AHB3PeriphClockLPModeCmd             0x080010e5   Thumb Code    34  stm32f4xx_rcc.o(.text)
    RCC_APB1PeriphClockLPModeCmd             0x08001107   Thumb Code    34  stm32f4xx_rcc.o(.text)
    RCC_APB2PeriphClockLPModeCmd             0x08001129   Thumb Code    34  stm32f4xx_rcc.o(.text)
    RCC_LSEModeConfig                        0x0800114b   Thumb Code    40  stm32f4xx_rcc.o(.text)
    RCC_ITConfig                             0x08001173   Thumb Code    34  stm32f4xx_rcc.o(.text)
    RCC_ClearFlag                            0x08001195   Thumb Code    18  stm32f4xx_rcc.o(.text)
    RCC_GetITStatus                          0x080011a7   Thumb Code    22  stm32f4xx_rcc.o(.text)
    RCC_ClearITPendingBit                    0x080011bd   Thumb Code     8  stm32f4xx_rcc.o(.text)
    SYSCFG_DeInit                            0x080011c9   Thumb Code    22  stm32f4xx_syscfg.o(.text)
    SYSCFG_MemoryRemapConfig                 0x080011df   Thumb Code     6  stm32f4xx_syscfg.o(.text)
    SYSCFG_MemorySwappingBank                0x080011e5   Thumb Code     6  stm32f4xx_syscfg.o(.text)
    SYSCFG_EXTILineConfig                    0x080011eb   Thumb Code    66  stm32f4xx_syscfg.o(.text)
    SYSCFG_ETH_MediaInterfaceConfig          0x0800122d   Thumb Code     8  stm32f4xx_syscfg.o(.text)
    SYSCFG_CompensationCellCmd               0x08001235   Thumb Code     6  stm32f4xx_syscfg.o(.text)
    SYSCFG_GetCompensationCellStatus         0x0800123b   Thumb Code    22  stm32f4xx_syscfg.o(.text)
    USART_DeInit                             0x0800125d   Thumb Code   206  stm32f4xx_usart.o(.text)
    USART_Init                               0x0800132b   Thumb Code   204  stm32f4xx_usart.o(.text)
    USART_StructInit                         0x080013f7   Thumb Code    24  stm32f4xx_usart.o(.text)
    USART_ClockInit                          0x0800140f   Thumb Code    32  stm32f4xx_usart.o(.text)
    USART_ClockStructInit                    0x0800142f   Thumb Code    12  stm32f4xx_usart.o(.text)
    USART_Cmd                                0x0800143b   Thumb Code    24  stm32f4xx_usart.o(.text)
    USART_SetPrescaler                       0x08001453   Thumb Code    16  stm32f4xx_usart.o(.text)
    USART_OverSampling8Cmd                   0x08001463   Thumb Code    22  stm32f4xx_usart.o(.text)
    USART_OneBitMethodCmd                    0x08001479   Thumb Code    24  stm32f4xx_usart.o(.text)
    USART_SendData                           0x08001491   Thumb Code     8  stm32f4xx_usart.o(.text)
    USART_ReceiveData                        0x08001499   Thumb Code    10  stm32f4xx_usart.o(.text)
    USART_SetAddress                         0x080014a3   Thumb Code    18  stm32f4xx_usart.o(.text)
    USART_ReceiverWakeUpCmd                  0x080014b5   Thumb Code    24  stm32f4xx_usart.o(.text)
    USART_WakeUpConfig                       0x080014cd   Thumb Code    18  stm32f4xx_usart.o(.text)
    USART_LINBreakDetectLengthConfig         0x080014df   Thumb Code    18  stm32f4xx_usart.o(.text)
    USART_LINCmd                             0x080014f1   Thumb Code    24  stm32f4xx_usart.o(.text)
    USART_SendBreak                          0x08001509   Thumb Code    10  stm32f4xx_usart.o(.text)
    USART_HalfDuplexCmd                      0x08001513   Thumb Code    24  stm32f4xx_usart.o(.text)
    USART_SetGuardTime                       0x0800152b   Thumb Code    16  stm32f4xx_usart.o(.text)
    USART_SmartCardCmd                       0x0800153b   Thumb Code    24  stm32f4xx_usart.o(.text)
    USART_SmartCardNACKCmd                   0x08001553   Thumb Code    24  stm32f4xx_usart.o(.text)
    USART_IrDAConfig                         0x0800156b   Thumb Code    18  stm32f4xx_usart.o(.text)
    USART_IrDACmd                            0x0800157d   Thumb Code    24  stm32f4xx_usart.o(.text)
    USART_DMACmd                             0x08001595   Thumb Code    18  stm32f4xx_usart.o(.text)
    USART_ITConfig                           0x080015a7   Thumb Code    74  stm32f4xx_usart.o(.text)
    USART_GetFlagStatus                      0x080015f1   Thumb Code    26  stm32f4xx_usart.o(.text)
    USART_ClearFlag                          0x0800160b   Thumb Code    18  stm32f4xx_usart.o(.text)
    USART_GetITStatus                        0x0800161d   Thumb Code   118  stm32f4xx_usart.o(.text)
    USART_ClearITPendingBit                  0x08001693   Thumb Code    30  stm32f4xx_usart.o(.text)
    TIM_DeInit                               0x080016b1   Thumb Code   346  stm32f4xx_tim.o(.text)
    TIM_TimeBaseInit                         0x0800180b   Thumb Code   104  stm32f4xx_tim.o(.text)
    TIM_TimeBaseStructInit                   0x08001873   Thumb Code    18  stm32f4xx_tim.o(.text)
    TIM_PrescalerConfig                      0x08001885   Thumb Code     6  stm32f4xx_tim.o(.text)
    TIM_CounterModeConfig                    0x0800188b   Thumb Code    18  stm32f4xx_tim.o(.text)
    TIM_SetCounter                           0x0800189d   Thumb Code     4  stm32f4xx_tim.o(.text)
    TIM_SetAutoreload                        0x080018a1   Thumb Code     4  stm32f4xx_tim.o(.text)
    TIM_GetCounter                           0x080018a5   Thumb Code     6  stm32f4xx_tim.o(.text)
    TIM_GetPrescaler                         0x080018ab   Thumb Code     6  stm32f4xx_tim.o(.text)
    TIM_UpdateDisableConfig                  0x080018b1   Thumb Code    24  stm32f4xx_tim.o(.text)
    TIM_UpdateRequestConfig                  0x080018c9   Thumb Code    24  stm32f4xx_tim.o(.text)
    TIM_ARRPreloadConfig                     0x080018e1   Thumb Code    24  stm32f4xx_tim.o(.text)
    TIM_SelectOnePulseMode                   0x080018f9   Thumb Code    18  stm32f4xx_tim.o(.text)
    TIM_SetClockDivision                     0x0800190b   Thumb Code    18  stm32f4xx_tim.o(.text)
    TIM_Cmd                                  0x0800191d   Thumb Code    24  stm32f4xx_tim.o(.text)
    TIM_OC1Init                              0x08001935   Thumb Code   114  stm32f4xx_tim.o(.text)
    TIM_OC2Init                              0x080019a7   Thumb Code   154  stm32f4xx_tim.o(.text)
    TIM_OC3Init                              0x08001a41   Thumb Code   204  stm32f4xx_tim.o(.text)
    TIM_OC4Init                              0x08001b0d   Thumb Code   112  stm32f4xx_tim.o(.text)
    TIM_OCStructInit                         0x08001b7d   Thumb Code    20  stm32f4xx_tim.o(.text)
    TIM_SelectOCxM                           0x08001b91   Thumb Code    86  stm32f4xx_tim.o(.text)
    TIM_SetCompare1                          0x08001be7   Thumb Code     4  stm32f4xx_tim.o(.text)
    TIM_SetCompare2                          0x08001beb   Thumb Code     4  stm32f4xx_tim.o(.text)
    TIM_SetCompare3                          0x08001bef   Thumb Code     4  stm32f4xx_tim.o(.text)
    TIM_SetCompare4                          0x08001bf3   Thumb Code     4  stm32f4xx_tim.o(.text)
    TIM_ForcedOC1Config                      0x08001bf7   Thumb Code    18  stm32f4xx_tim.o(.text)
    TIM_ForcedOC2Config                      0x08001c09   Thumb Code    26  stm32f4xx_tim.o(.text)
    TIM_ForcedOC3Config                      0x08001c23   Thumb Code    18  stm32f4xx_tim.o(.text)
    TIM_ForcedOC4Config                      0x08001c35   Thumb Code    26  stm32f4xx_tim.o(.text)
    TIM_OC1PreloadConfig                     0x08001c4f   Thumb Code    18  stm32f4xx_tim.o(.text)
    TIM_OC2PreloadConfig                     0x08001c61   Thumb Code    26  stm32f4xx_tim.o(.text)
    TIM_OC3PreloadConfig                     0x08001c7b   Thumb Code    18  stm32f4xx_tim.o(.text)
    TIM_OC4PreloadConfig                     0x08001c8d   Thumb Code    26  stm32f4xx_tim.o(.text)
    TIM_OC1FastConfig                        0x08001ca7   Thumb Code    18  stm32f4xx_tim.o(.text)
    TIM_OC2FastConfig                        0x08001cb9   Thumb Code    26  stm32f4xx_tim.o(.text)
    TIM_OC3FastConfig                        0x08001cd3   Thumb Code    18  stm32f4xx_tim.o(.text)
    TIM_OC4FastConfig                        0x08001ce5   Thumb Code    26  stm32f4xx_tim.o(.text)
    TIM_ClearOC1Ref                          0x08001cff   Thumb Code    18  stm32f4xx_tim.o(.text)
    TIM_ClearOC2Ref                          0x08001d11   Thumb Code    24  stm32f4xx_tim.o(.text)
    TIM_ClearOC3Ref                          0x08001d29   Thumb Code    18  stm32f4xx_tim.o(.text)
    TIM_ClearOC4Ref                          0x08001d3b   Thumb Code    24  stm32f4xx_tim.o(.text)
    TIM_OC1PolarityConfig                    0x08001d53   Thumb Code    18  stm32f4xx_tim.o(.text)
    TIM_OC1NPolarityConfig                   0x08001d65   Thumb Code    18  stm32f4xx_tim.o(.text)
    TIM_OC2PolarityConfig                    0x08001d77   Thumb Code    26  stm32f4xx_tim.o(.text)
    TIM_OC2NPolarityConfig                   0x08001d91   Thumb Code    26  stm32f4xx_tim.o(.text)
    TIM_OC3PolarityConfig                    0x08001dab   Thumb Code    26  stm32f4xx_tim.o(.text)
    TIM_OC3NPolarityConfig                   0x08001dc5   Thumb Code    26  stm32f4xx_tim.o(.text)
    TIM_OC4PolarityConfig                    0x08001ddf   Thumb Code    26  stm32f4xx_tim.o(.text)
    TIM_CCxCmd                               0x08001df9   Thumb Code    30  stm32f4xx_tim.o(.text)
    TIM_CCxNCmd                              0x08001e17   Thumb Code    30  stm32f4xx_tim.o(.text)
    TIM_SetIC4Prescaler                      0x08001e35   Thumb Code    26  stm32f4xx_tim.o(.text)
    TIM_SetIC3Prescaler                      0x08001e9f   Thumb Code    18  stm32f4xx_tim.o(.text)
    TIM_SetIC2Prescaler                      0x08001ef9   Thumb Code    26  stm32f4xx_tim.o(.text)
    TIM_SetIC1Prescaler                      0x08001f6d   Thumb Code    18  stm32f4xx_tim.o(.text)
    TIM_ICInit                               0x08001fb9   Thumb Code   110  stm32f4xx_tim.o(.text)
    TIM_ICStructInit                         0x08002027   Thumb Code    18  stm32f4xx_tim.o(.text)
    TIM_PWMIConfig                           0x08002039   Thumb Code   124  stm32f4xx_tim.o(.text)
    TIM_GetCapture1                          0x080020b5   Thumb Code     6  stm32f4xx_tim.o(.text)
    TIM_GetCapture2                          0x080020bb   Thumb Code     6  stm32f4xx_tim.o(.text)
    TIM_GetCapture3                          0x080020c1   Thumb Code     6  stm32f4xx_tim.o(.text)
    TIM_GetCapture4                          0x080020c7   Thumb Code     6  stm32f4xx_tim.o(.text)
    TIM_BDTRConfig                           0x080020cd   Thumb Code    32  stm32f4xx_tim.o(.text)
    TIM_BDTRStructInit                       0x080020ed   Thumb Code    18  stm32f4xx_tim.o(.text)
    TIM_CtrlPWMOutputs                       0x080020ff   Thumb Code    30  stm32f4xx_tim.o(.text)
    TIM_SelectCOM                            0x0800211d   Thumb Code    24  stm32f4xx_tim.o(.text)
    TIM_CCPreloadControl                     0x08002135   Thumb Code    24  stm32f4xx_tim.o(.text)
    TIM_ITConfig                             0x0800214d   Thumb Code    18  stm32f4xx_tim.o(.text)
    TIM_GenerateEvent                        0x0800215f   Thumb Code     4  stm32f4xx_tim.o(.text)
    TIM_GetFlagStatus                        0x08002163   Thumb Code    18  stm32f4xx_tim.o(.text)
    TIM_ClearFlag                            0x08002175   Thumb Code     6  stm32f4xx_tim.o(.text)
    TIM_GetITStatus                          0x0800217b   Thumb Code    34  stm32f4xx_tim.o(.text)
    TIM_ClearITPendingBit                    0x0800219d   Thumb Code     6  stm32f4xx_tim.o(.text)
    TIM_DMAConfig                            0x080021a3   Thumb Code    10  stm32f4xx_tim.o(.text)
    TIM_DMACmd                               0x080021ad   Thumb Code    18  stm32f4xx_tim.o(.text)
    TIM_SelectCCDMA                          0x080021bf   Thumb Code    24  stm32f4xx_tim.o(.text)
    TIM_InternalClockConfig                  0x080021d7   Thumb Code    12  stm32f4xx_tim.o(.text)
    TIM_SelectInputTrigger                   0x080021e3   Thumb Code    18  stm32f4xx_tim.o(.text)
    TIM_ITRxExternalClockConfig              0x080021f5   Thumb Code    24  stm32f4xx_tim.o(.text)
    TIM_TIxExternalClockConfig               0x0800220d   Thumb Code    62  stm32f4xx_tim.o(.text)
    TIM_ETRConfig                            0x0800224b   Thumb Code    28  stm32f4xx_tim.o(.text)
    TIM_ETRClockMode1Config                  0x08002267   Thumb Code    54  stm32f4xx_tim.o(.text)
    TIM_ETRClockMode2Config                  0x0800229d   Thumb Code    32  stm32f4xx_tim.o(.text)
    TIM_SelectOutputTrigger                  0x080022bd   Thumb Code    18  stm32f4xx_tim.o(.text)
    TIM_SelectSlaveMode                      0x080022cf   Thumb Code    18  stm32f4xx_tim.o(.text)
    TIM_SelectMasterSlaveMode                0x080022e1   Thumb Code    18  stm32f4xx_tim.o(.text)
    TIM_EncoderInterfaceConfig               0x080022f3   Thumb Code    66  stm32f4xx_tim.o(.text)
    TIM_SelectHallSensor                     0x08002335   Thumb Code    24  stm32f4xx_tim.o(.text)
    TIM_RemapConfig                          0x0800234d   Thumb Code     6  stm32f4xx_tim.o(.text)
    EXTI_DeInit                              0x08002355   Thumb Code    28  stm32f4xx_exti.o(.text)
    EXTI_Init                                0x08002371   Thumb Code   142  stm32f4xx_exti.o(.text)
    EXTI_StructInit                          0x080023ff   Thumb Code    16  stm32f4xx_exti.o(.text)
    EXTI_GenerateSWInterrupt                 0x0800240f   Thumb Code    16  stm32f4xx_exti.o(.text)
    EXTI_GetFlagStatus                       0x0800241f   Thumb Code    22  stm32f4xx_exti.o(.text)
    EXTI_ClearFlag                           0x08002435   Thumb Code     8  stm32f4xx_exti.o(.text)
    EXTI_GetITStatus                         0x0800243d   Thumb Code    22  stm32f4xx_exti.o(.text)
    EXTI_ClearITPendingBit                   0x08002453   Thumb Code     8  stm32f4xx_exti.o(.text)
    ADC_DeInit                               0x08002465   Thumb Code    22  stm32f4xx_adc.o(.text)
    ADC_Init                                 0x0800247b   Thumb Code    74  stm32f4xx_adc.o(.text)
    ADC_StructInit                           0x080024c5   Thumb Code    20  stm32f4xx_adc.o(.text)
    ADC_CommonInit                           0x080024d9   Thumb Code    34  stm32f4xx_adc.o(.text)
    ADC_CommonStructInit                     0x080024fb   Thumb Code    12  stm32f4xx_adc.o(.text)
    ADC_Cmd                                  0x08002507   Thumb Code    22  stm32f4xx_adc.o(.text)
    ADC_AnalogWatchdogCmd                    0x0800251d   Thumb Code    16  stm32f4xx_adc.o(.text)
    ADC_AnalogWatchdogThresholdsConfig       0x0800252d   Thumb Code     6  stm32f4xx_adc.o(.text)
    ADC_AnalogWatchdogSingleChannelConfig    0x08002533   Thumb Code    16  stm32f4xx_adc.o(.text)
    ADC_TempSensorVrefintCmd                 0x08002543   Thumb Code    34  stm32f4xx_adc.o(.text)
    ADC_VBATCmd                              0x08002565   Thumb Code    34  stm32f4xx_adc.o(.text)
    ADC_RegularChannelConfig                 0x08002587   Thumb Code   184  stm32f4xx_adc.o(.text)
    ADC_SoftwareStartConv                    0x0800263f   Thumb Code    10  stm32f4xx_adc.o(.text)
    ADC_GetSoftwareStartConvStatus           0x08002649   Thumb Code    20  stm32f4xx_adc.o(.text)
    ADC_EOCOnEachRegularChannelCmd           0x0800265d   Thumb Code    22  stm32f4xx_adc.o(.text)
    ADC_ContinuousModeCmd                    0x08002673   Thumb Code    22  stm32f4xx_adc.o(.text)
    ADC_DiscModeChannelCountConfig           0x08002689   Thumb Code    24  stm32f4xx_adc.o(.text)
    ADC_DiscModeCmd                          0x080026a1   Thumb Code    22  stm32f4xx_adc.o(.text)
    ADC_GetConversionValue                   0x080026b7   Thumb Code     8  stm32f4xx_adc.o(.text)
    ADC_GetMultiModeConversionValue          0x080026bf   Thumb Code     8  stm32f4xx_adc.o(.text)
    ADC_DMACmd                               0x080026c7   Thumb Code    22  stm32f4xx_adc.o(.text)
    ADC_DMARequestAfterLastTransferCmd       0x080026dd   Thumb Code    22  stm32f4xx_adc.o(.text)
    ADC_MultiModeDMARequestAfterLastTransferCmd 0x080026f3   Thumb Code    34  stm32f4xx_adc.o(.text)
    ADC_InjectedChannelConfig                0x08002715   Thumb Code   130  stm32f4xx_adc.o(.text)
    ADC_InjectedSequencerLengthConfig        0x08002797   Thumb Code    24  stm32f4xx_adc.o(.text)
    ADC_SetInjectedOffset                    0x080027af   Thumb Code    20  stm32f4xx_adc.o(.text)
    ADC_ExternalTrigInjectedConvConfig       0x080027c3   Thumb Code    16  stm32f4xx_adc.o(.text)
    ADC_ExternalTrigInjectedConvEdgeConfig   0x080027d3   Thumb Code    16  stm32f4xx_adc.o(.text)
    ADC_SoftwareStartInjectedConv            0x080027e3   Thumb Code    10  stm32f4xx_adc.o(.text)
    ADC_GetSoftwareStartInjectedConvCmdStatus 0x080027ed   Thumb Code    20  stm32f4xx_adc.o(.text)
    ADC_AutoInjectedConvCmd                  0x08002801   Thumb Code    22  stm32f4xx_adc.o(.text)
    ADC_InjectedDiscModeCmd                  0x08002817   Thumb Code    22  stm32f4xx_adc.o(.text)
    ADC_GetInjectedConversionValue           0x0800282d   Thumb Code    28  stm32f4xx_adc.o(.text)
    ADC_ITConfig                             0x08002849   Thumb Code    56  stm32f4xx_adc.o(.text)
    ADC_GetFlagStatus                        0x08002881   Thumb Code    18  stm32f4xx_adc.o(.text)
    ADC_ClearFlag                            0x08002893   Thumb Code     6  stm32f4xx_adc.o(.text)
    ADC_GetITStatus                          0x08002899   Thumb Code    38  stm32f4xx_adc.o(.text)
    ADC_ClearITPendingBit                    0x080028bf   Thumb Code    10  stm32f4xx_adc.o(.text)
    SysTick_Handler                          0x080028c9   Thumb Code    16  delay.o(.text)
    delay_init                               0x080028d9   Thumb Code    58  delay.o(.text)
    delay_us                                 0x08002913   Thumb Code    68  delay.o(.text)
    delay_ms                                 0x08002957   Thumb Code    60  delay.o(.text)
    delay_xms                                0x08002993   Thumb Code    24  delay.o(.text)
    LED_Init                                 0x080029b5   Thumb Code   112  led.o(.text)
    TIM1_PWM_SET                             0x08002a2d   Thumb Code    82  motor.o(.text)
    TIM1_Config                              0x08002a7f   Thumb Code    96  motor.o(.text)
    TIM1_PWM_Init                            0x08002adf   Thumb Code   146  motor.o(.text)
    TIM8_PWM_SET                             0x08002b71   Thumb Code    44  motor.o(.text)
    TIM8_Config                              0x08002b9d   Thumb Code    74  motor.o(.text)
    TIM8_PWM_Init                            0x08002be7   Thumb Code   140  motor.o(.text)
    Motor_Init                               0x08002c73   Thumb Code    56  motor.o(.text)
    MoveDir                                  0x08002cab   Thumb Code    44  motor.o(.text)
    MoveDown                                 0x08002cd7   Thumb Code    12  motor.o(.text)
    MoveUp                                   0x08002ce3   Thumb Code    12  motor.o(.text)
    EXTIX_Init                               0x08002cef   Thumb Code    74  motor.o(.text)
    MotorFGInit                              0x08002d39   Thumb Code   184  motor.o(.text)
    EXTI15_10_IRQHandler                     0x08002df1   Thumb Code   226  motor.o(.text)
    EXTI9_5_IRQHandler                       0x08002ed3   Thumb Code    44  motor.o(.text)
    MotorEnable                              0x08002eff   Thumb Code    24  motor.o(.text)
    MotorReset                               0x08002f17   Thumb Code    42  motor.o(.text)
    MotorDisable                             0x08002f41   Thumb Code    24  motor.o(.text)
    Tim4IntInit                              0x08002f7d   Thumb Code    80  timer4.o(.text)
    Tim4Enable                               0x08002fcd   Thumb Code    12  timer4.o(.text)
    Tim4Disable                              0x08002fd9   Thumb Code    12  timer4.o(.text)
    TIM4_IRQHandler                          0x08002fe5   Thumb Code    50  timer4.o(.text)
    TIM12_CH1_Cap_Init                       0x08003025   Thumb Code   182  timer12.o(.text)
    TIM8_BRK_TIM12_IRQHandler                0x080030db   Thumb Code    92  timer12.o(.text)
    MotorInit                                0x0800314d   Thumb Code    52  motor_ctrl.o(.text)
    Deceleration                             0x08003181   Thumb Code    16  motor_ctrl.o(.text)
    Acceleration                             0x08003191   Thumb Code    14  motor_ctrl.o(.text)
    SetSpeed                                 0x0800319f   Thumb Code    82  motor_ctrl.o(.text)
    StateCheck                               0x080031f1   Thumb Code   176  motor_ctrl.o(.text)
    MotorVelCalc                             0x080032a1   Thumb Code    52  motor_ctrl.o(.text)
    MotorCtrlManual                          0x080032d5   Thumb Code   420  motor_ctrl.o(.text)
    MotorCtrlAuto                            0x08003479   Thumb Code    10  motor_ctrl.o(.text)
    MotorInitConfig                          0x08003483   Thumb Code    16  motor_ctrl.o(.text)
    DeltaTurnCalc                            0x08003493   Thumb Code   210  motor_ctrl.o(.text)
    MotorSetCmdSpeed                         0x08003565   Thumb Code   196  motor_ctrl.o(.text)
    TIM13_CH1_Cap_Init                       0x08003631   Thumb Code   178  timer13.o(.text)
    TIM8_UP_TIM13_IRQHandler                 0x080036e3   Thumb Code   250  timer13.o(.text)
    Tim5IntInit                              0x0800381d   Thumb Code    80  timer5.o(.text)
    Tim5Enable                               0x0800386d   Thumb Code    12  timer5.o(.text)
    Tim5Disable                              0x08003879   Thumb Code    12  timer5.o(.text)
    TIM5_IRQHandler                          0x08003885   Thumb Code    48  timer5.o(.text)
    Adc_Init                                 0x080038c1   Thumb Code   124  adc.o(.text)
    Get_Adc                                  0x0800393d   Thumb Code    44  adc.o(.text)
    Get_Adc_Average                          0x08003969   Thumb Code    46  adc.o(.text)
    vListInitialise                          0x080039a1   Thumb Code    26  list.o(.text)
    vListInitialiseItem                      0x080039bb   Thumb Code     6  list.o(.text)
    vListInsertEnd                           0x080039c1   Thumb Code    24  list.o(.text)
    vListInsert                              0x080039d9   Thumb Code    52  list.o(.text)
    uxListRemove                             0x08003a0d   Thumb Code    40  list.o(.text)
    xQueueGenericReset                       0x08003a35   Thumb Code   146  queue.o(.text)
    xQueueGenericCreate                      0x08003af1   Thumb Code    90  queue.o(.text)
    xQueueGenericSend                        0x08003c65   Thumb Code   420  queue.o(.text)
    xQueueCreateMutex                        0x08003e27   Thumb Code    34  queue.o(.text)
    xQueueGiveMutexRecursive                 0x08003e49   Thumb Code    78  queue.o(.text)
    xQueueSemaphoreTake                      0x08003ec5   Thumb Code   434  queue.o(.text)
    xQueueTakeMutexRecursive                 0x08004077   Thumb Code    78  queue.o(.text)
    xQueueCreateCountingSemaphore            0x080040c5   Thumb Code    92  queue.o(.text)
    xQueueGenericSendFromISR                 0x08004121   Thumb Code   248  queue.o(.text)
    xQueueGiveFromISR                        0x08004219   Thumb Code   224  queue.o(.text)
    xQueueReceive                            0x08004323   Thumb Code   362  queue.o(.text)
    xQueuePeek                               0x0800448d   Thumb Code   362  queue.o(.text)
    xQueueReceiveFromISR                     0x080045f7   Thumb Code   202  queue.o(.text)
    xQueuePeekFromISR                        0x080046c1   Thumb Code   176  queue.o(.text)
    uxQueueMessagesWaiting                   0x08004771   Thumb Code    42  queue.o(.text)
    uxQueueSpacesAvailable                   0x0800479b   Thumb Code    52  queue.o(.text)
    uxQueueMessagesWaitingFromISR            0x080047cf   Thumb Code    34  queue.o(.text)
    vQueueUnregisterQueue                    0x080047f1   Thumb Code    44  queue.o(.text)
    vQueueDelete                             0x0800481d   Thumb Code    44  queue.o(.text)
    uxQueueGetQueueNumber                    0x08004849   Thumb Code     6  queue.o(.text)
    vQueueSetQueueNumber                     0x0800484f   Thumb Code     4  queue.o(.text)
    ucQueueGetQueueType                      0x08004853   Thumb Code     8  queue.o(.text)
    xQueueIsQueueEmptyFromISR                0x0800485b   Thumb Code    42  queue.o(.text)
    xQueueIsQueueFullFromISR                 0x08004885   Thumb Code    46  queue.o(.text)
    vQueueAddToRegistry                      0x080048b3   Thumb Code    38  queue.o(.text)
    pcQueueGetName                           0x080048d9   Thumb Code    38  queue.o(.text)
    vQueueWaitForMessageRestricted           0x080048ff   Thumb Code    74  queue.o(.text)
    xTaskCreate                              0x08004afb   Thumb Code    96  tasks.o(.text)
    vTaskDelete                              0x08004b97   Thumb Code   202  tasks.o(.text)
    xTaskIncrementTick                       0x08004c61   Thumb Code   358  tasks.o(.text)
    xTaskResumeAll                           0x08004dc7   Thumb Code   224  tasks.o(.text)
    vTaskSuspendAll                          0x08004f23   Thumb Code    12  tasks.o(.text)
    vTaskDelayUntil                          0x08004f2f   Thumb Code   200  tasks.o(.text)
    vTaskDelay                               0x08004ff7   Thumb Code    82  tasks.o(.text)
    eTaskGetState                            0x08005049   Thumb Code   128  tasks.o(.text)
    uxTaskPriorityGet                        0x080050c9   Thumb Code    30  tasks.o(.text)
    uxTaskPriorityGetFromISR                 0x080050e7   Thumb Code    62  tasks.o(.text)
    vTaskPrioritySet                         0x08005125   Thumb Code   324  tasks.o(.text)
    vTaskSwitchContext                       0x08005269   Thumb Code   118  tasks.o(.text)
    vTaskSuspend                             0x080052df   Thumb Code   210  tasks.o(.text)
    vTaskResume                              0x08005401   Thumb Code   128  tasks.o(.text)
    xTaskResumeFromISR                       0x08005481   Thumb Code   158  tasks.o(.text)
    vTaskStartScheduler                      0x0800557b   Thumb Code   192  tasks.o(.text)
    vTaskEndScheduler                        0x0800563b   Thumb Code    32  tasks.o(.text)
    xTaskGetTickCount                        0x0800565b   Thumb Code     6  tasks.o(.text)
    xTaskGetTickCountFromISR                 0x08005661   Thumb Code    16  tasks.o(.text)
    uxTaskGetNumberOfTasks                   0x08005671   Thumb Code     6  tasks.o(.text)
    pcTaskGetName                            0x08005677   Thumb Code    44  tasks.o(.text)
    vTaskGetInfo                             0x080056b9   Thumb Code   126  tasks.o(.text)
    uxTaskGetSystemState                     0x080057a1   Thumb Code   152  tasks.o(.text)
    vTaskPlaceOnEventList                    0x08005839   Thumb Code    52  tasks.o(.text)
    vTaskPlaceOnUnorderedEventList           0x0800586d   Thumb Code   100  tasks.o(.text)
    vTaskPlaceOnEventListRestricted          0x080058d1   Thumb Code    60  tasks.o(.text)
    xTaskRemoveFromEventList                 0x0800590d   Thumb Code   128  tasks.o(.text)
    vTaskRemoveFromUnorderedEventList        0x0800598d   Thumb Code   142  tasks.o(.text)
    vTaskSetTimeOutState                     0x08005a1b   Thumb Code   104  tasks.o(.text)
    vTaskInternalSetTimeOutState             0x08005a83   Thumb Code    14  tasks.o(.text)
    xTaskCheckForTimeOut                     0x08005a91   Thumb Code   132  tasks.o(.text)
    vTaskMissedYield                         0x08005b15   Thumb Code     8  tasks.o(.text)
    uxTaskGetTaskNumber                      0x08005b1d   Thumb Code    14  tasks.o(.text)
    vTaskSetTaskNumber                       0x08005b2b   Thumb Code     8  tasks.o(.text)
    xTaskGetCurrentTaskHandle                0x08005b33   Thumb Code     6  tasks.o(.text)
    xTaskGetSchedulerState                   0x08005b39   Thumb Code    24  tasks.o(.text)
    xTaskPriorityInherit                     0x08005b51   Thumb Code   186  tasks.o(.text)
    xTaskPriorityDisinherit                  0x08005c0b   Thumb Code   188  tasks.o(.text)
    vTaskPriorityDisinheritAfterTimeout      0x08005cc7   Thumb Code   230  tasks.o(.text)
    uxTaskResetEventItemValue                0x08005dad   Thumb Code    24  tasks.o(.text)
    pvTaskIncrementMutexHeldCount            0x08005dc5   Thumb Code    26  tasks.o(.text)
    ulTaskNotifyTake                         0x08005ddf   Thumb Code   108  tasks.o(.text)
    xTaskNotifyWait                          0x08005e4b   Thumb Code   188  tasks.o(.text)
    xTaskGenericNotify                       0x08005f07   Thumb Code   280  tasks.o(.text)
    xTaskGenericNotifyFromISR                0x0800601f   Thumb Code   334  tasks.o(.text)
    vTaskNotifyGiveFromISR                   0x0800616d   Thumb Code   214  tasks.o(.text)
    xTaskNotifyStateClear                    0x08006243   Thumb Code    48  tasks.o(.text)
    xTimerGenericCommand                     0x080062e1   Thumb Code   126  timers.o(.text)
    xTimerCreateTimerTask                    0x08006657   Thumb Code   118  timers.o(.text)
    xTimerCreate                             0x0800671b   Thumb Code    48  timers.o(.text)
    xTimerGetTimerDaemonTaskHandle           0x0800674b   Thumb Code    42  timers.o(.text)
    xTimerGetPeriod                          0x08006775   Thumb Code    32  timers.o(.text)
    xTimerGetExpiryTime                      0x08006795   Thumb Code    34  timers.o(.text)
    pcTimerGetName                           0x080067b7   Thumb Code    32  timers.o(.text)
    xTimerIsTimerActive                      0x080067d7   Thumb Code    62  timers.o(.text)
    pvTimerGetTimerID                        0x08006815   Thumb Code    44  timers.o(.text)
    vTimerSetTimerID                         0x08006841   Thumb Code    44  timers.o(.text)
    uxTimerGetTimerNumber                    0x0800686d   Thumb Code     6  timers.o(.text)
    vTimerSetTimerNumber                     0x08006873   Thumb Code     4  timers.o(.text)
    pxPortInitialiseStack                    0x080068b9   Thumb Code    38  port.o(.text)
    vPortSetupTimerInterrupt                 0x080068df   Thumb Code    36  port.o(.text)
    xPortStartScheduler                      0x08006903   Thumb Code   330  port.o(.text)
    vPortEndScheduler                        0x08006a4d   Thumb Code    42  port.o(.text)
    vPortEnterCritical                       0x08006a77   Thumb Code    78  port.o(.text)
    vPortExitCritical                        0x08006ac5   Thumb Code    56  port.o(.text)
    xPortSysTickHandler                      0x08006afd   Thumb Code    48  port.o(.text)
    vPortValidateInterruptPriority           0x08006b2d   Thumb Code   108  port.o(.text)
    pvPortMalloc                             0x08006c7f   Thumb Code   296  heap_4.o(.text)
    vPortFree                                0x08006da7   Thumb Code   140  heap_4.o(.text)
    xPortGetFreeHeapSize                     0x08006e33   Thumb Code     6  heap_4.o(.text)
    xPortGetMinimumEverFreeHeapSize          0x08006e39   Thumb Code     6  heap_4.o(.text)
    vPortInitialiseBlocks                    0x08006e3f   Thumb Code     2  heap_4.o(.text)
    xMBPortEventInit                         0x08006e59   Thumb Code    10  portevent.o(.text)
    xMBPortEventPost                         0x08006e63   Thumb Code    16  portevent.o(.text)
    xMBPortEventGet                          0x08006e73   Thumb Code    26  portevent.o(.text)
    vMBPortSerialEnable                      0x08006e95   Thumb Code    64  portserial.o(.text)
    xMBPortSerialInit                        0x08006ed5   Thumb Code   170  portserial.o(.text)
    xMBPortSerialPutByte                     0x08006f7f   Thumb Code    16  portserial.o(.text)
    xMBPortSerialGetByte                     0x08006f8f   Thumb Code    16  portserial.o(.text)
    USART1_IRQHandler                        0x08006fb3   Thumb Code    60  portserial.o(.text)
    xMBPortTimersInit                        0x08007001   Thumb Code   112  porttimer.o(.text)
    vMBPortTimersEnable                      0x08007071   Thumb Code    38  porttimer.o(.text)
    vMBPortTimersDisable                     0x08007097   Thumb Code    38  porttimer.o(.text)
    TIM3_IRQHandler                          0x080070c7   Thumb Code    26  porttimer.o(.text)
    eMBInit                                  0x080070e9   Thumb Code   222  mb.o(.text)
    eMBRegisterCB                            0x080071c7   Thumb Code   138  mb.o(.text)
    eMBClose                                 0x08007251   Thumb Code    32  mb.o(.text)
    eMBEnable                                0x08007271   Thumb Code    32  mb.o(.text)
    eMBDisable                               0x08007291   Thumb Code    42  mb.o(.text)
    eMBPoll                                  0x080072bb   Thumb Code   268  mb.o(.text)
    usMBCRC16                                0x08007445   Thumb Code    48  mbcrc.o(.text)
    eMBRTUInit                               0x0800747d   Thumb Code    84  mbrtu.o(.text)
    eMBRTUStart                              0x080074d1   Thumb Code    30  mbrtu.o(.text)
    eMBRTUStop                               0x080074ef   Thumb Code    24  mbrtu.o(.text)
    eMBRTUReceive                            0x08007507   Thumb Code    98  mbrtu.o(.text)
    eMBRTUSend                               0x08007569   Thumb Code   154  mbrtu.o(.text)
    xMBRTUReceiveFSM                         0x08007603   Thumb Code   140  mbrtu.o(.text)
    xMBRTUTransmitFSM                        0x0800768f   Thumb Code   116  mbrtu.o(.text)
    xMBRTUTimerT35Expired                    0x08007703   Thumb Code    96  mbrtu.o(.text)
    eMBASCIIInit                             0x08007809   Thumb Code    68  mbascii.o(.text)
    eMBASCIIStart                            0x0800784d   Thumb Code    32  mbascii.o(.text)
    eMBASCIIStop                             0x0800786d   Thumb Code    24  mbascii.o(.text)
    eMBASCIIReceive                          0x080078a5   Thumb Code    96  mbascii.o(.text)
    eMBASCIISend                             0x08007905   Thumb Code   110  mbascii.o(.text)
    xMBASCIIReceiveFSM                       0x08007999   Thumb Code   296  mbascii.o(.text)
    xMBASCIITransmitFSM                      0x08007aed   Thumb Code   240  mbascii.o(.text)
    xMBASCIITimerT1SExpired                  0x08007bdd   Thumb Code   242  mbascii.o(.text)
    eMBFuncReadCoils                         0x08007cd5   Thumb Code   166  mbfunccoils.o(.text)
    eMBFuncWriteCoil                         0x08007d7b   Thumb Code   108  mbfunccoils.o(.text)
    eMBFuncWriteMultipleCoils                0x08007de7   Thumb Code   142  mbfunccoils.o(.text)
    eMBFuncReadDiscreteInputs                0x08007e75   Thumb Code   164  mbfuncdisc.o(.text)
    eMBFuncWriteHoldingRegister              0x08007f19   Thumb Code    62  mbfuncholding.o(.text)
    eMBFuncWriteMultipleHoldingRegister      0x08007f57   Thumb Code   106  mbfuncholding.o(.text)
    eMBFuncReadHoldingRegister               0x08007fc1   Thumb Code   132  mbfuncholding.o(.text)
    eMBFuncReadWriteMultipleHoldingRegister  0x08008045   Thumb Code   212  mbfuncholding.o(.text)
    eMBFuncReadInputRegister                 0x08008119   Thumb Code   132  mbfuncinput.o(.text)
    eMBSetSlaveID                            0x0800819d   Thumb Code   110  mbfuncother.o(.text)
    eMBFuncReportSlaveID                     0x0800820b   Thumb Code    30  mbfuncother.o(.text)
    xMBUtilSetBits                           0x08008231   Thumb Code   104  mbutils.o(.text)
    xMBUtilGetBits                           0x08008299   Thumb Code    42  mbutils.o(.text)
    prveMBError2Exception                    0x080082c3   Thumb Code    34  mbutils.o(.text)
    eMBRegInputCB                            0x08008321   Thumb Code    68  freemodbus.o(.text)
    eMBRegHoldingCB                          0x08008365   Thumb Code   124  freemodbus.o(.text)
    eMBRegCoilsCB                            0x080083e1   Thumb Code   146  freemodbus.o(.text)
    eMBRegDiscreteCB                         0x08008473   Thumb Code    90  freemodbus.o(.text)
    pid_Init                                 0x080084e5   Thumb Code    42  pid.o(.text)
    pid_Controller                           0x0800850f   Thumb Code   146  pid.o(.text)
    pid_Reset_Integrator                     0x080085a1   Thumb Code     6  pid.o(.text)
    RobotNew                                 0x08008917   Thumb Code    40  robot.o(.text)
    __aeabi_assert                           0x08008981   Thumb Code    84  assert.o(.text)
    __assert                                 0x08008981   Thumb Code     0  assert.o(.text)
    __aeabi_memcpy                           0x080089fd   Thumb Code     0  rt_memcpy_v6.o(.text)
    __rt_memcpy                              0x080089fd   Thumb Code   138  rt_memcpy_v6.o(.text)
    _memcpy_lastbytes                        0x08008a63   Thumb Code     0  rt_memcpy_v6.o(.text)
    __aeabi_memset                           0x08008a87   Thumb Code    16  aeabi_memset.o(.text)
    __use_two_region_memory                  0x08008a97   Thumb Code     2  heapauxi.o(.text)
    __rt_heap_escrow$2region                 0x08008a99   Thumb Code     2  heapauxi.o(.text)
    __rt_heap_expand$2region                 0x08008a9b   Thumb Code     2  heapauxi.o(.text)
    abort                                    0x08008a9d   Thumb Code    16  abort.o(.text)
    __assert_puts                            0x08008aad   Thumb Code    20  assert_puts.o(.text)
    __aeabi_memcpy4                          0x08008ac1   Thumb Code     0  rt_memcpy_w.o(.text)
    __aeabi_memcpy8                          0x08008ac1   Thumb Code     0  rt_memcpy_w.o(.text)
    __rt_memcpy_w                            0x08008ac1   Thumb Code   100  rt_memcpy_w.o(.text)
    _memcpy_lastbytes_aligned                0x08008b09   Thumb Code     0  rt_memcpy_w.o(.text)
    __aeabi_memclr                           0x08008b25   Thumb Code     0  rt_memclr.o(.text)
    __rt_memclr                              0x08008b25   Thumb Code    68  rt_memclr.o(.text)
    _memset                                  0x08008b29   Thumb Code     0  rt_memclr.o(.text)
    _ttywrch                                 0x08008b69   Thumb Code    14  sys_wrch.o(.text)
    _sys_exit                                0x08008b79   Thumb Code     8  sys_exit.o(.text)
    __rt_SIGABRT                             0x08008b85   Thumb Code    14  defsig_abrt_outer.o(.text)
    __aeabi_memclr4                          0x08008b93   Thumb Code     0  rt_memclr_w.o(.text)
    __aeabi_memclr8                          0x08008b93   Thumb Code     0  rt_memclr_w.o(.text)
    __rt_memclr_w                            0x08008b93   Thumb Code    78  rt_memclr_w.o(.text)
    _memset_w                                0x08008b97   Thumb Code     0  rt_memclr_w.o(.text)
    __I$use$semihosting                      0x08008be1   Thumb Code     0  use_no_semi.o(.text)
    __use_no_semihosting_swi                 0x08008be1   Thumb Code     2  use_no_semi.o(.text)
    __semihosting_library_function           0x08008be3   Thumb Code     0  indicate_semi.o(.text)
    __user_setup_stackheap                   0x08008be3   Thumb Code    74  sys_stackheap_outer.o(.text)
    exit                                     0x08008c2d   Thumb Code    12  exit.o(.text)
    __sig_exit                               0x08008c39   Thumb Code    10  defsig_exit.o(.text)
    __rt_SIGABRT_inner                       0x08008c45   Thumb Code    14  defsig_abrt_inner.o(.text)
    __user_libspace                          0x08008c75   Thumb Code     8  libspace.o(.text)
    __user_perproc_libspace                  0x08008c75   Thumb Code     0  libspace.o(.text)
    __user_perthread_libspace                0x08008c75   Thumb Code     0  libspace.o(.text)
    __default_signal_display                 0x08008c7d   Thumb Code    50  defsig_general.o(.text)
    __aeabi_d2f                              0x08008cb1   Thumb Code     0  d2f.o(x$fpl$d2f)
    _d2f                                     0x08008cb1   Thumb Code    98  d2f.o(x$fpl$d2f)
    __aeabi_ddiv                             0x08008d15   Thumb Code     0  ddiv.o(x$fpl$ddiv)
    _ddiv                                    0x08008d15   Thumb Code   552  ddiv.o(x$fpl$ddiv)
    __aeabi_d2iz                             0x08008fc5   Thumb Code     0  dfix.o(x$fpl$dfix)
    _dfix                                    0x08008fc5   Thumb Code    94  dfix.o(x$fpl$dfix)
    __aeabi_d2uiz                            0x08009025   Thumb Code     0  dfixu.o(x$fpl$dfixu)
    _dfixu                                   0x08009025   Thumb Code    90  dfixu.o(x$fpl$dfixu)
    __aeabi_i2d                              0x0800907f   Thumb Code     0  dflt_clz.o(x$fpl$dflt)
    _dflt                                    0x0800907f   Thumb Code    46  dflt_clz.o(x$fpl$dflt)
    __aeabi_ui2d                             0x080090ad   Thumb Code     0  dflt_clz.o(x$fpl$dfltu)
    _dfltu                                   0x080090ad   Thumb Code    38  dflt_clz.o(x$fpl$dfltu)
    __aeabi_dmul                             0x080090d5   Thumb Code     0  dmul.o(x$fpl$dmul)
    _dmul                                    0x080090d5   Thumb Code   332  dmul.o(x$fpl$dmul)
    __fpl_dnaninf                            0x08009229   Thumb Code   156  dnaninf.o(x$fpl$dnaninf)
    __fpl_dretinf                            0x080092c5   Thumb Code    12  dretinf.o(x$fpl$dretinf)
    __aeabi_f2d                              0x080092d1   Thumb Code     0  f2d.o(x$fpl$f2d)
    _f2d                                     0x080092d1   Thumb Code    86  f2d.o(x$fpl$f2d)
    __fpl_fnaninf                            0x08009327   Thumb Code   140  fnaninf.o(x$fpl$fnaninf)
    _fp_init                                 0x080093b3   Thumb Code    10  fpinit.o(x$fpl$fpinit)
    __fplib_config_fpu_vfp                   0x080093bb   Thumb Code     0  fpinit.o(x$fpl$fpinit)
    __fplib_config_pureend_doubles           0x080093bb   Thumb Code     0  fpinit.o(x$fpl$fpinit)
    __fpl_fretinf                            0x080093bd   Thumb Code    10  fretinf.o(x$fpl$fretinf)
    __I$use$fp                               0x080093c6   Number         0  usenofp.o(x$fpl$usenofp)
    kDirUp                                   0x080095c8   Data           1  robot.o(.constdata)
    kDirDown                                 0x080095c9   Data           1  robot.o(.constdata)
    kIdle                                    0x080095ca   Data           1  robot.o(.constdata)
    kCounterCheck                            0x080095cb   Data           1  robot.o(.constdata)
    kChangeDir                               0x080095cc   Data           1  robot.o(.constdata)
    kFirstCheck                              0x080095cd   Data           1  robot.o(.constdata)
    kMotion                                  0x080095ce   Data           1  robot.o(.constdata)
    kStop                                    0x080095cf   Data           1  robot.o(.constdata)
    kDone                                    0x080095d0   Data           1  robot.o(.constdata)
    stop_speed                               0x080095d4   Data           4  robot.o(.constdata)
    Region$$Table$$Base                      0x08009680   Number         0  anon$$obj.o(Region$$Table)
    Region$$Table$$Limit                     0x080096a0   Number         0  anon$$obj.o(Region$$Table)
    StartTask_Handler                        0x20000000   Data           4  main.o(.data)
    ModbusTask_Handler                       0x20000004   Data           4  main.o(.data)
    RobotStateTask_Handler                   0x20000008   Data           4  main.o(.data)
    ADCTask_Handler                          0x2000000c   Data           4  main.o(.data)
    RobotTask_Handler                        0x20000010   Data           4  main.o(.data)
    SystemCoreClock                          0x20000018   Data           4  system_stm32f4xx.o(.data)
    AHBPrescTable                            0x2000001c   Data          16  system_stm32f4xx.o(.data)
    timer5_enabled                           0x20000040   Data           1  motor.o(.data)
    cmd_speed_last_time                      0x20000054   Data           4  motor_ctrl.o(.data)
    cmd_speed_this_time                      0x20000058   Data           4  motor_ctrl.o(.data)
    constant_speed                           0x2000005c   Data           4  motor_ctrl.o(.data)
    constant_speed_setflag                   0x20000060   Data           1  motor_ctrl.o(.data)
    stage_num                                0x20000062   Data           1  motor_ctrl.o(.data)
    pxCurrentTCB                             0x20000074   Data           4  tasks.o(.data)
    pxMBFrameCBByteReceived                  0x20000104   Data           4  mb.o(.data)
    pxMBFrameCBTransmitterEmpty              0x20000108   Data           4  mb.o(.data)
    pxMBPortCBTimerExpired                   0x2000010c   Data           4  mb.o(.data)
    pxMBFrameCBReceiveFSMCur                 0x20000110   Data           4  mb.o(.data)
    pxMBFrameCBTransmitFSMCur                0x20000114   Data           4  mb.o(.data)
    usRegInputBuf                            0x200001c6   Data          32  freemodbus.o(.data)
    usRegInputStart                          0x200001e6   Data           2  freemodbus.o(.data)
    usRegHoldingStart                        0x200001e8   Data           2  freemodbus.o(.data)
    ucRegCoilsBuf                            0x200001ea   Data           2  freemodbus.o(.data)
    ucRegDiscreteBuf                         0x200001ec   Data           2  freemodbus.o(.data)
    cycle_counter                            0x200001f0   Data           4  robot.o(.data)
    cycle_odometer_last_time                 0x200001f4   Data           4  robot.o(.data)
    cycle_odometer_this_time                 0x200001f8   Data           4  robot.o(.data)
    motor_turn                               0x20000200   Data          24  motor.o(.bss)
    delta_turn                               0x20000218   Data          24  motor_ctrl.o(.bss)
    MotorSpeed                               0x20000230   Data          24  motor_ctrl.o(.bss)
    odometer                                 0x20000278   Data          24  motor_ctrl.o(.bss)
    xQueueRegistry                           0x20000290   Data          64  queue.o(.bss)
    ucRTUBuf                                 0x20012fc0   Data         256  mbrtu.o(.bss)
    usRegHoldingBuf                          0x200130e0   Data         512  freemodbus.o(.bss)
    __libspace_start                         0x20013418   Data          96  libspace.o(.bss)
    __temporary_stack_top$libspace           0x20013478   Data           0  libspace.o(.bss)



==============================================================================

Memory Map of the image

  Image Entry point : 0x08000189

  Load Region LR_IROM1 (Base: 0x08000000, Size: 0x000098a0, Max: 0x00080000, ABSOLUTE, COMPRESSED[0x0000971c])

    Execution Region ER_IROM1 (Base: 0x08000000, Size: 0x000096a0, Max: 0x00080000, ABSOLUTE)

    Base Addr    Size         Type   Attr      Idx    E Section Name        Object

    0x08000000   0x00000188   Data   RO          293    RESET               startup_stm32f40_41xxx.o
    0x08000188   0x00000008   Code   RO         1331  * !!!main             c_w.l(__main.o)
    0x08000190   0x00000034   Code   RO         1534    !!!scatter          c_w.l(__scatter.o)
    0x080001c4   0x0000005a   Code   RO         1532    !!dczerorl2         c_w.l(__dczerorl2.o)
    0x0800021e   0x00000002   PAD
    0x08000220   0x0000001c   Code   RO         1536    !!handler_zi        c_w.l(__scatter_zi.o)
    0x0800023c   0x00000002   Code   RO         1418    .ARM.Collect$$libinit$$00000000  c_w.l(libinit.o)
    0x0800023e   0x00000004   Code   RO         1428    .ARM.Collect$$libinit$$00000001  c_w.l(libinit2.o)
    0x08000242   0x00000000   Code   RO         1432    .ARM.Collect$$libinit$$00000008  c_w.l(libinit2.o)
    0x08000242   0x00000000   Code   RO         1434    .ARM.Collect$$libinit$$0000000A  c_w.l(libinit2.o)
    0x08000242   0x00000000   Code   RO         1436    .ARM.Collect$$libinit$$0000000C  c_w.l(libinit2.o)
    0x08000242   0x00000000   Code   RO         1439    .ARM.Collect$$libinit$$0000000F  c_w.l(libinit2.o)
    0x08000242   0x00000000   Code   RO         1441    .ARM.Collect$$libinit$$00000011  c_w.l(libinit2.o)
    0x08000242   0x00000000   Code   RO         1443    .ARM.Collect$$libinit$$00000013  c_w.l(libinit2.o)
    0x08000242   0x00000000   Code   RO         1445    .ARM.Collect$$libinit$$00000015  c_w.l(libinit2.o)
    0x08000242   0x00000000   Code   RO         1447    .ARM.Collect$$libinit$$00000017  c_w.l(libinit2.o)
    0x08000242   0x00000000   Code   RO         1449    .ARM.Collect$$libinit$$00000019  c_w.l(libinit2.o)
    0x08000242   0x00000000   Code   RO         1451    .ARM.Collect$$libinit$$0000001B  c_w.l(libinit2.o)
    0x08000242   0x00000000   Code   RO         1453    .ARM.Collect$$libinit$$0000001D  c_w.l(libinit2.o)
    0x08000242   0x00000000   Code   RO         1455    .ARM.Collect$$libinit$$0000001F  c_w.l(libinit2.o)
    0x08000242   0x00000000   Code   RO         1457    .ARM.Collect$$libinit$$00000021  c_w.l(libinit2.o)
    0x08000242   0x00000000   Code   RO         1459    .ARM.Collect$$libinit$$00000023  c_w.l(libinit2.o)
    0x08000242   0x00000000   Code   RO         1463    .ARM.Collect$$libinit$$0000002A  c_w.l(libinit2.o)
    0x08000242   0x00000000   Code   RO         1465    .ARM.Collect$$libinit$$0000002C  c_w.l(libinit2.o)
    0x08000242   0x00000000   Code   RO         1467    .ARM.Collect$$libinit$$0000002E  c_w.l(libinit2.o)
    0x08000242   0x00000000   Code   RO         1469    .ARM.Collect$$libinit$$00000030  c_w.l(libinit2.o)
    0x08000242   0x00000002   Code   RO         1470    .ARM.Collect$$libinit$$00000031  c_w.l(libinit2.o)
    0x08000244   0x00000002   Code   RO         1506    .ARM.Collect$$libshutdown$$00000000  c_w.l(libshutdown.o)
    0x08000246   0x00000000   Code   RO         1517    .ARM.Collect$$libshutdown$$00000003  c_w.l(libshutdown2.o)
    0x08000246   0x00000000   Code   RO         1520    .ARM.Collect$$libshutdown$$00000006  c_w.l(libshutdown2.o)
    0x08000246   0x00000000   Code   RO         1523    .ARM.Collect$$libshutdown$$00000009  c_w.l(libshutdown2.o)
    0x08000246   0x00000000   Code   RO         1525    .ARM.Collect$$libshutdown$$0000000B  c_w.l(libshutdown2.o)
    0x08000246   0x00000000   Code   RO         1528    .ARM.Collect$$libshutdown$$0000000E  c_w.l(libshutdown2.o)
    0x08000246   0x00000002   Code   RO         1529    .ARM.Collect$$libshutdown$$0000000F  c_w.l(libshutdown2.o)
    0x08000248   0x00000000   Code   RO         1357    .ARM.Collect$$rtentry$$00000000  c_w.l(rtentry.o)
    0x08000248   0x00000000   Code   RO         1380    .ARM.Collect$$rtentry$$00000002  c_w.l(rtentry2.o)
    0x08000248   0x00000006   Code   RO         1392    .ARM.Collect$$rtentry$$00000004  c_w.l(rtentry4.o)
    0x0800024e   0x00000000   Code   RO         1382    .ARM.Collect$$rtentry$$00000009  c_w.l(rtentry2.o)
    0x0800024e   0x00000004   Code   RO         1383    .ARM.Collect$$rtentry$$0000000A  c_w.l(rtentry2.o)
    0x08000252   0x00000000   Code   RO         1385    .ARM.Collect$$rtentry$$0000000C  c_w.l(rtentry2.o)
    0x08000252   0x00000008   Code   RO         1386    .ARM.Collect$$rtentry$$0000000D  c_w.l(rtentry2.o)
    0x0800025a   0x00000002   Code   RO         1422    .ARM.Collect$$rtexit$$00000000  c_w.l(rtexit.o)
    0x0800025c   0x00000000   Code   RO         1472    .ARM.Collect$$rtexit$$00000002  c_w.l(rtexit2.o)
    0x0800025c   0x00000004   Code   RO         1473    .ARM.Collect$$rtexit$$00000003  c_w.l(rtexit2.o)
    0x08000260   0x00000006   Code   RO         1474    .ARM.Collect$$rtexit$$00000004  c_w.l(rtexit2.o)
    0x08000266   0x00000002   PAD
    0x08000268   0x00000010   Code   RO          504    .emb_text           sys.o
    0x08000278   0x000000be   Code   RO          891    .emb_text           port.o
    0x08000336   0x00000002   PAD
    0x08000338   0x0000025c   Code   RO            3    .text               main.o
    0x08000594   0x00000014   Code   RO          218    .text               stm32f4xx_it.o
    0x080005a8   0x00000210   Code   RO          267    .text               system_stm32f4xx.o
    0x080007b8   0x00000040   Code   RO          294    .text               startup_stm32f40_41xxx.o
    0x080007f8   0x000000e0   Code   RO          300    .text               misc.o
    0x080008d8   0x00000294   Code   RO          320    .text               stm32f4xx_gpio.o
    0x08000b6c   0x0000065c   Code   RO          340    .text               stm32f4xx_rcc.o
    0x080011c8   0x00000094   Code   RO          362    .text               stm32f4xx_syscfg.o
    0x0800125c   0x00000454   Code   RO          382    .text               stm32f4xx_usart.o
    0x080016b0   0x00000ca2   Code   RO          402    .text               stm32f4xx_tim.o
    0x08002352   0x00000002   PAD
    0x08002354   0x00000110   Code   RO          442    .text               stm32f4xx_exti.o
    0x08002464   0x00000464   Code   RO          462    .text               stm32f4xx_adc.o
    0x080028c8   0x000000ec   Code   RO          482    .text               delay.o
    0x080029b4   0x00000078   Code   RO          522    .text               led.o
    0x08002a2c   0x00000550   Code   RO          542    .text               motor.o
    0x08002f7c   0x000000a8   Code   RO          606    .text               timer4.o
    0x08003024   0x00000128   Code   RO          637    .text               timer12.o
    0x0800314c   0x000004e4   Code   RO          660    .text               motor_ctrl.o
    0x08003630   0x000001ec   Code   RO          686    .text               timer13.o
    0x0800381c   0x000000a4   Code   RO          709    .text               timer5.o
    0x080038c0   0x000000e0   Code   RO          730    .text               adc.o
    0x080039a0   0x00000094   Code   RO          800    .text               list.o
    0x08003a34   0x00000f18   Code   RO          815    .text               queue.o
    0x0800494c   0x00001944   Code   RO          836    .text               tasks.o
    0x08006290   0x000005ec   Code   RO          858    .text               timers.o
    0x0800687c   0x00000340   Code   RO          892    .text               port.o
    0x08006bbc   0x0000029c   Code   RO          921    .text               heap_4.o
    0x08006e58   0x0000003c   Code   RO          938    .text               portevent.o
    0x08006e94   0x0000016c   Code   RO          960    .text               portserial.o
    0x08007000   0x000000e8   Code   RO          986    .text               porttimer.o
    0x080070e8   0x0000035c   Code   RO         1006    .text               mb.o
    0x08007444   0x00000038   Code   RO         1050    .text               mbcrc.o
    0x0800747c   0x0000038c   Code   RO         1072    .text               mbrtu.o
    0x08007808   0x000004cc   Code   RO         1100    .text               mbascii.o
    0x08007cd4   0x000001a0   Code   RO         1124    .text               mbfunccoils.o
    0x08007e74   0x000000a4   Code   RO         1147    .text               mbfuncdisc.o
    0x08007f18   0x00000200   Code   RO         1167    .text               mbfuncholding.o
    0x08008118   0x00000084   Code   RO         1187    .text               mbfuncinput.o
    0x0800819c   0x00000094   Code   RO         1207    .text               mbfuncother.o
    0x08008230   0x000000f0   Code   RO         1230    .text               mbutils.o
    0x08008320   0x000001c4   Code   RO         1250    .text               freemodbus.o
    0x080084e4   0x000000c8   Code   RO         1274    .text               pid.o
    0x080085ac   0x000003d4   Code   RO         1297    .text               robot.o
    0x08008980   0x0000007c   Code   RO         1323    .text               c_w.l(assert.o)
    0x080089fc   0x0000008a   Code   RO         1325    .text               c_w.l(rt_memcpy_v6.o)
    0x08008a86   0x00000010   Code   RO         1327    .text               c_w.l(aeabi_memset.o)
    0x08008a96   0x00000006   Code   RO         1329    .text               c_w.l(heapauxi.o)
    0x08008a9c   0x00000010   Code   RO         1358    .text               c_w.l(abort.o)
    0x08008aac   0x00000014   Code   RO         1360    .text               c_w.l(assert_puts.o)
    0x08008ac0   0x00000064   Code   RO         1362    .text               c_w.l(rt_memcpy_w.o)
    0x08008b24   0x00000044   Code   RO         1364    .text               c_w.l(rt_memclr.o)
    0x08008b68   0x0000000e   Code   RO         1375    .text               c_w.l(sys_wrch.o)
    0x08008b76   0x00000002   PAD
    0x08008b78   0x0000000c   Code   RO         1377    .text               c_w.l(sys_exit.o)
    0x08008b84   0x0000000e   Code   RO         1394    .text               c_w.l(defsig_abrt_outer.o)
    0x08008b92   0x0000004e   Code   RO         1398    .text               c_w.l(rt_memclr_w.o)
    0x08008be0   0x00000002   Code   RO         1400    .text               c_w.l(use_no_semi.o)
    0x08008be2   0x00000000   Code   RO         1402    .text               c_w.l(indicate_semi.o)
    0x08008be2   0x0000004a   Code   RO         1403    .text               c_w.l(sys_stackheap_outer.o)
    0x08008c2c   0x0000000c   Code   RO         1407    .text               c_w.l(exit.o)
    0x08008c38   0x0000000a   Code   RO         1409    .text               c_w.l(defsig_exit.o)
    0x08008c42   0x00000002   PAD
    0x08008c44   0x00000030   Code   RO         1411    .text               c_w.l(defsig_abrt_inner.o)
    0x08008c74   0x00000008   Code   RO         1419    .text               c_w.l(libspace.o)
    0x08008c7c   0x00000032   Code   RO         1426    .text               c_w.l(defsig_general.o)
    0x08008cae   0x00000002   PAD
    0x08008cb0   0x00000062   Code   RO         1333    x$fpl$d2f           fz_wm.l(d2f.o)
    0x08008d12   0x00000002   PAD
    0x08008d14   0x000002b0   Code   RO         1336    x$fpl$ddiv          fz_wm.l(ddiv.o)
    0x08008fc4   0x0000005e   Code   RO         1339    x$fpl$dfix          fz_wm.l(dfix.o)
    0x08009022   0x00000002   PAD
    0x08009024   0x0000005a   Code   RO         1343    x$fpl$dfixu         fz_wm.l(dfixu.o)
    0x0800907e   0x0000002e   Code   RO         1348    x$fpl$dflt          fz_wm.l(dflt_clz.o)
    0x080090ac   0x00000026   Code   RO         1347    x$fpl$dfltu         fz_wm.l(dflt_clz.o)
    0x080090d2   0x00000002   PAD
    0x080090d4   0x00000154   Code   RO         1353    x$fpl$dmul          fz_wm.l(dmul.o)
    0x08009228   0x0000009c   Code   RO         1366    x$fpl$dnaninf       fz_wm.l(dnaninf.o)
    0x080092c4   0x0000000c   Code   RO         1368    x$fpl$dretinf       fz_wm.l(dretinf.o)
    0x080092d0   0x00000056   Code   RO         1355    x$fpl$f2d           fz_wm.l(f2d.o)
    0x08009326   0x0000008c   Code   RO         1370    x$fpl$fnaninf       fz_wm.l(fnaninf.o)
    0x080093b2   0x0000000a   Code   RO         1482    x$fpl$fpinit        fz_wm.l(fpinit.o)
    0x080093bc   0x0000000a   Code   RO         1372    x$fpl$fretinf       fz_wm.l(fretinf.o)
    0x080093c6   0x00000000   Code   RO         1374    x$fpl$usenofp       fz_wm.l(usenofp.o)
    0x080093c6   0x00000200   Data   RO         1051    .constdata          mbcrc.o
    0x080095c6   0x00000002   PAD
    0x080095c8   0x00000010   Data   RO         1299    .constdata          robot.o
    0x080095d8   0x00000063   Data   RO         1074    .conststring        mbrtu.o
    0x0800963b   0x00000001   PAD
    0x0800963c   0x00000044   Data   RO         1101    .conststring        mbascii.o
    0x08009680   0x00000020   Data   RO         1530    Region$$Table       anon$$obj.o


    Execution Region RW_IRAM1 (Base: 0x20000000, Size: 0x00013a78, Max: 0x00020000, ABSOLUTE, COMPRESSED[0x0000007c])

    Base Addr    Size         Type   Attr      Idx    E Section Name        Object

    0x20000000   0x00000015   Data   RW            5    .data               main.o
    0x20000015   0x00000003   PAD
    0x20000018   0x00000014   Data   RW          268    .data               system_stm32f4xx.o
    0x2000002c   0x00000010   Data   RW          341    .data               stm32f4xx_rcc.o
    0x2000003c   0x00000004   Data   RW          483    .data               delay.o
    0x20000040   0x00000006   Data   RW          544    .data               motor.o
    0x20000046   0x00000001   Data   RW          638    .data               timer12.o
    0x20000047   0x00000001   PAD
    0x20000048   0x0000001b   Data   RW          663    .data               motor_ctrl.o
    0x20000063   0x00000001   PAD
    0x20000064   0x00000010   Data   RW          687    .data               timer13.o
    0x20000074   0x0000003c   Data   RW          838    .data               tasks.o
    0x200000b0   0x00000014   Data   RW          860    .data               timers.o
    0x200000c4   0x0000000c   Data   RW          893    .data               port.o
    0x200000d0   0x00000018   Data   RW          923    .data               heap_4.o
    0x200000e8   0x00000002   Data   RW          939    .data               portevent.o
    0x200000ea   0x00000002   PAD
    0x200000ec   0x000000b5   Data   RW         1007    .data               mb.o
    0x200001a1   0x00000003   PAD
    0x200001a4   0x0000000c   Data   RW         1075    .data               mbrtu.o
    0x200001b0   0x00000014   Data   RW         1102    .data               mbascii.o
    0x200001c4   0x00000002   Data   RW         1209    .data               mbfuncother.o
    0x200001c6   0x00000028   Data   RW         1252    .data               freemodbus.o
    0x200001ee   0x00000002   PAD
    0x200001f0   0x0000000d   Data   RW         1300    .data               robot.o
    0x200001fd   0x00000003   PAD
    0x20000200   0x00000018   Zero   RW          543    .bss                motor.o
    0x20000218   0x00000078   Zero   RW          661    .bss                motor_ctrl.o
    0x20000290   0x00000040   Zero   RW          816    .bss                queue.o
    0x200002d0   0x000000c8   Zero   RW          837    .bss                tasks.o
    0x20000398   0x00000028   Zero   RW          859    .bss                timers.o
    0x200003c0   0x00012c00   Zero   RW          922    .bss                heap_4.o
    0x20012fc0   0x00000100   Zero   RW         1073    .bss                mbrtu.o
    0x200130c0   0x00000020   Zero   RW         1208    .bss                mbfuncother.o
    0x200130e0   0x00000200   Zero   RW         1251    .bss                freemodbus.o
    0x200132e0   0x00000138   Zero   RW         1298    .bss                robot.o
    0x20013418   0x00000060   Zero   RW         1420    .bss                c_w.l(libspace.o)
    0x20013478   0x00000200   Zero   RW          292    HEAP                startup_stm32f40_41xxx.o
    0x20013678   0x00000400   Zero   RW          291    STACK               startup_stm32f40_41xxx.o


==============================================================================

Image component sizes


      Code (inc. data)   RO Data    RW Data    ZI Data      Debug   Object Name

       224         10          0          0          0       1151   adc.o
       236         10          0          4          0       1653   delay.o
         0          0          0          0          0       9380   event_groups.o
       452         24          0         40        512       3012   freemodbus.o
       668         24          0         24      76800       3756   heap_4.o
       120          8          0          0          0        579   led.o
       148          0          0          0          0       1958   list.o
       604        114          0         21          0     313630   main.o
       860        126          0        181          0       4894   mb.o
      1228        184         68         20          0       4869   mbascii.o
        56          8        512          0          0       1264   mbcrc.o
       416          0          0          0          0       3034   mbfunccoils.o
       164          0          0          0          0       1644   mbfuncdisc.o
       512          0          0          0          0       3865   mbfuncholding.o
       132          0          0          0          0       1599   mbfuncinput.o
       148          8          0          2         32       1821   mbfuncother.o
       908        166         99         12        256       3785   mbrtu.o
       240         60          0          0          0       2098   mbutils.o
       224         20          0          0          0       1845   misc.o
      1360         74          0          6         24      33532   motor.o
      1252         88          0         27        120       6290   motor_ctrl.o
       200          6          0          0          0       2327   pid.o
      1022         52          0         12          0       8963   port.o
        60          8          0          2          0       1648   portevent.o
       364         18          0          0          0       2348   portserial.o
       232          8          0          0          0       1289   porttimer.o
      3864         20          0          0         64      20656   queue.o
       980         74         16         13        312       3369   robot.o
        64         26        392          0       1536        852   startup_stm32f40_41xxx.o
      1124         24          0          0          0      10522   stm32f4xx_adc.o
       272         10          0          0          0       2291   stm32f4xx_exti.o
       660         44          0          0          0       4121   stm32f4xx_gpio.o
        20          0          0          0          0        959   stm32f4xx_it.o
      1628         52          0         16          0      12924   stm32f4xx_rcc.o
       148         12          0          0          0       1857   stm32f4xx_syscfg.o
      3234         60          0          0          0      22328   stm32f4xx_tim.o
      1108         34          0          0          0       7824   stm32f4xx_usart.o
        16          0          0          0          0        504   sys.o
       528         46          0         20          0       1819   system_stm32f4xx.o
      6468        340          0         60        200      29231   tasks.o
       296         22          0          1          0       1243   timer12.o
       492         64          0         16          0       1454   timer13.o
       168         14          0          0          0       3738   timer4.o
       164         12          0          0          0       1049   timer5.o
      1516         68          0         20         40      21654   timers.o

    ----------------------------------------------------------------------
     34584       1938       1122        512      79896     570629   Object Totals
         0          0         32          0          0          0   (incl. Generated)
         4          0          3         15          0          0   (incl. Padding)

    ----------------------------------------------------------------------

      Code (inc. data)   RO Data    RW Data    ZI Data      Debug   Library Member Name

        90          0          0          0          0          0   __dczerorl2.o
         8          0          0          0          0         68   __main.o
        52          8          0          0          0          0   __scatter.o
        28          0          0          0          0          0   __scatter_zi.o
        16          0          0          0          0         72   abort.o
        16          0          0          0          0         68   aeabi_memset.o
       124         40          0          0          0         76   assert.o
        20          0          0          0          0         76   assert_puts.o
        48         34          0          0          0         76   defsig_abrt_inner.o
        14          0          0          0          0         80   defsig_abrt_outer.o
        10          0          0          0          0         68   defsig_exit.o
        50          0          0          0          0         88   defsig_general.o
        12          0          0          0          0         72   exit.o
         6          0          0          0          0        152   heapauxi.o
         0          0          0          0          0          0   indicate_semi.o
         2          0          0          0          0          0   libinit.o
         6          0          0          0          0          0   libinit2.o
         2          0          0          0          0          0   libshutdown.o
         2          0          0          0          0          0   libshutdown2.o
         8          4          0          0         96         68   libspace.o
        68          0          0          0          0         68   rt_memclr.o
        78          0          0          0          0         80   rt_memclr_w.o
       138          0          0          0          0         68   rt_memcpy_v6.o
       100          0          0          0          0         80   rt_memcpy_w.o
         0          0          0          0          0          0   rtentry.o
        12          0          0          0          0          0   rtentry2.o
         6          0          0          0          0          0   rtentry4.o
         2          0          0          0          0          0   rtexit.o
        10          0          0          0          0          0   rtexit2.o
        12          4          0          0          0         68   sys_exit.o
        74          0          0          0          0         80   sys_stackheap_outer.o
        14          0          0          0          0         76   sys_wrch.o
         2          0          0          0          0         68   use_no_semi.o
        98          4          0          0          0        140   d2f.o
       688        140          0          0          0        256   ddiv.o
        94          4          0          0          0        140   dfix.o
        90          4          0          0          0        140   dfixu.o
        84          0          0          0          0        232   dflt_clz.o
       340         12          0          0          0        152   dmul.o
       156          4          0          0          0        140   dnaninf.o
        12          0          0          0          0        116   dretinf.o
        86          4          0          0          0        132   f2d.o
       140          4          0          0          0        132   fnaninf.o
        10          0          0          0          0        116   fpinit.o
        10          0          0          0          0        116   fretinf.o
         0          0          0          0          0          0   usenofp.o

    ----------------------------------------------------------------------
      2854        266          0          0         96       3364   Library Totals
        16          0          0          0          0          0   (incl. Padding)

    ----------------------------------------------------------------------

      Code (inc. data)   RO Data    RW Data    ZI Data      Debug   Library Name

      1030         90          0          0         96       1552   c_w.l
      1808        176          0          0          0       1812   fz_wm.l

    ----------------------------------------------------------------------
      2854        266          0          0         96       3364   Library Totals

    ----------------------------------------------------------------------

==============================================================================


      Code (inc. data)   RO Data    RW Data    ZI Data      Debug   

     37438       2204       1122        512      79992     563361   Grand Totals
     37438       2204       1122        124      79992     563361   ELF Image Totals (compressed)
     37438       2204       1122        124          0          0   ROM Totals

==============================================================================

    Total RO  Size (Code + RO Data)                38560 (  37.66kB)
    Total RW  Size (RW Data + ZI Data)             80504 (  78.62kB)
    Total ROM Size (Code + RO Data + RW Data)      38684 (  37.78kB)

==============================================================================

